05-25 10:02:33.690: I/ThermalEngine(230): Sensor:batt_temp:33300 mC
05-25 10:02:34.120: I/XiaomiFirewall(1982): firewall pkgName:com.baidu.BaiduMap, result:0x0
05-25 10:02:34.340: I/XiaomiFirewall(1982): firewall pkgName:com.snail.cdb.ddui, result:0x0
05-25 10:02:34.340: I/UXU(3820): .........
05-25 10:02:34.690: I/ThermalEngine(230): Sensor:batt_temp:33400 mC
05-25 10:02:35.330: E/QCALOG(355): [MessageQ] ProcessNewMessage: [XTWiFi-PE] unknown deliver target [OS-Agent]
05-25 10:02:35.670: D/StatusBar.NetworkController(1112): onSignalStrengthsChanged received on slotId :0signalStrength=SignalStrength: 99 0 -120 -160 -120 -1 -1 17 -108 -9 66 2147483647 2147483647 gsm|lte level=3 cdmdlevel=0 evdolevel=0
05-25 10:02:35.700: I/ThermalEngine(230): Sensor:batt_temp:33300 mC
05-25 10:02:36.070: D/Ulp_jni(1046): Location CB invoked
05-25 10:02:36.300: E/QCALOG(355): [MessageQ] ProcessNewMessage: [XT-CS] unknown deliver target [OS-Agent]
05-25 10:02:36.310: E/QCALOG(355): [MessageQ] ProcessNewMessage: [XTWWAN-PE] unknown deliver target [OS-Agent]
05-25 10:02:36.340: I/XiaomiFirewall(1982): firewall pkgName:com.snail.cdb.ddui, result:0x0
05-25 10:02:36.340: I/XiaomiFirewall(1982): firewall pkgName:com.baidu.BaiduMap, result:0x0
05-25 10:02:36.340: I/UXU(3820): .........
05-25 10:02:36.700: I/ThermalEngine(230): Sensor:batt_temp:33200 mC
05-25 10:02:37.700: I/ThermalEngine(230): Sensor:batt_temp:33200 mC
05-25 10:02:38.340: I/XiaomiFirewall(1982): firewall pkgName:com.snail.cdb.ddui, result:0x0
05-25 10:02:38.340: I/UXU(3820): .........
05-25 10:02:38.450: I/XiaomiFirewall(1982): firewall pkgName:com.baidu.BaiduMap, result:0x0
05-25 10:02:38.710: I/ThermalEngine(230): Sensor:batt_temp:33200 mC
05-25 10:02:39.710: I/ThermalEngine(230): Sensor:batt_temp:33500 mC
05-25 10:02:40.330: E/QCALOG(355): [MessageQ] ProcessNewMessage: [XTWiFi-PE] unknown deliver target [OS-Agent]
05-25 10:02:40.340: I/XiaomiFirewall(1982): firewall pkgName:com.snail.cdb.ddui, result:0x0
05-25 10:02:40.340: I/UXU(3820): .........
05-25 10:02:40.560: I/XiaomiFirewall(1982): firewall pkgName:com.baidu.BaiduMap, result:0x0
05-25 10:02:40.720: I/ThermalEngine(230): Sensor:batt_temp:33500 mC
05-25 10:02:41.300: E/QCALOG(355): [MessageQ] ProcessNewMessage: [XT-CS] unknown deliver target [OS-Agent]
05-25 10:02:41.310: E/QCALOG(355): [MessageQ] ProcessNewMessage: [XTWWAN-PE] unknown deliver target [OS-Agent]
05-25 10:02:41.720: I/ThermalEngine(230): Sensor:batt_temp:33300 mC
05-25 10:02:42.340: I/XiaomiFirewall(1982): firewall pkgName:com.snail.cdb.ddui, result:0x0
05-25 10:02:42.350: I/UXU(3820): .........
05-25 10:02:42.390: D/StatusBar.NetworkController(1112): onSignalStrengthsChanged received on slotId :0signalStrength=SignalStrength: 99 0 -120 -160 -120 -1 -1 18 -107 -10 34 2147483647 2147483647 gsm|lte level=3 cdmdlevel=0 evdolevel=0
05-25 10:02:42.680: I/XiaomiFirewall(1982): firewall pkgName:com.baidu.BaiduMap, result:0x0
05-25 10:02:42.730: I/ThermalEngine(230): Sensor:batt_temp:33300 mC
05-25 10:02:43.730: I/ThermalEngine(230): Sensor:batt_temp:33600 mC
05-25 10:02:44.340: D/dalvikvm(1413): GC_CONCURRENT freed 1938K, 31% free 15572K/22304K, paused 9ms+3ms, total 44ms
05-25 10:02:44.350: I/XiaomiFirewall(1982): firewall pkgName:com.snail.cdb.ddui, result:0x0
05-25 10:02:44.350: I/UXU(3820): .........
05-25 10:02:44.630: D/StatusBar.NetworkController(1112): onSignalStrengthsChanged received on slotId :0signalStrength=SignalStrength: 99 0 -120 -160 -120 -1 -1 18 -108 -10 62 2147483647 2147483647 gsm|lte level=3 cdmdlevel=0 evdolevel=0
05-25 10:02:44.740: I/ThermalEngine(230): Sensor:batt_temp:33400 mC
05-25 10:02:44.740: I/XiaomiFirewall(1982): firewall pkgName:com.baidu.BaiduMap, result:0x0
05-25 10:02:45.330: E/QCALOG(355): [MessageQ] ProcessNewMessage: [XTWiFi-PE] unknown deliver target [OS-Agent]
05-25 10:02:45.740: I/ThermalEngine(230): Sensor:batt_temp:34100 mC
05-25 10:02:46.070: D/Ulp_jni(1046): Location CB invoked
05-25 10:02:46.300: E/QCALOG(355): [MessageQ] ProcessNewMessage: [XT-CS] unknown deliver target [OS-Agent]
05-25 10:02:46.310: E/QCALOG(355): [MessageQ] ProcessNewMessage: [XTWWAN-PE] unknown deliver target [OS-Agent]
05-25 10:02:46.350: I/XiaomiFirewall(1982): firewall pkgName:com.snail.cdb.ddui, result:0x0
05-25 10:02:46.350: I/UXU(3820): .........
05-25 10:02:46.750: I/ThermalEngine(230): Sensor:batt_temp:33300 mC
05-25 10:02:47.400: I/XiaomiFirewall(1982): firewall pkgName:com.baidu.BaiduMap, result:0x0
05-25 10:02:47.440: D/dalvikvm(9956): GC_CONCURRENT freed 1920K, 13% free 19623K/22400K, paused 2ms+3ms, total 38ms
05-25 10:02:47.750: I/ThermalEngine(230): Sensor:batt_temp:33500 mC
05-25 10:02:48.350: I/XiaomiFirewall(1982): firewall pkgName:com.snail.cdb.ddui, result:0x0
05-25 10:02:48.350: I/UXU(3820): .........
05-25 10:02:48.760: I/ThermalEngine(230): Sensor:batt_temp:33500 mC
05-25 10:02:49.520: I/XiaomiFirewall(1982): firewall pkgName:com.baidu.BaiduMap, result:0x0
05-25 10:02:49.760: I/ThermalEngine(230): Sensor:batt_temp:33300 mC
05-25 10:02:50.330: E/QCALOG(355): [MessageQ] ProcessNewMessage: [XTWiFi-PE] unknown deliver target [OS-Agent]
05-25 10:02:50.350: I/XiaomiFirewall(1982): firewall pkgName:com.snail.cdb.ddui, result:0x0
05-25 10:02:50.350: I/UXU(3820): .........
05-25 10:02:50.760: I/ThermalEngine(230): Sensor:batt_temp:33300 mC
05-25 10:02:51.300: E/QCALOG(355): [MessageQ] ProcessNewMessage: [XT-CS] unknown deliver target [OS-Agent]
05-25 10:02:51.310: E/QCALOG(355): [MessageQ] ProcessNewMessage: [XTWWAN-PE] unknown deliver target [OS-Agent]
05-25 10:02:51.350: D/StatusBar.NetworkController(1112): onSignalStrengthsChanged received on slotId :0signalStrength=SignalStrength: 99 0 -120 -160 -120 -1 -1 18 -107 -9 90 2147483647 2147483647 gsm|lte level=3 cdmdlevel=0 evdolevel=0
05-25 10:02:51.620: I/XiaomiFirewall(1982): firewall pkgName:com.baidu.BaiduMap, result:0x0
05-25 10:02:51.770: I/ThermalEngine(230): Sensor:batt_temp:33200 mC
05-25 10:02:52.350: I/XiaomiFirewall(1982): firewall pkgName:com.snail.cdb.ddui, result:0x0
05-25 10:02:52.350: I/UXU(3820): .........
05-25 10:02:52.770: I/ThermalEngine(230): Sensor:batt_temp:33600 mC
05-25 10:02:53.590: D/StatusBar.NetworkController(1112): onSignalStrengthsChanged received on slotId :0signalStrength=SignalStrength: 99 0 -120 -160 -120 -1 -1 18 -108 -9 66 2147483647 2147483647 gsm|lte level=3 cdmdlevel=0 evdolevel=0
05-25 10:02:53.740: I/XiaomiFirewall(1982): firewall pkgName:com.baidu.BaiduMap, result:0x0
05-25 10:02:53.780: I/ThermalEngine(230): Sensor:batt_temp:33400 mC
05-25 10:02:54.350: I/XiaomiFirewall(1982): firewall pkgName:com.snail.cdb.ddui, result:0x0
05-25 10:02:54.350: I/UXU(3820): .........
05-25 10:02:54.780: I/ThermalEngine(230): Sensor:batt_temp:33300 mC
05-25 10:02:55.330: E/QCALOG(355): [MessageQ] ProcessNewMessage: [XTWiFi-PE] unknown deliver target [OS-Agent]
05-25 10:02:55.790: I/ThermalEngine(230): Sensor:batt_temp:33300 mC
05-25 10:02:55.840: I/XiaomiFirewall(1982): firewall pkgName:com.baidu.BaiduMap, result:0x0
05-25 10:02:56.070: D/Ulp_jni(1046): Location CB invoked
05-25 10:02:56.300: E/QCALOG(355): [MessageQ] ProcessNewMessage: [XT-CS] unknown deliver target [OS-Agent]
05-25 10:02:56.310: E/QCALOG(355): [MessageQ] ProcessNewMessage: [XTWWAN-PE] unknown deliver target [OS-Agent]
05-25 10:02:56.350: I/XiaomiFirewall(1982): firewall pkgName:com.snail.cdb.ddui, result:0x0
05-25 10:02:56.350: I/UXU(3820): .........
05-25 10:02:56.800: I/ThermalEngine(230): Sensor:batt_temp:33300 mC
05-25 10:02:57.800: I/ThermalEngine(230): Sensor:batt_temp:33300 mC
05-25 10:02:57.960: I/XiaomiFirewall(1982): firewall pkgName:com.baidu.BaiduMap, result:0x0
05-25 10:02:58.350: I/XiaomiFirewall(1982): firewall pkgName:com.snail.cdb.ddui, result:0x0
05-25 10:02:58.350: I/UXU(3820): .........
05-25 10:02:58.800: I/ThermalEngine(230): Sensor:batt_temp:33300 mC
05-25 10:02:59.810: I/ThermalEngine(230): Sensor:batt_temp:33400 mC
05-25 10:02:59.880: I/XiaomiFirewall(1982): firewall pkgName:com.baidu.BaiduMap, result:0x0
05-25 10:03:00.310: D/StatusBar.NetworkController(1112): onSignalStrengthsChanged received on slotId :0signalStrength=SignalStrength: 99 0 -120 -160 -120 -1 -1 18 -107 -11 18 2147483647 2147483647 gsm|lte level=3 cdmdlevel=0 evdolevel=0
05-25 10:03:00.330: E/QCALOG(355): [MessageQ] ProcessNewMessage: [XTWiFi-PE] unknown deliver target [OS-Agent]
05-25 10:03:00.350: I/XiaomiFirewall(1982): firewall pkgName:com.snail.cdb.ddui, result:0x0
05-25 10:03:00.350: I/UXU(3820): .........
05-25 10:03:00.810: I/ThermalEngine(230): Sensor:batt_temp:33500 mC
05-25 10:03:01.300: E/QCALOG(355): [MessageQ] ProcessNewMessage: [XT-CS] unknown deliver target [OS-Agent]
05-25 10:03:01.310: E/QCALOG(355): [MessageQ] ProcessNewMessage: [XTWWAN-PE] unknown deliver target [OS-Agent]
05-25 10:03:01.820: I/ThermalEngine(230): Sensor:batt_temp:33300 mC
05-25 10:03:01.860: I/TIME(3820): xxxxxxxxx======[-1]
05-25 10:03:02.180: I/XiaomiFirewall(1982): firewall pkgName:com.baidu.BaiduMap, result:0x0
05-25 10:03:02.350: I/XiaomiFirewall(1982): firewall pkgName:com.snail.cdb.ddui, result:0x0
05-25 10:03:02.360: I/UXU(3820): .........
05-25 10:03:02.550: D/StatusBar.NetworkController(1112): onSignalStrengthsChanged received on slotId :0signalStrength=SignalStrength: 99 0 -120 -160 -120 -1 -1 19 -107 -10 36 2147483647 2147483647 gsm|lte level=3 cdmdlevel=0 evdolevel=0
05-25 10:03:02.820: I/ThermalEngine(230): Sensor:batt_temp:33600 mC
05-25 10:03:03.830: I/ThermalEngine(230): Sensor:batt_temp:33300 mC
05-25 10:03:04.300: I/XiaomiFirewall(1982): firewall pkgName:com.baidu.BaiduMap, result:0x0
05-25 10:03:04.360: I/XiaomiFirewall(1982): firewall pkgName:com.snail.cdb.ddui, result:0x0
05-25 10:03:04.370: I/UXU(3820): .........
05-25 10:03:04.830: I/ThermalEngine(230): Sensor:batt_temp:33600 mC
05-25 10:03:05.330: E/QCALOG(355): [MessageQ] ProcessNewMessage: [XTWiFi-PE] unknown deliver target [OS-Agent]
05-25 10:03:05.710: D/PhoneStatusBar(1112): updateNotification pkg=com.qihoo.appstore;id=10012
05-25 10:03:05.740: D/PhoneStatusBar(1112): updateNotification pkg=com.qihoo.appstore;id=10012
05-25 10:03:05.840: I/ThermalEngine(230): Sensor:batt_temp:33600 mC
05-25 10:03:06.070: D/Ulp_jni(1046): Location CB invoked
05-25 10:03:06.300: E/QCALOG(355): [MessageQ] ProcessNewMessage: [XT-CS] unknown deliver target [OS-Agent]
05-25 10:03:06.310: E/QCALOG(355): [MessageQ] ProcessNewMessage: [XTWWAN-PE] unknown deliver target [OS-Agent]
05-25 10:03:06.370: I/XiaomiFirewall(1982): firewall pkgName:com.snail.cdb.ddui, result:0x0
05-25 10:03:06.370: I/UXU(3820): .........
05-25 10:03:06.410: I/XiaomiFirewall(1982): firewall pkgName:com.baidu.BaiduMap, result:0x0
05-25 10:03:06.470: D/StatusBar.NetworkController(1112): onSignalStrengthsChanged received on slotId :0signalStrength=SignalStrength: 99 0 -120 -160 -120 -1 -1 19 -107 -11 10 2147483647 2147483647 gsm|lte level=3 cdmdlevel=0 evdolevel=0
05-25 10:03:06.840: I/ThermalEngine(230): Sensor:batt_temp:33500 mC
05-25 10:03:07.850: I/ThermalEngine(230): Sensor:batt_temp:33300 mC
05-25 10:03:08.370: I/XiaomiFirewall(1982): firewall pkgName:com.snail.cdb.ddui, result:0x0
05-25 10:03:08.370: I/UXU(3820): .........
05-25 10:03:08.380: D/dalvikvm(9855): GC_CONCURRENT freed 1926K, 35% free 14564K/22304K, paused 14ms+5ms, total 58ms
05-25 10:03:08.510: I/XiaomiFirewall(1982): firewall pkgName:com.baidu.BaiduMap, result:0x0
05-25 10:03:08.850: I/ThermalEngine(230): Sensor:batt_temp:33500 mC
05-25 10:03:09.270: D/StatusBar.NetworkController(1112): onSignalStrengthsChanged received on slotId :0signalStrength=SignalStrength: 99 0 -120 -160 -120 -1 -1 17 -108 -10 80 2147483647 2147483647 gsm|lte level=3 cdmdlevel=0 evdolevel=0
05-25 10:03:09.860: I/ThermalEngine(230): Sensor:batt_temp:33300 mC
05-25 10:03:10.330: E/QCALOG(355): [MessageQ] ProcessNewMessage: [XTWiFi-PE] unknown deliver target [OS-Agent]
05-25 10:03:10.370: I/XiaomiFirewall(1982): firewall pkgName:com.snail.cdb.ddui, result:0x0
05-25 10:03:10.370: I/UXU(3820): .........
05-25 10:03:10.510: I/XiaomiFirewall(1982): firewall pkgName:com.baidu.BaiduMap, result:0x0
05-25 10:03:10.860: I/ThermalEngine(230): Sensor:batt_temp:33300 mC
05-25 10:03:11.300: E/QCALOG(355): [MessageQ] ProcessNewMessage: [XT-CS] unknown deliver target [OS-Agent]
05-25 10:03:11.310: E/QCALOG(355): [MessageQ] ProcessNewMessage: [XTWWAN-PE] unknown deliver target [OS-Agent]
05-25 10:03:11.510: D/StatusBar.NetworkController(1112): onSignalStrengthsChanged received on slotId :0signalStrength=SignalStrength: 99 0 -120 -160 -120 -1 -1 18 -108 -11 -18 2147483647 2147483647 gsm|lte level=3 cdmdlevel=0 evdolevel=0
05-25 10:03:11.870: I/ThermalEngine(230): Sensor:batt_temp:33300 mC
05-25 10:03:12.370: I/XiaomiFirewall(1982): firewall pkgName:com.snail.cdb.ddui, result:0x0
05-25 10:03:12.370: I/UXU(3820): .........
05-25 10:03:12.730: I/XiaomiFirewall(1982): firewall pkgName:com.baidu.BaiduMap, result:0x0
05-25 10:03:12.870: I/ThermalEngine(230): Sensor:batt_temp:33400 mC
05-25 10:03:13.870: I/ThermalEngine(230): Sensor:batt_temp:33700 mC
05-25 10:03:14.370: I/XiaomiFirewall(1982): firewall pkgName:com.snail.cdb.ddui, result:0x0
05-25 10:03:14.370: I/UXU(3820): .........
05-25 10:03:14.850: I/XiaomiFirewall(1982): firewall pkgName:com.baidu.BaiduMap, result:0x0
05-25 10:03:14.880: I/ThermalEngine(230): Sensor:batt_temp:33600 mC
05-25 10:03:15.330: E/QCALOG(355): [MessageQ] ProcessNewMessage: [XTWiFi-PE] unknown deliver target [OS-Agent]
05-25 10:03:15.470: D/StatusBar.NetworkController(1112): onSignalStrengthsChanged received on slotId :0signalStrength=SignalStrength: 99 0 -120 -160 -120 -1 -1 18 -107 -9 82 2147483647 2147483647 gsm|lte level=3 cdmdlevel=0 evdolevel=0
05-25 10:03:15.880: I/ThermalEngine(230): Sensor:batt_temp:33300 mC
05-25 10:03:16.070: D/Ulp_jni(1046): Location CB invoked
05-25 10:03:16.300: E/QCALOG(355): [MessageQ] ProcessNewMessage: [XT-CS] unknown deliver target [OS-Agent]
05-25 10:03:16.310: E/QCALOG(355): [MessageQ] ProcessNewMessage: [XTWWAN-PE] unknown deliver target [OS-Agent]
05-25 10:03:16.370: I/XiaomiFirewall(1982): firewall pkgName:com.snail.cdb.ddui, result:0x0
05-25 10:03:16.370: I/UXU(3820): .........
05-25 10:03:16.890: I/ThermalEngine(230): Sensor:batt_temp:33500 mC
05-25 10:03:16.960: I/XiaomiFirewall(1982): firewall pkgName:com.baidu.BaiduMap, result:0x0
05-25 10:03:17.890: I/ThermalEngine(230): Sensor:batt_temp:33600 mC
05-25 10:03:18.230: D/StatusBar.NetworkController(1112): onSignalStrengthsChanged received on slotId :0signalStrength=SignalStrength: 99 0 -120 -160 -120 -1 -1 17 -108 -9 90 2147483647 2147483647 gsm|lte level=3 cdmdlevel=0 evdolevel=0
05-25 10:03:18.370: I/XiaomiFirewall(1982): firewall pkgName:com.snail.cdb.ddui, result:0x0
05-25 10:03:18.370: I/UXU(3820): .........
05-25 10:03:18.900: I/ThermalEngine(230): Sensor:batt_temp:33300 mC
05-25 10:03:19.090: I/XiaomiFirewall(1982): firewall pkgName:com.baidu.BaiduMap, result:0x0
05-25 10:03:19.900: I/ThermalEngine(230): Sensor:batt_temp:33300 mC
05-25 10:03:20.330: E/QCALOG(355): [MessageQ] ProcessNewMessage: [XTWiFi-PE] unknown deliver target [OS-Agent]
05-25 10:03:20.370: I/XiaomiFirewall(1982): firewall pkgName:com.snail.cdb.ddui, result:0x0
05-25 10:03:20.390: I/UXU(3820): .........
05-25 10:03:20.470: D/StatusBar.NetworkController(1112): onSignalStrengthsChanged received on slotId :0signalStrength=SignalStrength: 99 0 -120 -160 -120 -1 -1 18 -107 -9 68 2147483647 2147483647 gsm|lte level=3 cdmdlevel=0 evdolevel=0
05-25 10:03:20.910: I/ThermalEngine(230): Sensor:batt_temp:33400 mC
05-25 10:03:21.130: I/XiaomiFirewall(1982): firewall pkgName:com.baidu.BaiduMap, result:0x0
05-25 10:03:21.280: E/QCALOG(355): [MessageQ] ProcessNewMessage: [LOWI-SERVER] unknown deliver target [OS-Agent]
05-25 10:03:21.300: E/QCALOG(355): [MessageQ] ProcessNewMessage: [XT-CS] unknown deliver target [OS-Agent]
05-25 10:03:21.310: E/QCALOG(355): [MessageQ] ProcessNewMessage: [XTWWAN-PE] unknown deliver target [OS-Agent]
05-25 10:03:21.910: I/ThermalEngine(230): Sensor:batt_temp:33400 mC
05-25 10:03:22.390: I/XiaomiFirewall(1982): firewall pkgName:com.snail.cdb.ddui, result:0x0
05-25 10:03:22.390: I/UXU(3820): .........
05-25 10:03:22.920: I/ThermalEngine(230): Sensor:batt_temp:33500 mC
05-25 10:03:23.300: I/XiaomiFirewall(1982): firewall pkgName:com.baidu.BaiduMap, result:0x0
05-25 10:03:23.920: I/ThermalEngine(230): Sensor:batt_temp:33500 mC
05-25 10:03:24.030: D/dalvikvm(11385): GC_CONCURRENT freed 1968K, 31% free 15447K/22304K, paused 3ms+3ms, total 84ms
05-25 10:03:24.390: I/XiaomiFirewall(1982): firewall pkgName:com.snail.cdb.ddui, result:0x0
05-25 10:03:24.390: I/UXU(3820): .........
05-25 10:03:24.470: D/StatusBar.NetworkController(1112): onSignalStrengthsChanged received on slotId :0signalStrength=SignalStrength: 99 0 -120 -160 -120 -1 -1 18 -108 -13 20 2147483647 2147483647 gsm|lte level=3 cdmdlevel=0 evdolevel=0
05-25 10:03:24.930: I/ThermalEngine(230): Sensor:batt_temp:33400 mC
05-25 10:03:25.330: E/QCALOG(355): [MessageQ] ProcessNewMessage: [XTWiFi-PE] unknown deliver target [OS-Agent]
05-25 10:03:25.410: I/XiaomiFirewall(1982): firewall pkgName:com.baidu.BaiduMap, result:0x0
05-25 10:03:25.930: I/ThermalEngine(230): Sensor:batt_temp:33300 mC
05-25 10:03:26.070: D/Ulp_jni(1046): Location CB invoked
05-25 10:03:26.300: E/QCALOG(355): [MessageQ] ProcessNewMessage: [XT-CS] unknown deliver target [OS-Agent]
05-25 10:03:26.310: E/QCALOG(355): [MessageQ] ProcessNewMessage: [XTWWAN-PE] unknown deliver target [OS-Agent]
05-25 10:03:26.390: I/XiaomiFirewall(1982): firewall pkgName:com.snail.cdb.ddui, result:0x0
05-25 10:03:26.390: I/UXU(3820): .........
05-25 10:03:26.930: I/ThermalEngine(230): Sensor:batt_temp:34000 mC
05-25 10:03:27.200: D/StatusBar.NetworkController(1112): onSignalStrengthsChanged received on slotId :0signalStrength=SignalStrength: 99 0 -120 -160 -120 -1 -1 16 -108 -12 34 2147483647 2147483647 gsm|lte level=3 cdmdlevel=0 evdolevel=0
05-25 10:03:27.520: I/XiaomiFirewall(1982): firewall pkgName:com.baidu.BaiduMap, result:0x0
05-25 10:03:27.940: I/ThermalEngine(230): Sensor:batt_temp:33500 mC
05-25 10:03:28.390: I/XiaomiFirewall(1982): firewall pkgName:com.snail.cdb.ddui, result:0x0
05-25 10:03:28.390: I/UXU(3820): .........
05-25 10:03:28.940: I/ThermalEngine(230): Sensor:batt_temp:33600 mC
05-25 10:03:29.430: D/StatusBar.NetworkController(1112): onSignalStrengthsChanged received on slotId :0signalStrength=SignalStrength: 99 0 -120 -160 -120 -1 -1 16 -108 -11 26 2147483647 2147483647 gsm|lte level=3 cdmdlevel=0 evdolevel=0
05-25 10:03:29.630: I/XiaomiFirewall(1982): firewall pkgName:com.baidu.BaiduMap, result:0x0
05-25 10:03:29.950: I/ThermalEngine(230): Sensor:batt_temp:33500 mC
05-25 10:03:30.340: E/QCALOG(355): [MessageQ] ProcessNewMessage: [XTWiFi-PE] unknown deliver target [OS-Agent]
05-25 10:03:30.390: I/XiaomiFirewall(1982): firewall pkgName:com.snail.cdb.ddui, result:0x0
05-25 10:03:30.390: I/UXU(3820): .........
05-25 10:03:30.950: I/ThermalEngine(230): Sensor:batt_temp:33500 mC
05-25 10:03:31.300: E/QCALOG(355): [MessageQ] ProcessNewMessage: [XT-CS] unknown deliver target [OS-Agent]
05-25 10:03:31.310: E/QCALOG(355): [MessageQ] ProcessNewMessage: [XTWWAN-PE] unknown deliver target [OS-Agent]
05-25 10:03:31.740: I/XiaomiFirewall(1982): firewall pkgName:com.baidu.BaiduMap, result:0x0
05-25 10:03:31.860: I/TIME(3820): xxxxxxxxx======[-1]
05-25 10:03:31.960: I/ThermalEngine(230): Sensor:batt_temp:33500 mC
05-25 10:03:32.390: I/XiaomiFirewall(1982): firewall pkgName:com.snail.cdb.ddui, result:0x0
05-25 10:03:32.390: I/UXU(3820): .........
05-25 10:03:32.960: I/ThermalEngine(230): Sensor:batt_temp:33500 mC
05-25 10:03:33.470: D/StatusBar.NetworkController(1112): onSignalStrengthsChanged received on slotId :0signalStrength=SignalStrength: 99 0 -120 -160 -120 -1 -1 16 -109 -10 66 2147483647 2147483647 gsm|lte level=3 cdmdlevel=0 evdolevel=0
05-25 10:03:33.850: I/XiaomiFirewall(1982): firewall pkgName:com.baidu.BaiduMap, result:0x0
05-25 10:03:33.970: I/ThermalEngine(230): Sensor:batt_temp:33500 mC
05-25 10:03:34.390: I/XiaomiFirewall(1982): firewall pkgName:com.snail.cdb.ddui, result:0x0
05-25 10:03:34.390: I/UXU(3820): .........
05-25 10:03:34.970: I/ThermalEngine(230): Sensor:batt_temp:33500 mC
05-25 10:03:35.340: E/QCALOG(355): [MessageQ] ProcessNewMessage: [XTWiFi-PE] unknown deliver target [OS-Agent]
05-25 10:03:35.430: D/dalvikvm(9956): GC_CONCURRENT freed 1922K, 13% free 19622K/22400K, paused 8ms+5ms, total 52ms
05-25 10:03:35.960: I/XiaomiFirewall(1982): firewall pkgName:com.baidu.BaiduMap, result:0x0
05-25 10:03:35.980: I/ThermalEngine(230): Sensor:batt_temp:33600 mC
05-25 10:03:36.070: D/Ulp_jni(1046): Location CB invoked
05-25 10:03:36.150: D/StatusBar.NetworkController(1112): onSignalStrengthsChanged received on slotId :0signalStrength=SignalStrength: 99 0 -120 -160 -120 -1 -1 16 -109 -10 48 2147483647 2147483647 gsm|lte level=3 cdmdlevel=0 evdolevel=0
05-25 10:03:36.300: E/QCALOG(355): [MessageQ] ProcessNewMessage: [XT-CS] unknown deliver target [OS-Agent]
05-25 10:03:36.310: E/QCALOG(355): [MessageQ] ProcessNewMessage: [XTWWAN-PE] unknown deliver target [OS-Agent]
05-25 10:03:36.390: I/XiaomiFirewall(1982): firewall pkgName:com.snail.cdb.ddui, result:0x0
05-25 10:03:36.390: I/UXU(3820): .........
05-25 10:03:36.980: I/ThermalEngine(230): Sensor:batt_temp:33400 mC
05-25 10:03:37.990: I/ThermalEngine(230): Sensor:batt_temp:33400 mC
05-25 10:03:38.080: I/XiaomiFirewall(1982): firewall pkgName:com.baidu.BaiduMap, result:0x0
05-25 10:03:38.390: D/StatusBar.NetworkController(1112): onSignalStrengthsChanged received on slotId :0signalStrength=SignalStrength: 99 0 -120 -160 -120 -1 -1 16 -109 -10 88 2147483647 2147483647 gsm|lte level=3 cdmdlevel=0 evdolevel=0
05-25 10:03:38.390: I/XiaomiFirewall(1982): firewall pkgName:com.snail.cdb.ddui, result:0x0
05-25 10:03:38.400: I/UXU(3820): .........
05-25 10:03:38.990: I/ThermalEngine(230): Sensor:batt_temp:33500 mC
05-25 10:03:39.990: I/ThermalEngine(230): Sensor:batt_temp:33600 mC
05-25 10:03:40.180: I/XiaomiFirewall(1982): firewall pkgName:com.baidu.BaiduMap, result:0x0
05-25 10:03:40.340: E/QCALOG(355): [MessageQ] ProcessNewMessage: [XTWiFi-PE] unknown deliver target [OS-Agent]
05-25 10:03:40.400: I/XiaomiFirewall(1982): firewall pkgName:com.snail.cdb.ddui, result:0x0
05-25 10:03:40.400: I/UXU(3820): .........
05-25 10:03:41.000: I/ThermalEngine(230): Sensor:batt_temp:33500 mC
05-25 10:03:41.300: E/QCALOG(355): [MessageQ] ProcessNewMessage: [XT-CS] unknown deliver target [OS-Agent]
05-25 10:03:41.310: E/QCALOG(355): [MessageQ] ProcessNewMessage: [XTWWAN-PE] unknown deliver target [OS-Agent]
05-25 10:03:41.410: D/dalvikvm(1413): GC_CONCURRENT freed 1913K, 31% free 15584K/22304K, paused 16ms+5ms, total 52ms
05-25 10:03:42.000: I/ThermalEngine(230): Sensor:batt_temp:33500 mC
05-25 10:03:42.290: I/XiaomiFirewall(1982): firewall pkgName:com.baidu.BaiduMap, result:0x0
05-25 10:03:42.400: I/XiaomiFirewall(1982): firewall pkgName:com.snail.cdb.ddui, result:0x0
05-25 10:03:42.400: I/UXU(3820): .........
05-25 10:03:43.010: I/ThermalEngine(230): Sensor:batt_temp:33600 mC
05-25 10:03:44.010: I/ThermalEngine(230): Sensor:batt_temp:33500 mC
05-25 10:03:44.400: I/XiaomiFirewall(1982): firewall pkgName:com.snail.cdb.ddui, result:0x0
05-25 10:03:44.400: I/UXU(3820): .........
05-25 10:03:44.410: I/XiaomiFirewall(1982): firewall pkgName:com.baidu.BaiduMap, result:0x0
05-25 10:03:45.020: I/ThermalEngine(230): Sensor:batt_temp:33700 mC
05-25 10:03:45.110: D/StatusBar.NetworkController(1112): onSignalStrengthsChanged received on slotId :0signalStrength=SignalStrength: 99 0 -120 -160 -120 -1 -1 16 -110 -11 20 2147483647 2147483647 gsm|lte level=3 cdmdlevel=0 evdolevel=0
05-25 10:03:45.340: E/QCALOG(355): [MessageQ] ProcessNewMessage: [XTWiFi-PE] unknown deliver target [OS-Agent]
05-25 10:03:46.020: I/ThermalEngine(230): Sensor:batt_temp:33500 mC
05-25 10:03:46.070: D/Ulp_jni(1046): Location CB invoked
05-25 10:03:46.300: E/QCALOG(355): [MessageQ] ProcessNewMessage: [XT-CS] unknown deliver target [OS-Agent]
05-25 10:03:46.310: E/QCALOG(355): [MessageQ] ProcessNewMessage: [XTWWAN-PE] unknown deliver target [OS-Agent]
05-25 10:03:46.410: I/XiaomiFirewall(1982): firewall pkgName:com.snail.cdb.ddui, result:0x0
05-25 10:03:46.410: I/UXU(3820): .........
05-25 10:03:46.520: I/XiaomiFirewall(1982): firewall pkgName:com.baidu.BaiduMap, result:0x0
05-25 10:03:47.030: I/ThermalEngine(230): Sensor:batt_temp:33600 mC
05-25 10:03:47.350: D/StatusBar.NetworkController(1112): onSignalStrengthsChanged received on slotId :0signalStrength=SignalStrength: 99 0 -120 -160 -120 -1 -1 16 -110 -10 54 2147483647 2147483647 gsm|lte level=3 cdmdlevel=0 evdolevel=0
05-25 10:03:47.970: D/Event(9956): No subscripers registered for event class com.baidu.mapframework.common.beans.map.OverlayItemClickedEvent
05-25 10:03:47.970: D/Event(9956): No subscripers registered for event class de.greenrobot.event.NoSubscriberEvent
05-25 10:03:48.030: I/ThermalEngine(230): Sensor:batt_temp:34000 mC
05-25 10:03:48.410: I/XiaomiFirewall(1982): firewall pkgName:com.snail.cdb.ddui, result:0x0
05-25 10:03:48.410: I/UXU(3820): .........
05-25 10:03:48.630: I/XiaomiFirewall(1982): firewall pkgName:com.baidu.BaiduMap, result:0x0
05-25 10:03:49.040: I/ThermalEngine(230): Sensor:batt_temp:33700 mC
05-25 10:03:50.040: I/ThermalEngine(230): Sensor:batt_temp:33500 mC
05-25 10:03:50.340: E/QCALOG(355): [MessageQ] ProcessNewMessage: [XTWiFi-PE] unknown deliver target [OS-Agent]
05-25 10:03:50.410: I/XiaomiFirewall(1982): firewall pkgName:com.snail.cdb.ddui, result:0x0
05-25 10:03:50.410: I/UXU(3820): .........
05-25 10:03:50.750: I/XiaomiFirewall(1982): firewall pkgName:com.baidu.BaiduMap, result:0x0
05-25 10:03:51.050: I/ThermalEngine(230): Sensor:batt_temp:33500 mC
05-25 10:03:51.300: E/QCALOG(355): [MessageQ] ProcessNewMessage: [XT-CS] unknown deliver target [OS-Agent]
05-25 10:03:51.310: E/QCALOG(355): [MessageQ] ProcessNewMessage: [XTWWAN-PE] unknown deliver target [OS-Agent]
05-25 10:03:51.470: D/StatusBar.NetworkController(1112): onSignalStrengthsChanged received on slotId :0signalStrength=SignalStrength: 99 0 -120 -160 -120 -1 -1 16 -110 -9 74 2147483647 2147483647 gsm|lte level=3 cdmdlevel=0 evdolevel=0
05-25 10:03:52.050: I/ThermalEngine(230): Sensor:batt_temp:33600 mC
05-25 10:03:52.410: I/XiaomiFirewall(1982): firewall pkgName:com.snail.cdb.ddui, result:0x0
05-25 10:03:52.410: I/UXU(3820): .........
05-25 10:03:52.860: I/XiaomiFirewall(1982): firewall pkgName:com.baidu.BaiduMap, result:0x0
05-25 10:03:53.050: I/ThermalEngine(230): Sensor:batt_temp:33500 mC
05-25 10:03:54.060: I/ThermalEngine(230): Sensor:batt_temp:33500 mC
05-25 10:03:54.410: I/XiaomiFirewall(1982): firewall pkgName:com.snail.cdb.ddui, result:0x0
05-25 10:03:54.410: I/UXU(3820): .........
05-25 10:03:54.970: I/XiaomiFirewall(1982): firewall pkgName:com.baidu.BaiduMap, result:0x0
05-25 10:03:55.060: I/ThermalEngine(230): Sensor:batt_temp:33500 mC
05-25 10:03:55.340: E/QCALOG(355): [MessageQ] ProcessNewMessage: [XTWiFi-PE] unknown deliver target [OS-Agent]
05-25 10:03:55.990: I/PowerKeeperBackgroundService(1605): onStartCommand()
05-25 10:03:55.990: I/PowerKeeperService(1605): onAlarm
05-25 10:03:56.050: I/Timeline(10093): Timeline: Activity_launch_request time:1063312
05-25 10:03:56.050: W/com.android.server.am.ExtraActivityManagerService(1046): Intent or aInfo is null!
05-25 10:03:56.050: I/ActivityManager(1046): START u0 {flg=0x10000000 cmp=com.baidu.BaiduMap/com.baidu.android.pushservice.PushKeepAlive} from pid 10093
05-25 10:03:56.070: D/Ulp_jni(1046): Location CB invoked
05-25 10:03:56.070: I/ThermalEngine(230): Sensor:batt_temp:33700 mC
05-25 10:03:56.300: E/QCALOG(355): [MessageQ] ProcessNewMessage: [XT-CS] unknown deliver target [OS-Agent]
05-25 10:03:56.310: D/StatusBar.NetworkController(1112): onSignalStrengthsChanged received on slotId :0signalStrength=SignalStrength: 99 0 -120 -160 -120 -1 -1 16 -111 -10 62 2147483647 2147483647 gsm|lte level=2 cdmdlevel=0 evdolevel=0
05-25 10:03:56.310: E/QCALOG(355): [MessageQ] ProcessNewMessage: [XTWWAN-PE] unknown deliver target [OS-Agent]
05-25 10:03:56.410: I/XiaomiFirewall(1982): firewall pkgName:com.snail.cdb.ddui, result:0x0
05-25 10:03:56.410: I/UXU(3820): .........
05-25 10:03:56.840: D/dalvikvm(11475): GC_CONCURRENT freed 7517K, 35% free 14661K/22304K, paused 9ms+2ms, total 62ms
05-25 10:03:57.040: I/XiaomiFirewall(1982): firewall pkgName:com.baidu.BaiduMap, result:0x0
05-25 10:03:57.070: I/ThermalEngine(230): Sensor:batt_temp:33600 mC
05-25 10:03:57.090: I/XiaomiFirewall(1982): firewall pkgName:com.baidu.BaiduMap, result:0x0
05-25 10:03:58.080: I/ThermalEngine(230): Sensor:batt_temp:33400 mC
05-25 10:03:58.410: I/XiaomiFirewall(1982): firewall pkgName:com.snail.cdb.ddui, result:0x0
05-25 10:03:58.410: I/UXU(3820): .........
05-25 10:03:59.080: I/ThermalEngine(230): Sensor:batt_temp:33500 mC
05-25 10:03:59.200: I/XiaomiFirewall(1982): firewall pkgName:com.baidu.BaiduMap, result:0x0
05-25 10:04:00.090: I/ThermalEngine(230): Sensor:batt_temp:33800 mC
05-25 10:04:00.340: E/QCALOG(355): [MessageQ] ProcessNewMessage: [XTWiFi-PE] unknown deliver target [OS-Agent]
05-25 10:04:00.410: I/XiaomiFirewall(1982): firewall pkgName:com.snail.cdb.ddui, result:0x0
05-25 10:04:00.410: I/UXU(3820): .........
05-25 10:04:01.090: I/ThermalEngine(230): Sensor:batt_temp:33500 mC
05-25 10:04:01.310: E/QCALOG(355): [MessageQ] ProcessNewMessage: [XT-CS] unknown deliver target [OS-Agent]
05-25 10:04:01.310: I/XiaomiFirewall(1982): firewall pkgName:com.baidu.BaiduMap, result:0x0
05-25 10:04:01.310: E/QCALOG(355): [MessageQ] ProcessNewMessage: [XTWWAN-PE] unknown deliver target [OS-Agent]
05-25 10:04:01.860: I/TIME(3820): xxxxxxxxx======[-1]
05-25 10:04:02.100: I/ThermalEngine(230): Sensor:batt_temp:33700 mC
05-25 10:04:02.410: I/XiaomiFirewall(1982): firewall pkgName:com.snail.cdb.ddui, result:0x0
05-25 10:04:02.410: I/UXU(3820): .........
05-25 10:04:03.100: I/ThermalEngine(230): Sensor:batt_temp:33500 mC
05-25 10:04:03.430: I/XiaomiFirewall(1982): firewall pkgName:com.baidu.BaiduMap, result:0x0
05-25 10:04:04.110: I/ThermalEngine(230): Sensor:batt_temp:33500 mC
05-25 10:04:04.410: I/XiaomiFirewall(1982): firewall pkgName:com.snail.cdb.ddui, result:0x0
05-25 10:04:04.410: I/UXU(3820): .........
05-25 10:04:05.110: I/ThermalEngine(230): Sensor:batt_temp:33600 mC
05-25 10:04:05.340: E/QCALOG(355): [MessageQ] ProcessNewMessage: [XTWiFi-PE] unknown deliver target [OS-Agent]
05-25 10:04:05.540: I/XiaomiFirewall(1982): firewall pkgName:com.baidu.BaiduMap, result:0x0
05-25 10:04:05.700: D/PhoneStatusBar(1112): updateNotification pkg=com.qihoo.appstore;id=10012
05-25 10:04:05.710: D/PhoneStatusBar(1112): updateNotification pkg=com.qihoo.appstore;id=10012
05-25 10:04:06.070: D/Ulp_jni(1046): Location CB invoked
05-25 10:04:06.120: I/ThermalEngine(230): Sensor:batt_temp:33600 mC
05-25 10:04:06.300: E/QCALOG(355): [MessageQ] ProcessNewMessage: [XT-CS] unknown deliver target [OS-Agent]
05-25 10:04:06.310: E/QCALOG(355): [MessageQ] ProcessNewMessage: [XTWWAN-PE] unknown deliver target [OS-Agent]
05-25 10:04:06.410: I/XiaomiFirewall(1982): firewall pkgName:com.snail.cdb.ddui, result:0x0
05-25 10:04:06.410: I/UXU(3820): .........
05-25 10:04:07.120: I/ThermalEngine(230): Sensor:batt_temp:33900 mC
05-25 10:04:07.640: I/XiaomiFirewall(1982): firewall pkgName:com.baidu.BaiduMap, result:0x0
05-25 10:04:08.130: I/ThermalEngine(230): Sensor:batt_temp:33500 mC
05-25 10:04:08.410: I/XiaomiFirewall(1982): firewall pkgName:com.snail.cdb.ddui, result:0x0
05-25 10:04:08.410: I/UXU(3820): .........
05-25 10:04:09.130: I/ThermalEngine(230): Sensor:batt_temp:33600 mC
05-25 10:04:09.480: D/StatusBar.NetworkController(1112): onSignalStrengthsChanged received on slotId :0signalStrength=SignalStrength: 99 0 -120 -160 -120 -1 -1 17 -109 -10 66 2147483647 2147483647 gsm|lte level=3 cdmdlevel=0 evdolevel=0
05-25 10:04:09.750: I/XiaomiFirewall(1982): firewall pkgName:com.baidu.BaiduMap, result:0x0
05-25 10:04:10.130: I/ThermalEngine(230): Sensor:batt_temp:33600 mC
05-25 10:04:10.340: E/QCALOG(355): [MessageQ] ProcessNewMessage: [XTWiFi-PE] unknown deliver target [OS-Agent]
05-25 10:04:10.410: I/XiaomiFirewall(1982): firewall pkgName:com.snail.cdb.ddui, result:0x0
05-25 10:04:10.410: I/UXU(3820): .........
05-25 10:04:11.140: I/ThermalEngine(230): Sensor:batt_temp:33800 mC
05-25 10:04:11.300: E/QCALOG(355): [MessageQ] ProcessNewMessage: [XT-CS] unknown deliver target [OS-Agent]
05-25 10:04:11.310: E/QCALOG(355): [MessageQ] ProcessNewMessage: [XTWWAN-PE] unknown deliver target [OS-Agent]
05-25 10:04:11.860: I/XiaomiFirewall(1982): firewall pkgName:com.baidu.BaiduMap, result:0x0
05-25 10:04:11.990: D/StatusBar.NetworkController(1112): onSignalStrengthsChanged received on slotId :0signalStrength=SignalStrength: 99 0 -120 -160 -120 -1 -1 15 -111 -9 90 2147483647 2147483647 gsm|lte level=2 cdmdlevel=0 evdolevel=0
05-25 10:04:12.140: I/ThermalEngine(230): Sensor:batt_temp:33700 mC
05-25 10:04:12.410: I/XiaomiFirewall(1982): firewall pkgName:com.snail.cdb.ddui, result:0x0
05-25 10:04:12.410: I/UXU(3820): .........
05-25 10:04:13.150: I/ThermalEngine(230): Sensor:batt_temp:33600 mC
05-25 10:04:13.980: I/XiaomiFirewall(1982): firewall pkgName:com.baidu.BaiduMap, result:0x0
05-25 10:04:14.150: I/ThermalEngine(230): Sensor:batt_temp:33800 mC
05-25 10:04:14.230: D/StatusBar.NetworkController(1112): onSignalStrengthsChanged received on slotId :0signalStrength=SignalStrength: 99 0 -120 -160 -120 -1 -1 18 -107 -9 72 2147483647 2147483647 gsm|lte level=3 cdmdlevel=0 evdolevel=0
05-25 10:04:14.410: I/XiaomiFirewall(1982): firewall pkgName:com.snail.cdb.ddui, result:0x0
05-25 10:04:14.410: I/UXU(3820): .........
05-25 10:04:15.160: I/ThermalEngine(230): Sensor:batt_temp:33600 mC
05-25 10:04:15.340: E/QCALOG(355): [MessageQ] ProcessNewMessage: [XTWiFi-PE] unknown deliver target [OS-Agent]
05-25 10:04:16.070: D/Ulp_jni(1046): Location CB invoked
05-25 10:04:16.090: I/XiaomiFirewall(1982): firewall pkgName:com.baidu.BaiduMap, result:0x0
05-25 10:04:16.160: I/ThermalEngine(230): Sensor:batt_temp:33500 mC
05-25 10:04:16.300: E/QCALOG(355): [MessageQ] ProcessNewMessage: [XT-CS] unknown deliver target [OS-Agent]
05-25 10:04:16.310: E/QCALOG(355): [MessageQ] ProcessNewMessage: [XTWWAN-PE] unknown deliver target [OS-Agent]
05-25 10:04:16.410: I/XiaomiFirewall(1982): firewall pkgName:com.snail.cdb.ddui, result:0x0
05-25 10:04:16.420: I/UXU(3820): .........
05-25 10:04:17.170: I/ThermalEngine(230): Sensor:batt_temp:33700 mC
05-25 10:04:18.170: I/ThermalEngine(230): Sensor:batt_temp:33600 mC
05-25 10:04:18.200: I/XiaomiFirewall(1982): firewall pkgName:com.baidu.BaiduMap, result:0x0
05-25 10:04:18.420: I/XiaomiFirewall(1982): firewall pkgName:com.snail.cdb.ddui, result:0x0
05-25 10:04:18.420: I/UXU(3820): .........
05-25 10:04:18.480: D/StatusBar.NetworkController(1112): onSignalStrengthsChanged received on slotId :0signalStrength=SignalStrength: 99 0 -120 -160 -120 -1 -1 18 -106 -10 38 2147483647 2147483647 gsm|lte level=3 cdmdlevel=0 evdolevel=0
05-25 10:04:19.180: I/ThermalEngine(230): Sensor:batt_temp:33500 mC
05-25 10:04:20.180: I/ThermalEngine(230): Sensor:batt_temp:33600 mC
05-25 10:04:20.310: I/XiaomiFirewall(1982): firewall pkgName:com.baidu.BaiduMap, result:0x0
05-25 10:04:20.340: E/QCALOG(355): [MessageQ] ProcessNewMessage: [XTWiFi-PE] unknown deliver target [OS-Agent]
05-25 10:04:20.420: I/XiaomiFirewall(1982): firewall pkgName:com.snail.cdb.ddui, result:0x0
05-25 10:04:20.420: I/UXU(3820): .........
05-25 10:04:20.950: D/StatusBar.NetworkController(1112): onSignalStrengthsChanged received on slotId :0signalStrength=SignalStrength: 99 0 -120 -160 -120 -1 -1 17 -108 -9 86 2147483647 2147483647 gsm|lte level=3 cdmdlevel=0 evdolevel=0
05-25 10:04:21.190: I/ThermalEngine(230): Sensor:batt_temp:33500 mC
05-25 10:04:21.280: E/QCALOG(355): [MessageQ] ProcessNewMessage: [LOWI-SERVER] unknown deliver target [OS-Agent]
05-25 10:04:21.300: E/QCALOG(355): [MessageQ] ProcessNewMessage: [XT-CS] unknown deliver target [OS-Agent]
05-25 10:04:21.310: E/QCALOG(355): [MessageQ] ProcessNewMessage: [XTWWAN-PE] unknown deliver target [OS-Agent]
05-25 10:04:22.190: I/ThermalEngine(230): Sensor:batt_temp:33600 mC
05-25 10:04:22.420: I/XiaomiFirewall(1982): firewall pkgName:com.snail.cdb.ddui, result:0x0
05-25 10:04:22.420: I/UXU(3820): .........
05-25 10:04:22.420: I/XiaomiFirewall(1982): firewall pkgName:com.baidu.BaiduMap, result:0x0
05-25 10:04:22.690: D/dalvikvm(9956): GC_CONCURRENT freed 1919K, 13% free 19632K/22400K, paused 8ms+3ms, total 134ms
05-25 10:04:23.190: I/ThermalEngine(230): Sensor:batt_temp:33800 mC
05-25 10:04:24.200: I/ThermalEngine(230): Sensor:batt_temp:33600 mC
05-25 10:04:24.420: I/XiaomiFirewall(1982): firewall pkgName:com.snail.cdb.ddui, result:0x0
05-25 10:04:24.420: I/UXU(3820): .........
05-25 10:04:24.540: I/XiaomiFirewall(1982): firewall pkgName:com.baidu.BaiduMap, result:0x0
05-25 10:04:25.200: I/ThermalEngine(230): Sensor:batt_temp:33500 mC
05-25 10:04:25.340: E/QCALOG(355): [MessageQ] ProcessNewMessage: [XTWiFi-PE] unknown deliver target [OS-Agent]
05-25 10:04:26.070: D/Ulp_jni(1046): Location CB invoked
05-25 10:04:26.210: I/ThermalEngine(230): Sensor:batt_temp:33600 mC
05-25 10:04:26.300: E/QCALOG(355): [MessageQ] ProcessNewMessage: [XT-CS] unknown deliver target [OS-Agent]
05-25 10:04:26.310: E/QCALOG(355): [MessageQ] ProcessNewMessage: [XTWWAN-PE] unknown deliver target [OS-Agent]
05-25 10:04:26.440: I/XiaomiFirewall(1982): firewall pkgName:com.snail.cdb.ddui, result:0x0
05-25 10:04:26.450: I/UXU(3820): .........
05-25 10:04:26.640: I/XiaomiFirewall(1982): firewall pkgName:com.baidu.BaiduMap, result:0x0
05-25 10:04:27.210: I/ThermalEngine(230): Sensor:batt_temp:33500 mC
05-25 10:04:27.490: D/StatusBar.NetworkController(1112): onSignalStrengthsChanged received on slotId :0signalStrength=SignalStrength: 99 0 -120 -160 -120 -1 -1 17 -106 -9 102 2147483647 2147483647 gsm|lte level=3 cdmdlevel=0 evdolevel=0
05-25 10:04:28.220: I/ThermalEngine(230): Sensor:batt_temp:33600 mC
05-25 10:04:28.450: I/XiaomiFirewall(1982): firewall pkgName:com.snail.cdb.ddui, result:0x0
05-25 10:04:28.450: I/UXU(3820): .........
05-25 10:04:28.760: I/XiaomiFirewall(1982): firewall pkgName:com.baidu.BaiduMap, result:0x0
05-25 10:04:29.220: I/ThermalEngine(230): Sensor:batt_temp:33600 mC
05-25 10:04:29.910: D/StatusBar.NetworkController(1112): onSignalStrengthsChanged received on slotId :0signalStrength=SignalStrength: 99 0 -120 -160 -120 -1 -1 17 -108 -10 48 2147483647 2147483647 gsm|lte level=3 cdmdlevel=0 evdolevel=0
05-25 10:04:30.230: I/ThermalEngine(230): Sensor:batt_temp:33600 mC
05-25 10:04:30.340: E/QCALOG(355): [MessageQ] ProcessNewMessage: [XTWiFi-PE] unknown deliver target [OS-Agent]
05-25 10:04:30.450: I/XiaomiFirewall(1982): firewall pkgName:com.snail.cdb.ddui, result:0x0
05-25 10:04:30.450: I/UXU(3820): .........
05-25 10:04:30.870: I/XiaomiFirewall(1982): firewall pkgName:com.baidu.BaiduMap, result:0x0
05-25 10:04:31.230: I/ThermalEngine(230): Sensor:batt_temp:33700 mC
05-25 10:04:31.300: E/QCALOG(355): [MessageQ] ProcessNewMessage: [XT-CS] unknown deliver target [OS-Agent]
05-25 10:04:31.310: E/QCALOG(355): [MessageQ] ProcessNewMessage: [XTWWAN-PE] unknown deliver target [OS-Agent]
05-25 10:04:31.870: I/TIME(3820): xxxxxxxxx======[-1]
05-25 10:04:32.150: D/StatusBar.NetworkController(1112): onSignalStrengthsChanged received on slotId :0signalStrength=SignalStrength: 99 0 -120 -160 -120 -1 -1 17 -107 -9 66 2147483647 2147483647 gsm|lte level=3 cdmdlevel=0 evdolevel=0
05-25 10:04:32.240: I/ThermalEngine(230): Sensor:batt_temp:33600 mC
05-25 10:04:32.450: I/XiaomiFirewall(1982): firewall pkgName:com.snail.cdb.ddui, result:0x0
05-25 10:04:32.450: I/UXU(3820): .........
05-25 10:04:32.980: I/XiaomiFirewall(1982): firewall pkgName:com.baidu.BaiduMap, result:0x0
05-25 10:04:33.240: I/ThermalEngine(230): Sensor:batt_temp:33700 mC
05-25 10:04:34.240: I/ThermalEngine(230): Sensor:batt_temp:33700 mC
05-25 10:04:34.400: I/XiaomiFirewall(1982): firewall pkgName:com.baidu.BaiduMap, result:0x0
05-25 10:04:34.450: I/XiaomiFirewall(1982): firewall pkgName:com.snail.cdb.ddui, result:0x0
05-25 10:04:34.450: I/UXU(3820): .........
05-25 10:04:35.250: I/ThermalEngine(230): Sensor:batt_temp:33600 mC
05-25 10:04:35.340: E/QCALOG(355): [MessageQ] ProcessNewMessage: [XTWiFi-PE] unknown deliver target [OS-Agent]
05-25 10:04:36.070: D/Ulp_jni(1046): Location CB invoked
05-25 10:04:36.250: I/ThermalEngine(230): Sensor:batt_temp:33700 mC
05-25 10:04:36.300: E/QCALOG(355): [MessageQ] ProcessNewMessage: [XT-CS] unknown deliver target [OS-Agent]
05-25 10:04:36.310: E/QCALOG(355): [MessageQ] ProcessNewMessage: [XTWWAN-PE] unknown deliver target [OS-Agent]
05-25 10:04:36.450: I/XiaomiFirewall(1982): firewall pkgName:com.snail.cdb.ddui, result:0x0
05-25 10:04:36.450: I/UXU(3820): .........
05-25 10:04:36.510: I/XiaomiFirewall(1982): firewall pkgName:com.baidu.BaiduMap, result:0x0
05-25 10:04:36.510: I/TrafficManageService(1982): mina mTrafficStatsReceiver onReceive
05-25 10:04:36.510: W/ContextImpl(1982): Calling a method in the system process without a qualified user: android.app.ContextImpl.sendBroadcast:1173 android.content.ContextWrapper.sendBroadcast:365 com.miui.networkassistant.service.tm.TrafficManageService.broadCastDataUsageUpdated:828 com.miui.networkassistant.service.tm.TrafficManageService$8.onReceive:1061 android.app.LoadedApk$ReceiverDispatcher$Args.run:761
05-25 10:04:36.520: D/ConnectivityServiceHSM(1046): Actual State: DefaultConnectivityState, Current State: DefaultConnectivityState.processMessage what=112
05-25 10:04:36.520: D/ConnectivityServiceHSM(1046): Actual State: DefaultConnectivityState, Current State: DefaultConnectivityState.processMessage what=112
05-25 10:04:36.520: D/ConnectivityServiceHSM(1046): Actual State: DefaultConnectivityState, Current State: DefaultConnectivityState.processMessage what=112
05-25 10:04:36.520: D/ConnectivityServiceHSM(1046): Actual State: DefaultConnectivityState, Current State: DefaultConnectivityState.processMessage what=112
05-25 10:04:36.520: D/MobileDataStateTracker(1046): default: setPolicyDataEnable(enabled=true)
05-25 10:04:37.260: I/ThermalEngine(230): Sensor:batt_temp:33600 mC
05-25 10:04:38.260: I/ThermalEngine(230): Sensor:batt_temp:33600 mC
05-25 10:04:38.460: I/XiaomiFirewall(1982): firewall pkgName:com.snail.cdb.ddui, result:0x0
05-25 10:04:38.460: I/UXU(3820): .........
05-25 10:04:38.620: I/XiaomiFirewall(1982): firewall pkgName:com.baidu.BaiduMap, result:0x0
05-25 10:04:38.870: D/StatusBar.NetworkController(1112): onSignalStrengthsChanged received on slotId :0signalStrength=SignalStrength: 99 0 -120 -160 -120 -1 -1 18 -108 -11 46 2147483647 2147483647 gsm|lte level=3 cdmdlevel=0 evdolevel=0
05-25 10:04:39.040: D/dalvikvm(1046): GC_CONCURRENT freed 3020K, 13% free 26557K/30224K, paused 26ms+8ms, total 164ms
05-25 10:04:39.270: I/ThermalEngine(230): Sensor:batt_temp:33600 mC
05-25 10:04:40.270: I/ThermalEngine(230): Sensor:batt_temp:33500 mC
05-25 10:04:40.340: E/QCALOG(355): [MessageQ] ProcessNewMessage: [XTWiFi-PE] unknown deliver target [OS-Agent]
05-25 10:04:40.460: I/XiaomiFirewall(1982): firewall pkgName:com.snail.cdb.ddui, result:0x0
05-25 10:04:40.460: I/UXU(3820): .........
05-25 10:04:40.740: I/XiaomiFirewall(1982): firewall pkgName:com.baidu.BaiduMap, result:0x0
05-25 10:04:41.110: D/StatusBar.NetworkController(1112): onSignalStrengthsChanged received on slotId :0signalStrength=SignalStrength: 99 0 -120 -160 -120 -1 -1 18 -104 -8 116 2147483647 2147483647 gsm|lte level=4 cdmdlevel=0 evdolevel=0
05-25 10:04:41.280: I/ThermalEngine(230): Sensor:batt_temp:33700 mC
05-25 10:04:41.300: E/QCALOG(355): [MessageQ] ProcessNewMessage: [XT-CS] unknown deliver target [OS-Agent]
05-25 10:04:41.310: E/QCALOG(355): [MessageQ] ProcessNewMessage: [XTWWAN-PE] unknown deliver target [OS-Agent]
05-25 10:04:42.280: I/ThermalEngine(230): Sensor:batt_temp:33500 mC
05-25 10:04:42.460: I/XiaomiFirewall(1982): firewall pkgName:com.snail.cdb.ddui, result:0x0
05-25 10:04:42.470: I/UXU(3820): .........
05-25 10:04:42.850: I/XiaomiFirewall(1982): firewall pkgName:com.baidu.BaiduMap, result:0x0
05-25 10:04:43.290: I/ThermalEngine(230): Sensor:batt_temp:33600 mC
05-25 10:04:44.290: I/ThermalEngine(230): Sensor:batt_temp:33600 mC
05-25 10:04:44.470: D/dalvikvm(1413): GC_CONCURRENT freed 1970K, 31% free 15581K/22304K, paused 2ms+4ms, total 45ms
05-25 10:04:44.470: I/XiaomiFirewall(1982): firewall pkgName:com.snail.cdb.ddui, result:0x0
05-25 10:04:44.480: I/UXU(3820): .........
05-25 10:04:44.970: I/XiaomiFirewall(1982): firewall pkgName:com.baidu.BaiduMap, result:0x0
05-25 10:04:45.300: I/ThermalEngine(230): Sensor:batt_temp:33600 mC
05-25 10:04:45.340: E/QCALOG(355): [MessageQ] ProcessNewMessage: [XTWiFi-PE] unknown deliver target [OS-Agent]
05-25 10:04:45.490: D/StatusBar.NetworkController(1112): onSignalStrengthsChanged received on slotId :0signalStrength=SignalStrength: 99 0 -120 -160 -120 -1 -1 18 -105 -8 116 2147483647 2147483647 gsm|lte level=4 cdmdlevel=0 evdolevel=0
05-25 10:04:46.070: D/Ulp_jni(1046): Location CB invoked
05-25 10:04:46.300: I/ThermalEngine(230): Sensor:batt_temp:33800 mC
05-25 10:04:46.300: E/QCALOG(355): [MessageQ] ProcessNewMessage: [XT-CS] unknown deliver target [OS-Agent]
05-25 10:04:46.320: E/QCALOG(355): [MessageQ] ProcessNewMessage: [XTWWAN-PE] unknown deliver target [OS-Agent]
05-25 10:04:46.480: I/XiaomiFirewall(1982): firewall pkgName:com.snail.cdb.ddui, result:0x0
05-25 10:04:46.480: I/UXU(3820): .........
05-25 10:04:47.300: I/ThermalEngine(230): Sensor:batt_temp:33600 mC
05-25 10:04:47.780: I/XiaomiFirewall(1982): firewall pkgName:com.baidu.BaiduMap, result:0x0
05-25 10:04:47.840: D/StatusBar.NetworkController(1112): onSignalStrengthsChanged received on slotId :0signalStrength=SignalStrength: 99 0 -120 -160 -120 -1 -1 20 -104 -10 34 2147483647 2147483647 gsm|lte level=4 cdmdlevel=0 evdolevel=0
05-25 10:04:48.310: I/ThermalEngine(230): Sensor:batt_temp:33700 mC
05-25 10:04:48.480: I/XiaomiFirewall(1982): firewall pkgName:com.snail.cdb.ddui, result:0x0
05-25 10:04:48.480: I/UXU(3820): .........
05-25 10:04:49.070: I/XiaomiFirewall(1982): firewall pkgName:com.baidu.BaiduMap, result:0x0
05-25 10:04:49.310: I/ThermalEngine(230): Sensor:batt_temp:33600 mC
05-25 10:04:50.080: D/StatusBar.NetworkController(1112): onSignalStrengthsChanged received on slotId :0signalStrength=SignalStrength: 99 0 -120 -160 -120 -1 -1 18 -105 -8 110 2147483647 2147483647 gsm|lte level=4 cdmdlevel=0 evdolevel=0
05-25 10:04:50.320: I/ThermalEngine(230): Sensor:batt_temp:33600 mC
05-25 10:04:50.340: E/QCALOG(355): [MessageQ] ProcessNewMessage: [XTWiFi-PE] unknown deliver target [OS-Agent]
05-25 10:04:50.480: I/XiaomiFirewall(1982): firewall pkgName:com.snail.cdb.ddui, result:0x0
05-25 10:04:50.480: I/UXU(3820): .........
05-25 10:04:51.300: E/QCALOG(355): [MessageQ] ProcessNewMessage: [XT-CS] unknown deliver target [OS-Agent]
05-25 10:04:51.310: E/QCALOG(355): [MessageQ] ProcessNewMessage: [XTWWAN-PE] unknown deliver target [OS-Agent]
05-25 10:04:51.320: I/ThermalEngine(230): Sensor:batt_temp:33600 mC
05-25 10:04:52.000: I/XiaomiFirewall(1982): firewall pkgName:com.baidu.BaiduMap, result:0x0
05-25 10:04:52.330: I/ThermalEngine(230): Sensor:batt_temp:33800 mC
05-25 10:04:52.480: I/XiaomiFirewall(1982): firewall pkgName:com.snail.cdb.ddui, result:0x0
05-25 10:04:52.480: I/UXU(3820): .........
05-25 10:04:52.630: D/dalvikvm(11385): GC_CONCURRENT freed 1932K, 31% free 15445K/22304K, paused 5ms+3ms, total 48ms
05-25 10:04:53.330: I/ThermalEngine(230): Sensor:batt_temp:33700 mC
05-25 10:04:54.110: I/XiaomiFirewall(1982): firewall pkgName:com.baidu.BaiduMap, result:0x0
05-25 10:04:54.340: I/ThermalEngine(230): Sensor:batt_temp:33600 mC
05-25 10:04:54.480: I/XiaomiFirewall(1982): firewall pkgName:com.snail.cdb.ddui, result:0x0
05-25 10:04:54.480: I/UXU(3820): .........
05-25 10:04:55.340: E/QCALOG(355): [MessageQ] ProcessNewMessage: [XTWiFi-PE] unknown deliver target [OS-Agent]
05-25 10:04:55.340: I/ThermalEngine(230): Sensor:batt_temp:33600 mC
05-25 10:04:56.070: D/Ulp_jni(1046): Location CB invoked
05-25 10:04:56.220: I/XiaomiFirewall(1982): firewall pkgName:com.baidu.BaiduMap, result:0x0
05-25 10:04:56.300: E/QCALOG(355): [MessageQ] ProcessNewMessage: [XT-CS] unknown deliver target [OS-Agent]
05-25 10:04:56.310: E/QCALOG(355): [MessageQ] ProcessNewMessage: [XTWWAN-PE] unknown deliver target [OS-Agent]
05-25 10:04:56.350: I/ThermalEngine(230): Sensor:batt_temp:33900 mC
05-25 10:04:56.460: D/dalvikvm(9855): GC_CONCURRENT freed 1927K, 35% free 14561K/22304K, paused 1ms+4ms, total 27ms
05-25 10:04:56.480: I/XiaomiFirewall(1982): firewall pkgName:com.snail.cdb.ddui, result:0x0
05-25 10:04:56.480: I/UXU(3820): .........
05-25 10:04:56.790: D/StatusBar.NetworkController(1112): onSignalStrengthsChanged received on slotId :0signalStrength=SignalStrength: 99 0 -120 -160 -120 -1 -1 18 -106 -9 66 2147483647 2147483647 gsm|lte level=3 cdmdlevel=0 evdolevel=0
05-25 10:04:57.350: I/ThermalEngine(230): Sensor:batt_temp:33600 mC
05-25 10:04:58.340: I/XiaomiFirewall(1982): firewall pkgName:com.baidu.BaiduMap, result:0x0
05-25 10:04:58.360: I/ThermalEngine(230): Sensor:batt_temp:33600 mC
05-25 10:04:58.480: I/XiaomiFirewall(1982): firewall pkgName:com.snail.cdb.ddui, result:0x0
05-25 10:04:58.480: I/UXU(3820): .........
05-25 10:04:58.760: D/dalvikvm(1982): GC_EXPLICIT freed 343K, 34% free 14847K/22304K, paused 5ms+4ms, total 57ms
05-25 10:04:59.030: D/StatusBar.NetworkController(1112): onSignalStrengthsChanged received on slotId :0signalStrength=SignalStrength: 99 0 -120 -160 -120 -1 -1 19 -105 -11 16 2147483647 2147483647 gsm|lte level=4 cdmdlevel=0 evdolevel=0
05-25 10:04:59.360: I/ThermalEngine(230): Sensor:batt_temp:33600 mC
