05-25 09:53:48.270: I/ThermalEngine(230): Sensor:batt_temp:31100 mC
05-25 09:53:49.280: I/ThermalEngine(230): Sensor:batt_temp:31200 mC
05-25 09:53:50.280: I/ThermalEngine(230): Sensor:batt_temp:31100 mC
05-25 09:53:50.310: E/QCALOG(355): [MessageQ] ProcessNewMessage: [XTWiFi-PE] unknown deliver target [OS-Agent]
05-25 09:53:51.260: I/XiaomiFirewall(1982): firewall pkgName:com.snail.cdb.ddui, result:0x0
05-25 09:53:51.280: E/QCALOG(355): [MessageQ] ProcessNewMessage: [XT-CS] unknown deliver target [OS-Agent]
05-25 09:53:51.290: I/ThermalEngine(230): Sensor:batt_temp:31800 mC
05-25 09:53:51.290: E/QCALOG(355): [MessageQ] ProcessNewMessage: [XTWWAN-PE] unknown deliver target [OS-Agent]
05-25 09:53:51.350: D/StatusBar.NetworkController(1112): onSignalStrengthsChanged received on slotId :0signalStrength=SignalStrength: 99 0 -120 -160 -120 -1 -1 17 -109 -11 48 2147483647 2147483647 gsm|lte level=3 cdmdlevel=0 evdolevel=0
05-25 09:53:52.290: I/ThermalEngine(230): Sensor:batt_temp:31000 mC
05-25 09:53:53.300: I/ThermalEngine(230): Sensor:batt_temp:31100 mC
05-25 09:53:53.330: I/ServiceManager(276): Waiting for service AtCmdFwd...
05-25 09:53:53.710: W/PushService(1457): 2016-05-25 09:53:53,720 - [WARN::PushService] - SMACK: Could not connect to:app.chat.xiaomi.net
05-25 09:53:53.750: D/StatusBar.NetworkController(1112): onSignalStrengthsChanged received on slotId :0signalStrength=SignalStrength: 99 0 -120 -160 -120 -1 -1 17 -109 -10 56 2147483647 2147483647 gsm|lte level=3 cdmdlevel=0 evdolevel=0
05-25 09:53:53.850: D/dalvikvm(1457): GC_CONCURRENT freed 1720K, 32% free 15306K/22304K, paused 4ms+2ms, total 34ms
05-25 09:53:53.850: D/dalvikvm(1457): WAIT_FOR_CONCURRENT_GC blocked 12ms
05-25 09:53:53.860: W/PushService(1457): 2016-05-25 09:53:53,866 - [WARN::PushService] - fail to create xmpp connection
05-25 09:53:53.860: W/PushService(1457): SMACK: Could not connect to 111.206.200.2:443 port:5222 failed to connect to /111.206.200.2 (port 443) after 8000ms
05-25 09:53:53.860: W/PushService(1457): SMACK: Could not connect to 123.125.102.13:5222 port:5222 failed to connect to /123.125.102.13 (port 5222) after 8000ms
05-25 09:53:53.860: W/PushService(1457): SMACK: Could not connect to 111.206.205.2:5222 port:5222 failed to connect to /111.206.205.2 (port 5222) after 8000ms
05-25 09:53:53.860: W/PushService(1457): SMACK: Could not connect to 42.62.94.2:5222 port:5222 failed to connect to /42.62.94.2 (port 5222) after 8000ms
05-25 09:53:53.860: W/PushService(1457): SMACK: Could not connect to 120.134.33.29:80 port:5222 failed to connect to /120.134.33.29 (port 80) after 8000ms
05-25 09:53:53.860: W/PushService(1457): SMACK: Could not connect to app.chat.xiaomi.net port:5222 failed to connect to app.chat.xiaomi.net/111.206.200.2 (port 5222) after 8000ms
05-25 09:53:53.860: W/PushService(1457): :
05-25 09:53:53.860: W/PushService(1457): 	at com.xiaomi.smack.XMPPConnection.connectDirectly(XMPPConnection.java:416)
05-25 09:53:53.860: W/PushService(1457): 	at com.xiaomi.smack.XMPPConnection.connectUsingConfiguration(XMPPConnection.java:322)
05-25 09:53:53.860: W/PushService(1457): 	at com.xiaomi.smack.XMPPConnection.connect(XMPPConnection.java:499)
05-25 09:53:53.860: W/PushService(1457): 	at com.xiaomi.push.service.XMPushService.connectByXMPP(XMPushService.java:1143)
05-25 09:53:53.860: W/PushService(1457): 	at com.xiaomi.push.service.XMPushService.connect(XMPushService.java:1121)
05-25 09:53:53.860: W/PushService(1457): 	at com.xiaomi.push.service.XMPushService.access$800(XMPushService.java:70)
05-25 09:53:53.860: W/PushService(1457): 	at com.xiaomi.push.service.XMPushService$ConnectJob.process(XMPushService.java:1410)
05-25 09:53:53.860: W/PushService(1457): 	at com.xiaomi.push.service.XMPushService$Job.run(XMPushService.java:1213)
05-25 09:53:53.860: W/PushService(1457): 	at com.xiaomi.push.service.JobScheduler$SchedulerImpl.run(JobScheduler.java:389)
05-25 09:53:53.860: W/PushService(1457): 2016-05-25 09:53:53,868 - [WARN::PushService] - [Thread:62] update the connection status. connecting -> disconnected : ERROR_NETWORK_FAILED
05-25 09:53:53.860: W/PushService(1457): 2016-05-25 09:53:53,869 - [WARN::PushService] - [Thread:62] schedule reconnect in 10000ms
05-25 09:53:53.860: I/TrafficManageService(1982): mExtraNetworkReceiver tag = miui.intent.action.NETWORK_BLOCKED
05-25 09:53:53.860: I/NetworkDiagnostics_CheckStateManager(1982): networkBlocked
05-25 09:53:54.300: I/ThermalEngine(230): Sensor:batt_temp:31100 mC
05-25 09:53:54.340: I/ServiceManager(276): Waiting for service AtCmdFwd...
05-25 09:53:55.310: I/ThermalEngine(230): Sensor:batt_temp:31200 mC
05-25 09:53:55.310: E/QCALOG(355): [MessageQ] ProcessNewMessage: [XTWiFi-PE] unknown deliver target [OS-Agent]
05-25 09:53:55.330: I/ServiceManager(276): Waiting for service AtCmdFwd...
05-25 09:53:55.460: I/XiaomiFirewall(1982): firewall pkgName:com.miui.securitycenter, result:0x0
05-25 09:53:55.990: D/StatusBar.NetworkController(1112): onSignalStrengthsChanged received on slotId :0signalStrength=SignalStrength: 99 0 -120 -160 -120 -1 -1 17 -109 -10 76 2147483647 2147483647 gsm|lte level=3 cdmdlevel=0 evdolevel=0
05-25 09:53:56.060: D/Ulp_jni(1046): Location CB invoked
05-25 09:53:56.260: I/TIME(3820): xxxxxxxxx======[-1]
05-25 09:53:56.280: E/QCALOG(355): [MessageQ] ProcessNewMessage: [XT-CS] unknown deliver target [OS-Agent]
05-25 09:53:56.290: E/QCALOG(355): [MessageQ] ProcessNewMessage: [XTWWAN-PE] unknown deliver target [OS-Agent]
05-25 09:53:56.310: I/ThermalEngine(230): Sensor:batt_temp:31300 mC
05-25 09:53:56.330: I/ServiceManager(276): Waiting for service AtCmdFwd...
05-25 09:53:57.320: I/ThermalEngine(230): Sensor:batt_temp:31100 mC
05-25 09:53:57.330: I/ServiceManager(276): Waiting for service AtCmdFwd...
05-25 09:53:58.320: I/ThermalEngine(230): Sensor:batt_temp:31000 mC
05-25 09:53:58.330: W/Atfwd_Sendcmd(276): AtCmdFwd service not published, waiting... retryCnt : 1
05-25 09:53:59.320: I/ThermalEngine(230): Sensor:batt_temp:31100 mC
05-25 09:54:00.310: E/QCALOG(355): [MessageQ] ProcessNewMessage: [XTWiFi-PE] unknown deliver target [OS-Agent]
05-25 09:54:00.330: I/ThermalEngine(230): Sensor:batt_temp:31100 mC
05-25 09:54:01.280: E/QCALOG(355): [MessageQ] ProcessNewMessage: [XT-CS] unknown deliver target [OS-Agent]
05-25 09:54:01.290: E/QCALOG(355): [MessageQ] ProcessNewMessage: [XTWWAN-PE] unknown deliver target [OS-Agent]
05-25 09:54:01.330: I/ThermalEngine(230): Sensor:batt_temp:31100 mC
05-25 09:54:02.230: I/XiaomiFirewall(1982): firewall pkgName:com.baidu.BaiduMap, result:0x0
05-25 09:54:02.250: I/XiaomiFirewall(1982): firewall pkgName:com.snail.cdb.ddui, result:0x0
05-25 09:54:02.340: I/ThermalEngine(230): Sensor:batt_temp:31800 mC
05-25 09:54:02.700: D/StatusBar.NetworkController(1112): onSignalStrengthsChanged received on slotId :0signalStrength=SignalStrength: 99 0 -120 -160 -120 -1 -1 18 -109 -10 42 2147483647 2147483647 gsm|lte level=3 cdmdlevel=0 evdolevel=0
05-25 09:54:03.330: I/ServiceManager(276): Waiting for service AtCmdFwd...
05-25 09:54:03.340: I/ThermalEngine(230): Sensor:batt_temp:31400 mC
05-25 09:54:03.860: W/PushService(1457): 2016-05-25 09:54:03,869 - [WARN::PushService] - [Thread:62] JOB: do reconnect..
05-25 09:54:03.870: W/PushService(1457): 2016-05-25 09:54:03,879 - [WARN::PushService] - [Thread:62] update the connection status. disconnected -> connecting : ERROR_OK
05-25 09:54:03.880: W/PushService(1457): 2016-05-25 09:54:03,885 - [WARN::PushService] - [Thread:62] begin to connect to 111.206.200.2:443
05-25 09:54:03.880: I/XiaomiFirewall(1982): firewall pkgName:com.xiaomi.xmsf, result:0x0
05-25 09:54:04.330: I/ServiceManager(276): Waiting for service AtCmdFwd...
05-25 09:54:04.350: I/ThermalEngine(230): Sensor:batt_temp:31200 mC
05-25 09:54:04.950: D/StatusBar.NetworkController(1112): onSignalStrengthsChanged received on slotId :0signalStrength=SignalStrength: 99 0 -120 -160 -120 -1 -1 17 -109 -11 66 2147483647 2147483647 gsm|lte level=3 cdmdlevel=0 evdolevel=0
05-25 09:54:05.310: E/QCALOG(355): [MessageQ] ProcessNewMessage: [XTWiFi-PE] unknown deliver target [OS-Agent]
05-25 09:54:05.330: I/ServiceManager(276): Waiting for service AtCmdFwd...
05-25 09:54:05.350: I/ThermalEngine(230): Sensor:batt_temp:31200 mC
05-25 09:54:06.060: D/Ulp_jni(1046): Location CB invoked
05-25 09:54:06.160: D/dalvikvm(9956): GC_CONCURRENT freed 1923K, 13% free 19618K/22400K, paused 6ms+7ms, total 65ms
05-25 09:54:06.280: E/QCALOG(355): [MessageQ] ProcessNewMessage: [XT-CS] unknown deliver target [OS-Agent]
05-25 09:54:06.290: E/QCALOG(355): [MessageQ] ProcessNewMessage: [XTWWAN-PE] unknown deliver target [OS-Agent]
05-25 09:54:06.330: I/ServiceManager(276): Waiting for service AtCmdFwd...
05-25 09:54:06.360: I/ThermalEngine(230): Sensor:batt_temp:31100 mC
05-25 09:54:06.610: I/XiaomiFirewall(1982): firewall pkgName:android, result:0x0
05-25 09:54:07.330: I/ServiceManager(276): Waiting for service AtCmdFwd...
05-25 09:54:07.360: I/ThermalEngine(230): Sensor:batt_temp:31100 mC
05-25 09:54:08.330: W/Atfwd_Sendcmd(276): AtCmdFwd service not published, waiting... retryCnt : 2
05-25 09:54:08.370: I/ThermalEngine(230): Sensor:batt_temp:31200 mC
05-25 09:54:09.350: D/StatusBar.NetworkController(1112): onSignalStrengthsChanged received on slotId :0signalStrength=SignalStrength: 99 0 -120 -160 -120 -1 -1 17 -108 -10 58 2147483647 2147483647 gsm|lte level=3 cdmdlevel=0 evdolevel=0
05-25 09:54:09.370: I/ThermalEngine(230): Sensor:batt_temp:31200 mC
05-25 09:54:10.310: E/QCALOG(355): [MessageQ] ProcessNewMessage: [XTWiFi-PE] unknown deliver target [OS-Agent]
05-25 09:54:10.380: I/ThermalEngine(230): Sensor:batt_temp:31300 mC
05-25 09:54:11.280: E/QCALOG(355): [MessageQ] ProcessNewMessage: [XT-CS] unknown deliver target [OS-Agent]
05-25 09:54:11.290: E/QCALOG(355): [MessageQ] ProcessNewMessage: [XTWWAN-PE] unknown deliver target [OS-Agent]
05-25 09:54:11.380: I/ThermalEngine(230): Sensor:batt_temp:31500 mC
05-25 09:54:11.670: D/StatusBar.NetworkController(1112): onSignalStrengthsChanged received on slotId :0signalStrength=SignalStrength: 99 0 -120 -160 -120 -1 -1 17 -108 -9 70 2147483647 2147483647 gsm|lte level=3 cdmdlevel=0 evdolevel=0
05-25 09:54:11.880: W/PushService(1457): 2016-05-25 09:54:11,894 - [WARN::PushService] - SMACK: Could not connect to:111.206.200.2:443
05-25 09:54:11.890: W/PushService(1457): 2016-05-25 09:54:11,900 - [WARN::PushService] - [Thread:62] begin to connect to 123.125.102.13:5222
05-25 09:54:11.890: I/XiaomiFirewall(1982): firewall pkgName:com.xiaomi.xmsf, result:0x0
05-25 09:54:12.380: I/ThermalEngine(230): Sensor:batt_temp:31200 mC
05-25 09:54:13.390: I/ThermalEngine(230): Sensor:batt_temp:31300 mC
05-25 09:54:14.390: I/ThermalEngine(230): Sensor:batt_temp:31200 mC
05-25 09:54:15.310: E/QCALOG(355): [MessageQ] ProcessNewMessage: [XTWiFi-PE] unknown deliver target [OS-Agent]
05-25 09:54:15.400: I/ThermalEngine(230): Sensor:batt_temp:31200 mC
05-25 09:54:16.060: D/Ulp_jni(1046): Location CB invoked
05-25 09:54:16.280: E/QCALOG(355): [MessageQ] ProcessNewMessage: [XT-CS] unknown deliver target [OS-Agent]
05-25 09:54:16.290: E/QCALOG(355): [MessageQ] ProcessNewMessage: [XTWWAN-PE] unknown deliver target [OS-Agent]
05-25 09:54:16.400: I/ThermalEngine(230): Sensor:batt_temp:31200 mC
05-25 09:54:17.410: I/ThermalEngine(230): Sensor:batt_temp:31200 mC
05-25 09:54:18.330: I/ServiceManager(276): Waiting for service AtCmdFwd...
05-25 09:54:18.350: D/StatusBar.NetworkController(1112): onSignalStrengthsChanged received on slotId :0signalStrength=SignalStrength: 99 0 -120 -160 -120 -1 -1 19 -108 -10 30 2147483647 2147483647 gsm|lte level=3 cdmdlevel=0 evdolevel=0
05-25 09:54:18.410: I/ThermalEngine(230): Sensor:batt_temp:31300 mC
05-25 09:54:19.330: I/ServiceManager(276): Waiting for service AtCmdFwd...
05-25 09:54:19.420: I/ThermalEngine(230): Sensor:batt_temp:31300 mC
05-25 09:54:19.900: W/PushService(1457): 2016-05-25 09:54:19,907 - [WARN::PushService] - SMACK: Could not connect to:123.125.102.13:5222
05-25 09:54:19.900: W/PushService(1457): 2016-05-25 09:54:19,909 - [WARN::PushService] - [Thread:62] begin to connect to 111.206.205.2:5222
05-25 09:54:19.900: I/XiaomiFirewall(1982): firewall pkgName:com.xiaomi.xmsf, result:0x0
05-25 09:54:20.310: E/QCALOG(355): [MessageQ] ProcessNewMessage: [XTWiFi-PE] unknown deliver target [OS-Agent]
05-25 09:54:20.330: I/ServiceManager(276): Waiting for service AtCmdFwd...
05-25 09:54:20.420: I/ThermalEngine(230): Sensor:batt_temp:31500 mC
05-25 09:54:20.620: D/StatusBar.NetworkController(1112): onSignalStrengthsChanged received on slotId :0signalStrength=SignalStrength: 99 0 -120 -160 -120 -1 -1 19 -108 -10 64 2147483647 2147483647 gsm|lte level=3 cdmdlevel=0 evdolevel=0
05-25 09:54:21.280: E/QCALOG(355): [MessageQ] ProcessNewMessage: [LOWI-SERVER] unknown deliver target [OS-Agent]
05-25 09:54:21.280: E/QCALOG(355): [MessageQ] ProcessNewMessage: [XT-CS] unknown deliver target [OS-Agent]
05-25 09:54:21.290: E/QCALOG(355): [MessageQ] ProcessNewMessage: [XTWWAN-PE] unknown deliver target [OS-Agent]
05-25 09:54:21.340: I/ServiceManager(276): Waiting for service AtCmdFwd...
05-25 09:54:21.430: I/ThermalEngine(230): Sensor:batt_temp:31500 mC
05-25 09:54:22.340: I/ServiceManager(276): Waiting for service AtCmdFwd...
05-25 09:54:22.430: I/ThermalEngine(230): Sensor:batt_temp:31100 mC
05-25 09:54:22.860: D/StatusBar.NetworkController(1112): onSignalStrengthsChanged received on slotId :0signalStrength=SignalStrength: 99 0 -120 -160 -120 -1 -1 17 -108 -10 46 2147483647 2147483647 gsm|lte level=3 cdmdlevel=0 evdolevel=0
05-25 09:54:23.340: W/Atfwd_Sendcmd(276): AtCmdFwd service not published, waiting... retryCnt : 3
05-25 09:54:23.440: I/ThermalEngine(230): Sensor:batt_temp:31100 mC
05-25 09:54:24.440: I/ThermalEngine(230): Sensor:batt_temp:31200 mC
05-25 09:54:25.310: E/QCALOG(355): [MessageQ] ProcessNewMessage: [XTWiFi-PE] unknown deliver target [OS-Agent]
05-25 09:54:25.440: I/ThermalEngine(230): Sensor:batt_temp:31500 mC
05-25 09:54:26.060: D/Ulp_jni(1046): Location CB invoked
05-25 09:54:26.260: I/XiaomiFirewall(1982): firewall pkgName:com.snail.cdb.ddui, result:0x0
05-25 09:54:26.280: E/QCALOG(355): [MessageQ] ProcessNewMessage: [XT-CS] unknown deliver target [OS-Agent]
05-25 09:54:26.290: E/QCALOG(355): [MessageQ] ProcessNewMessage: [XTWWAN-PE] unknown deliver target [OS-Agent]
05-25 09:54:26.390: I/TIME(3820): xxxxxxxxx======[135]
05-25 09:54:26.450: I/ThermalEngine(230): Sensor:batt_temp:31500 mC
05-25 09:54:27.350: D/StatusBar.NetworkController(1112): onSignalStrengthsChanged received on slotId :0signalStrength=SignalStrength: 99 0 -120 -160 -120 -1 -1 16 -108 -10 62 2147483647 2147483647 gsm|lte level=3 cdmdlevel=0 evdolevel=0
05-25 09:54:27.450: I/ThermalEngine(230): Sensor:batt_temp:31300 mC
05-25 09:54:27.910: W/PushService(1457): 2016-05-25 09:54:27,919 - [WARN::PushService] - SMACK: Could not connect to:111.206.205.2:5222
05-25 09:54:27.920: W/PushService(1457): 2016-05-25 09:54:27,925 - [WARN::PushService] - [Thread:62] begin to connect to 42.62.94.2:5222
05-25 09:54:27.920: I/XiaomiFirewall(1982): firewall pkgName:com.xiaomi.xmsf, result:0x0
05-25 09:54:28.460: I/ThermalEngine(230): Sensor:batt_temp:31300 mC
05-25 09:54:29.460: I/ThermalEngine(230): Sensor:batt_temp:31300 mC
05-25 09:54:29.590: D/StatusBar.NetworkController(1112): onSignalStrengthsChanged received on slotId :0signalStrength=SignalStrength: 99 0 -120 -160 -120 -1 -1 18 -108 -10 62 2147483647 2147483647 gsm|lte level=3 cdmdlevel=0 evdolevel=0
05-25 09:54:30.310: E/QCALOG(355): [MessageQ] ProcessNewMessage: [XTWiFi-PE] unknown deliver target [OS-Agent]
05-25 09:54:30.470: I/ThermalEngine(230): Sensor:batt_temp:31300 mC
05-25 09:54:31.280: E/QCALOG(355): [MessageQ] ProcessNewMessage: [XT-CS] unknown deliver target [OS-Agent]
05-25 09:54:31.290: E/QCALOG(355): [MessageQ] ProcessNewMessage: [XTWWAN-PE] unknown deliver target [OS-Agent]
05-25 09:54:31.470: I/ThermalEngine(230): Sensor:batt_temp:31300 mC
05-25 09:54:32.270: I/XiaomiFirewall(1982): firewall pkgName:com.baidu.BaiduMap, result:0x0
05-25 09:54:32.270: I/XiaomiFirewall(1982): firewall pkgName:com.snail.cdb.ddui, result:0x0
05-25 09:54:32.480: I/ThermalEngine(230): Sensor:batt_temp:32000 mC
05-25 09:54:33.480: I/ThermalEngine(230): Sensor:batt_temp:31200 mC
05-25 09:54:34.490: I/ThermalEngine(230): Sensor:batt_temp:31300 mC
05-25 09:54:35.310: E/QCALOG(355): [MessageQ] ProcessNewMessage: [XTWiFi-PE] unknown deliver target [OS-Agent]
05-25 09:54:35.490: I/ThermalEngine(230): Sensor:batt_temp:31300 mC
05-25 09:54:35.920: W/PushService(1457): 2016-05-25 09:54:35,933 - [WARN::PushService] - SMACK: Could not connect to:42.62.94.2:5222
05-25 09:54:35.930: W/PushService(1457): 2016-05-25 09:54:35,936 - [WARN::PushService] - [Thread:62] begin to connect to 120.134.33.29:80
05-25 09:54:35.930: I/XiaomiFirewall(1982): firewall pkgName:com.xiaomi.xmsf, result:0x0
05-25 09:54:36.060: D/Ulp_jni(1046): Location CB invoked
05-25 09:54:36.280: E/QCALOG(355): [MessageQ] ProcessNewMessage: [XT-CS] unknown deliver target [OS-Agent]
05-25 09:54:36.290: E/QCALOG(355): [MessageQ] ProcessNewMessage: [XTWWAN-PE] unknown deliver target [OS-Agent]
05-25 09:54:36.310: D/StatusBar.NetworkController(1112): onSignalStrengthsChanged received on slotId :0signalStrength=SignalStrength: 99 0 -120 -160 -120 -1 -1 17 -108 -10 52 2147483647 2147483647 gsm|lte level=3 cdmdlevel=0 evdolevel=0
05-25 09:54:36.500: I/ThermalEngine(230): Sensor:batt_temp:31400 mC
05-25 09:54:37.500: I/ThermalEngine(230): Sensor:batt_temp:31500 mC
05-25 09:54:38.340: I/ServiceManager(276): Waiting for service AtCmdFwd...
05-25 09:54:38.500: I/ThermalEngine(230): Sensor:batt_temp:31500 mC
05-25 09:54:38.550: D/StatusBar.NetworkController(1112): onSignalStrengthsChanged received on slotId :0signalStrength=SignalStrength: 99 0 -120 -160 -120 -1 -1 17 -108 -10 46 2147483647 2147483647 gsm|lte level=3 cdmdlevel=0 evdolevel=0
05-25 09:54:39.340: I/ServiceManager(276): Waiting for service AtCmdFwd...
05-25 09:54:39.510: I/ThermalEngine(230): Sensor:batt_temp:31700 mC
05-25 09:54:40.310: E/QCALOG(355): [MessageQ] ProcessNewMessage: [XTWiFi-PE] unknown deliver target [OS-Agent]
05-25 09:54:40.340: I/ServiceManager(276): Waiting for service AtCmdFwd...
05-25 09:54:40.510: I/ThermalEngine(230): Sensor:batt_temp:31200 mC
05-25 09:54:41.280: E/QCALOG(355): [MessageQ] ProcessNewMessage: [XT-CS] unknown deliver target [OS-Agent]
05-25 09:54:41.290: E/QCALOG(355): [MessageQ] ProcessNewMessage: [XTWWAN-PE] unknown deliver target [OS-Agent]
05-25 09:54:41.340: I/ServiceManager(276): Waiting for service AtCmdFwd...
05-25 09:54:41.520: I/ThermalEngine(230): Sensor:batt_temp:31300 mC
05-25 09:54:42.340: I/ServiceManager(276): Waiting for service AtCmdFwd...
05-25 09:54:42.520: I/ThermalEngine(230): Sensor:batt_temp:31500 mC
05-25 09:54:43.340: W/Atfwd_Sendcmd(276): AtCmdFwd service not published, waiting... retryCnt : 4
05-25 09:54:43.530: I/ThermalEngine(230): Sensor:batt_temp:31300 mC
05-25 09:54:43.930: W/PushService(1457): 2016-05-25 09:54:43,942 - [WARN::PushService] - SMACK: Could not connect to:120.134.33.29:80
05-25 09:54:43.930: W/PushService(1457): 2016-05-25 09:54:43,944 - [WARN::PushService] - [Thread:62] begin to connect to app.chat.xiaomi.net
05-25 09:54:43.930: I/XiaomiFirewall(1982): firewall pkgName:com.xiaomi.xmsf, result:0x0
05-25 09:54:43.940: I/XiaomiFirewall(1982): firewall pkgName:com.snail.cdb.ddui, result:0x0
05-25 09:54:44.530: I/ThermalEngine(230): Sensor:batt_temp:31300 mC
05-25 09:54:45.270: D/StatusBar.NetworkController(1112): onSignalStrengthsChanged received on slotId :0signalStrength=SignalStrength: 99 0 -120 -160 -120 -1 -1 17 -108 -10 84 2147483647 2147483647 gsm|lte level=3 cdmdlevel=0 evdolevel=0
05-25 09:54:45.310: E/QCALOG(355): [MessageQ] ProcessNewMessage: [XTWiFi-PE] unknown deliver target [OS-Agent]
05-25 09:54:45.540: I/ThermalEngine(230): Sensor:batt_temp:31300 mC
05-25 09:54:46.060: D/Ulp_jni(1046): Location CB invoked
05-25 09:54:46.280: E/QCALOG(355): [MessageQ] ProcessNewMessage: [XT-CS] unknown deliver target [OS-Agent]
05-25 09:54:46.290: E/QCALOG(355): [MessageQ] ProcessNewMessage: [XTWWAN-PE] unknown deliver target [OS-Agent]
05-25 09:54:46.540: I/ThermalEngine(230): Sensor:batt_temp:31600 mC
05-25 09:54:47.510: D/StatusBar.NetworkController(1112): onSignalStrengthsChanged received on slotId :0signalStrength=SignalStrength: 99 0 -120 -160 -120 -1 -1 17 -109 -10 40 2147483647 2147483647 gsm|lte level=3 cdmdlevel=0 evdolevel=0
05-25 09:54:47.550: I/ThermalEngine(230): Sensor:batt_temp:31300 mC
05-25 09:54:48.550: I/ThermalEngine(230): Sensor:batt_temp:31600 mC
05-25 09:54:49.560: I/ThermalEngine(230): Sensor:batt_temp:31300 mC
05-25 09:54:50.310: E/QCALOG(355): [MessageQ] ProcessNewMessage: [XTWiFi-PE] unknown deliver target [OS-Agent]
05-25 09:54:50.560: I/ThermalEngine(230): Sensor:batt_temp:31300 mC
05-25 09:54:51.280: E/QCALOG(355): [MessageQ] ProcessNewMessage: [XT-CS] unknown deliver target [OS-Agent]
05-25 09:54:51.290: E/QCALOG(355): [MessageQ] ProcessNewMessage: [XTWWAN-PE] unknown deliver target [OS-Agent]
05-25 09:54:51.560: I/ThermalEngine(230): Sensor:batt_temp:31600 mC
05-25 09:54:52.060: W/PushService(1457): 2016-05-25 09:54:52,065 - [WARN::PushService] - SMACK: Could not connect to:app.chat.xiaomi.net
05-25 09:54:52.150: W/PushService(1457): 2016-05-25 09:54:52,154 - [WARN::PushService] - fail to create xmpp connection
05-25 09:54:52.150: W/PushService(1457): SMACK: Could not connect to 111.206.200.2:443 port:5222 failed to connect to /111.206.200.2 (port 443) after 8000ms
05-25 09:54:52.150: W/PushService(1457): SMACK: Could not connect to 123.125.102.13:5222 port:5222 failed to connect to /123.125.102.13 (port 5222) after 8000ms
05-25 09:54:52.150: W/PushService(1457): SMACK: Could not connect to 111.206.205.2:5222 port:5222 failed to connect to /111.206.205.2 (port 5222) after 8000ms
05-25 09:54:52.150: W/PushService(1457): SMACK: Could not connect to 42.62.94.2:5222 port:5222 failed to connect to /42.62.94.2 (port 5222) after 8000ms
05-25 09:54:52.150: W/PushService(1457): SMACK: Could not connect to 120.134.33.29:80 port:5222 failed to connect to /120.134.33.29 (port 80) after 8000ms
05-25 09:54:52.150: W/PushService(1457): SMACK: Could not connect to app.chat.xiaomi.net port:5222 failed to connect to app.chat.xiaomi.net/111.206.200.2 (port 5222) after 8000ms
05-25 09:54:52.150: W/PushService(1457): :
05-25 09:54:52.150: W/PushService(1457): 	at com.xiaomi.smack.XMPPConnection.connectDirectly(XMPPConnection.java:416)
05-25 09:54:52.150: W/PushService(1457): 	at com.xiaomi.smack.XMPPConnection.connectUsingConfiguration(XMPPConnection.java:322)
05-25 09:54:52.150: W/PushService(1457): 	at com.xiaomi.smack.XMPPConnection.connect(XMPPConnection.java:499)
05-25 09:54:52.150: W/PushService(1457): 	at com.xiaomi.push.service.XMPushService.connectByXMPP(XMPushService.java:1143)
05-25 09:54:52.150: W/PushService(1457): 	at com.xiaomi.push.service.XMPushService.connect(XMPushService.java:1121)
05-25 09:54:52.150: W/PushService(1457): 	at com.xiaomi.push.service.XMPushService.access$800(XMPushService.java:70)
05-25 09:54:52.150: W/PushService(1457): 	at com.xiaomi.push.service.XMPushService$ConnectJob.process(XMPushService.java:1410)
05-25 09:54:52.150: W/PushService(1457): 	at com.xiaomi.push.service.XMPushService$Job.run(XMPushService.java:1213)
05-25 09:54:52.150: W/PushService(1457): 	at com.xiaomi.push.service.JobScheduler$SchedulerImpl.run(JobScheduler.java:389)
05-25 09:54:52.150: W/PushService(1457): 2016-05-25 09:54:52,159 - [WARN::PushService] - [Thread:62] update the connection status. connecting -> disconnected : ERROR_NETWORK_FAILED
05-25 09:54:52.150: W/PushService(1457): 2016-05-25 09:54:52,160 - [WARN::PushService] - [Thread:62] schedule reconnect in 10000ms
05-25 09:54:52.150: I/TrafficManageService(1982): mExtraNetworkReceiver tag = miui.intent.action.NETWORK_BLOCKED
05-25 09:54:52.150: I/NetworkDiagnostics_CheckStateManager(1982): networkBlocked
05-25 09:54:52.570: I/ThermalEngine(230): Sensor:batt_temp:31500 mC
05-25 09:54:52.890: D/dalvikvm(1413): GC_CONCURRENT freed 1973K, 31% free 15538K/22304K, paused 6ms+4ms, total 64ms
05-25 09:54:53.570: I/ThermalEngine(230): Sensor:batt_temp:31400 mC
05-25 09:54:54.230: D/StatusBar.NetworkController(1112): onSignalStrengthsChanged received on slotId :0signalStrength=SignalStrength: 99 0 -120 -160 -120 -1 -1 17 -109 -10 36 2147483647 2147483647 gsm|lte level=3 cdmdlevel=0 evdolevel=0
05-25 09:54:54.580: I/ThermalEngine(230): Sensor:batt_temp:31800 mC
05-25 09:54:54.630: D/dalvikvm(9956): GC_CONCURRENT freed 1922K, 13% free 19618K/22400K, paused 9ms+9ms, total 91ms
05-25 09:54:55.310: E/QCALOG(355): [MessageQ] ProcessNewMessage: [XTWiFi-PE] unknown deliver target [OS-Agent]
05-25 09:54:55.580: I/ThermalEngine(230): Sensor:batt_temp:31500 mC
05-25 09:54:56.060: D/Ulp_jni(1046): Location CB invoked
05-25 09:54:56.280: E/QCALOG(355): [MessageQ] ProcessNewMessage: [XT-CS] unknown deliver target [OS-Agent]
05-25 09:54:56.290: E/QCALOG(355): [MessageQ] ProcessNewMessage: [XTWWAN-PE] unknown deliver target [OS-Agent]
05-25 09:54:56.390: I/XiaomiFirewall(1982): firewall pkgName:com.snail.cdb.ddui, result:0x0
05-25 09:54:56.460: D/StatusBar.NetworkController(1112): onSignalStrengthsChanged received on slotId :0signalStrength=SignalStrength: 99 0 -120 -160 -120 -1 -1 17 -109 -10 24 2147483647 2147483647 gsm|lte level=3 cdmdlevel=0 evdolevel=0
05-25 09:54:56.530: I/TIME(3820): xxxxxxxxx======[137]
05-25 09:54:56.590: I/ThermalEngine(230): Sensor:batt_temp:31800 mC
05-25 09:54:57.590: I/ThermalEngine(230): Sensor:batt_temp:31800 mC
05-25 09:54:58.600: I/ThermalEngine(230): Sensor:batt_temp:31400 mC
05-25 09:54:58.660: W/System.err(1743): org.apache.http.conn.HttpHostConnectException: Connection to https://api.sec.miui.com refused
05-25 09:54:58.660: W/System.err(1743): 	at org.apache.http.impl.conn.DefaultClientConnectionOperator.openConnection(DefaultClientConnectionOperator.java:183)
05-25 09:54:58.660: W/System.err(1743): 	at org.apache.http.impl.conn.AbstractPoolEntry.open(AbstractPoolEntry.java:164)
05-25 09:54:58.660: W/System.err(1743): 	at org.apache.http.impl.conn.AbstractPooledConnAdapter.open(AbstractPooledConnAdapter.java:119)
05-25 09:54:58.660: W/System.err(1743): 	at org.apache.http.impl.client.DefaultRequestDirector.execute(DefaultRequestDirector.java:360)
05-25 09:54:58.660: W/System.err(1743): 	at org.apache.http.impl.client.AbstractHttpClient.execute(AbstractHttpClient.java:555)
05-25 09:54:58.660: W/System.err(1743): 	at org.apache.http.impl.client.AbstractHttpClient.execute(AbstractHttpClient.java:487)
05-25 09:54:58.660: W/System.err(1743): 	at org.apache.http.impl.client.AbstractHttpClient.execute(AbstractHttpClient.java:465)
05-25 09:54:58.660: W/System.err(1743): 	at com.miui.common.network.NewNetworkApiHelper.doPost(NewNetworkApiHelper.java:99)
05-25 09:54:58.660: W/System.err(1743): 	at com.miui.common.network.NetworkConnHelper.doNewNetworkApiHelperPost(NetworkConnHelper.java:43)
05-25 09:54:58.660: W/System.err(1743): 	at com.miui.monthreport.TaskManager$UploadTask.isUploadAllowed(TaskManager.java:419)
05-25 09:54:58.660: W/System.err(1743): 	at com.miui.monthreport.TaskManager$UploadTask.doInBackground(TaskManager.java:366)
05-25 09:54:58.660: W/System.err(1743): 	at com.miui.monthreport.TaskManager$UploadTask.doInBackground(TaskManager.java:341)
05-25 09:54:58.660: W/System.err(1743): 	at android.os.AsyncTask$2.call(AsyncTask.java:288)
05-25 09:54:58.660: W/System.err(1743): 	at java.util.concurrent.FutureTask.run(FutureTask.java:237)
05-25 09:54:58.660: W/System.err(1743): 	at java.util.concurrent.ThreadPoolExecutor.runWorker(ThreadPoolExecutor.java:1112)
05-25 09:54:58.660: W/System.err(1743): 	at java.util.concurrent.ThreadPoolExecutor$Worker.run(ThreadPoolExecutor.java:587)
05-25 09:54:58.660: W/System.err(1743): 	at java.lang.Thread.run(Thread.java:841)
05-25 09:54:58.660: W/System.err(1743): Caused by: java.net.ConnectException: failed to connect to /111.206.200.48 (port 443): connect failed: ETIMEDOUT (Connection timed out)
05-25 09:54:58.660: W/System.err(1743): 	at libcore.io.IoBridge.connect(IoBridge.java:114)
05-25 09:54:58.660: W/System.err(1743): 	at java.net.PlainSocketImpl.connect(PlainSocketImpl.java:192)
05-25 09:54:58.660: W/System.err(1743): 	at java.net.PlainSocketImpl.connect(PlainSocketImpl.java:460)
05-25 09:54:58.660: W/System.err(1743): 	at java.net.Socket.connect(Socket.java:833)
05-25 09:54:58.660: W/System.err(1743): 	at org.apache.http.conn.scheme.PlainSocketFactory.connectSocket(PlainSocketFactory.java:119)
05-25 09:54:58.660: W/System.err(1743): 	at org.apache.http.impl.conn.DefaultClientConnectionOperator.openConnection(DefaultClientConnectionOperator.java:144)
05-25 09:54:58.660: W/System.err(1743): 	... 16 more
05-25 09:54:58.660: W/System.err(1743): Caused by: libcore.io.ErrnoException: connect failed: ETIMEDOUT (Connection timed out)
05-25 09:54:58.660: W/System.err(1743): 	at libcore.io.Posix.connect(Native Method)
05-25 09:54:58.660: W/System.err(1743): 	at libcore.io.BlockGuardOs.connect(BlockGuardOs.java:85)
05-25 09:54:58.660: W/System.err(1743): 	at libcore.io.IoBridge.connectErrno(IoBridge.java:127)
05-25 09:54:58.660: W/System.err(1743): 	at libcore.io.IoBridge.connect(IoBridge.java:112)
05-25 09:54:58.660: W/System.err(1743): 	... 21 more
05-25 09:54:59.600: I/ThermalEngine(230): Sensor:batt_temp:31400 mC
05-25 09:55:00.310: E/QCALOG(355): [MessageQ] ProcessNewMessage: [XTWiFi-PE] unknown deliver target [OS-Agent]
05-25 09:55:00.360: D/StatusBar.NetworkController(1112): onSignalStrengthsChanged received on slotId :0signalStrength=SignalStrength: 99 0 -120 -160 -120 -1 -1 18 -110 -11 -20 2147483647 2147483647 gsm|lte level=3 cdmdlevel=0 evdolevel=0
05-25 09:55:00.610: I/ThermalEngine(230): Sensor:batt_temp:31400 mC
05-25 09:55:01.280: E/QCALOG(355): [MessageQ] ProcessNewMessage: [XT-CS] unknown deliver target [OS-Agent]
05-25 09:55:01.290: E/QCALOG(355): [MessageQ] ProcessNewMessage: [XTWWAN-PE] unknown deliver target [OS-Agent]
05-25 09:55:01.610: I/ThermalEngine(230): Sensor:batt_temp:31400 mC
05-25 09:55:02.150: W/PushService(1457): 2016-05-25 09:55:02,161 - [WARN::PushService] - [Thread:62] JOB: do reconnect..
05-25 09:55:02.150: W/PushService(1457): 2016-05-25 09:55:02,164 - [WARN::PushService] - [Thread:62] update the connection status. disconnected -> connecting : ERROR_OK
05-25 09:55:02.160: W/PushService(1457): 2016-05-25 09:55:02,167 - [WARN::PushService] - [Thread:62] begin to connect to 111.206.200.2:443
05-25 09:55:02.160: I/XiaomiFirewall(1982): firewall pkgName:com.xiaomi.xmsf, result:0x0
05-25 09:55:02.620: I/ThermalEngine(230): Sensor:batt_temp:31400 mC
05-25 09:55:02.650: I/XiaomiFirewall(1982): firewall pkgName:com.baidu.BaiduMap, result:0x0
05-25 09:55:02.660: I/XiaomiFirewall(1982): firewall pkgName:com.snail.cdb.ddui, result:0x0
05-25 09:55:03.340: I/ServiceManager(276): Waiting for service AtCmdFwd...
05-25 09:55:03.620: I/ThermalEngine(230): Sensor:batt_temp:31400 mC
05-25 09:55:04.340: I/ServiceManager(276): Waiting for service AtCmdFwd...
05-25 09:55:04.620: I/ThermalEngine(230): Sensor:batt_temp:31400 mC
05-25 09:55:05.310: E/QCALOG(355): [MessageQ] ProcessNewMessage: [XTWiFi-PE] unknown deliver target [OS-Agent]
05-25 09:55:05.340: I/ServiceManager(276): Waiting for service AtCmdFwd...
05-25 09:55:05.430: D/StatusBar.NetworkController(1112): onSignalStrengthsChanged received on slotId :0signalStrength=SignalStrength: 99 0 -120 -160 -120 -1 -1 17 -110 -11 70 2147483647 2147483647 gsm|lte level=3 cdmdlevel=0 evdolevel=0
05-25 09:55:05.630: I/ThermalEngine(230): Sensor:batt_temp:31400 mC
05-25 09:55:06.060: D/Ulp_jni(1046): Location CB invoked
05-25 09:55:06.280: E/QCALOG(355): [MessageQ] ProcessNewMessage: [XT-CS] unknown deliver target [OS-Agent]
05-25 09:55:06.290: E/QCALOG(355): [MessageQ] ProcessNewMessage: [XTWWAN-PE] unknown deliver target [OS-Agent]
05-25 09:55:06.340: I/ServiceManager(276): Waiting for service AtCmdFwd...
05-25 09:55:06.630: I/ThermalEngine(230): Sensor:batt_temp:31400 mC
05-25 09:55:06.670: I/XiaomiFirewall(1982): firewall pkgName:android, result:0x0
05-25 09:55:07.340: I/ServiceManager(276): Waiting for service AtCmdFwd...
05-25 09:55:07.640: I/ThermalEngine(230): Sensor:batt_temp:31500 mC
05-25 09:55:08.340: W/Atfwd_Sendcmd(276): AtCmdFwd service not published, waiting... retryCnt : 5
05-25 09:55:08.640: I/ThermalEngine(230): Sensor:batt_temp:31700 mC
05-25 09:55:09.650: I/ThermalEngine(230): Sensor:batt_temp:31600 mC
05-25 09:55:10.160: W/PushService(1457): 2016-05-25 09:55:10,171 - [WARN::PushService] - SMACK: Could not connect to:111.206.200.2:443
05-25 09:55:10.170: W/PushService(1457): 2016-05-25 09:55:10,175 - [WARN::PushService] - [Thread:62] begin to connect to 123.125.102.13:5222
05-25 09:55:10.170: I/XiaomiFirewall(1982): firewall pkgName:com.xiaomi.xmsf, result:0x0
05-25 09:55:10.310: E/QCALOG(355): [MessageQ] ProcessNewMessage: [XTWiFi-PE] unknown deliver target [OS-Agent]
05-25 09:55:10.650: I/ThermalEngine(230): Sensor:batt_temp:31500 mC
05-25 09:55:11.280: E/QCALOG(355): [MessageQ] ProcessNewMessage: [XT-CS] unknown deliver target [OS-Agent]
05-25 09:55:11.290: E/QCALOG(355): [MessageQ] ProcessNewMessage: [XTWWAN-PE] unknown deliver target [OS-Agent]
05-25 09:55:11.660: I/ThermalEngine(230): Sensor:batt_temp:31600 mC
05-25 09:55:12.150: D/StatusBar.NetworkController(1112): onSignalStrengthsChanged received on slotId :0signalStrength=SignalStrength: 99 0 -120 -160 -120 -1 -1 17 -110 -10 38 2147483647 2147483647 gsm|lte level=3 cdmdlevel=0 evdolevel=0
05-25 09:55:12.660: I/ThermalEngine(230): Sensor:batt_temp:31800 mC
05-25 09:55:13.670: I/ThermalEngine(230): Sensor:batt_temp:31500 mC
05-25 09:55:14.390: D/StatusBar.NetworkController(1112): onSignalStrengthsChanged received on slotId :0signalStrength=SignalStrength: 99 0 -120 -160 -120 -1 -1 17 -109 -9 58 2147483647 2147483647 gsm|lte level=3 cdmdlevel=0 evdolevel=0
05-25 09:55:14.670: I/ThermalEngine(230): Sensor:batt_temp:31700 mC
05-25 09:55:15.320: E/QCALOG(355): [MessageQ] ProcessNewMessage: [XTWiFi-PE] unknown deliver target [OS-Agent]
05-25 09:55:15.680: I/ThermalEngine(230): Sensor:batt_temp:31700 mC
05-25 09:55:16.060: D/Ulp_jni(1046): Location CB invoked
05-25 09:55:16.280: E/QCALOG(355): [MessageQ] ProcessNewMessage: [XT-CS] unknown deliver target [OS-Agent]
05-25 09:55:16.290: E/QCALOG(355): [MessageQ] ProcessNewMessage: [XTWWAN-PE] unknown deliver target [OS-Agent]
05-25 09:55:16.680: I/ThermalEngine(230): Sensor:batt_temp:31600 mC
05-25 09:55:17.680: I/ThermalEngine(230): Sensor:batt_temp:31800 mC
05-25 09:55:18.180: W/PushService(1457): 2016-05-25 09:55:18,186 - [WARN::PushService] - SMACK: Could not connect to:123.125.102.13:5222
05-25 09:55:18.180: W/PushService(1457): 2016-05-25 09:55:18,190 - [WARN::PushService] - [Thread:62] begin to connect to 111.206.205.2:5222
05-25 09:55:18.180: I/XiaomiFirewall(1982): firewall pkgName:com.xiaomi.xmsf, result:0x0
05-25 09:55:18.360: D/StatusBar.NetworkController(1112): onSignalStrengthsChanged received on slotId :0signalStrength=SignalStrength: 99 0 -120 -160 -120 -1 -1 17 -110 -9 28 2147483647 2147483647 gsm|lte level=3 cdmdlevel=0 evdolevel=0
05-25 09:55:18.690: I/ThermalEngine(230): Sensor:batt_temp:31700 mC
05-25 09:55:19.690: I/ThermalEngine(230): Sensor:batt_temp:31500 mC
05-25 09:55:20.320: E/QCALOG(355): [MessageQ] ProcessNewMessage: [XTWiFi-PE] unknown deliver target [OS-Agent]
05-25 09:55:20.700: I/ThermalEngine(230): Sensor:batt_temp:31500 mC
05-25 09:55:21.280: E/QCALOG(355): [MessageQ] ProcessNewMessage: [LOWI-SERVER] unknown deliver target [OS-Agent]
05-25 09:55:21.280: E/QCALOG(355): [MessageQ] ProcessNewMessage: [XT-CS] unknown deliver target [OS-Agent]
05-25 09:55:21.290: E/QCALOG(355): [MessageQ] ProcessNewMessage: [XTWWAN-PE] unknown deliver target [OS-Agent]
05-25 09:55:21.700: I/ThermalEngine(230): Sensor:batt_temp:31800 mC
05-25 09:55:22.710: I/ThermalEngine(230): Sensor:batt_temp:31700 mC
05-25 09:55:23.350: D/StatusBar.NetworkController(1112): onSignalStrengthsChanged received on slotId :0signalStrength=SignalStrength: 99 0 -120 -160 -120 -1 -1 17 -110 -10 38 2147483647 2147483647 gsm|lte level=3 cdmdlevel=0 evdolevel=0
05-25 09:55:23.710: I/ThermalEngine(230): Sensor:batt_temp:31500 mC
05-25 09:55:23.850: D/ConnectivityServiceHSM(1046): Actual State: DefaultConnectivityState, Current State: DefaultConnectivityState.processMessage what=101
05-25 09:55:24.720: I/ThermalEngine(230): Sensor:batt_temp:31600 mC
05-25 09:55:25.320: E/QCALOG(355): [MessageQ] ProcessNewMessage: [XTWiFi-PE] unknown deliver target [OS-Agent]
05-25 09:55:25.720: I/ThermalEngine(230): Sensor:batt_temp:31600 mC
05-25 09:55:26.060: D/Ulp_jni(1046): Location CB invoked
05-25 09:55:26.190: W/PushService(1457): 2016-05-25 09:55:26,196 - [WARN::PushService] - SMACK: Could not connect to:111.206.205.2:5222
05-25 09:55:26.190: W/PushService(1457): 2016-05-25 09:55:26,198 - [WARN::PushService] - [Thread:62] begin to connect to 42.62.94.2:5222
05-25 09:55:26.190: I/XiaomiFirewall(1982): firewall pkgName:com.xiaomi.xmsf, result:0x0
05-25 09:55:26.280: E/QCALOG(355): [MessageQ] ProcessNewMessage: [XT-CS] unknown deliver target [OS-Agent]
05-25 09:55:26.290: E/QCALOG(355): [MessageQ] ProcessNewMessage: [XTWWAN-PE] unknown deliver target [OS-Agent]
05-25 09:55:26.530: I/XiaomiFirewall(1982): firewall pkgName:com.snail.cdb.ddui, result:0x0
05-25 09:55:26.610: I/TIME(3820): xxxxxxxxx======[86]
05-25 09:55:26.730: I/ThermalEngine(230): Sensor:batt_temp:32000 mC
05-25 09:55:27.730: I/ThermalEngine(230): Sensor:batt_temp:31600 mC
05-25 09:55:28.730: I/ThermalEngine(230): Sensor:batt_temp:31700 mC
05-25 09:55:29.740: I/ThermalEngine(230): Sensor:batt_temp:31700 mC
05-25 09:55:30.070: D/StatusBar.NetworkController(1112): onSignalStrengthsChanged received on slotId :0signalStrength=SignalStrength: 99 0 -120 -160 -120 -1 -1 17 -109 -10 44 2147483647 2147483647 gsm|lte level=3 cdmdlevel=0 evdolevel=0
05-25 09:55:30.320: E/QCALOG(355): [MessageQ] ProcessNewMessage: [XTWiFi-PE] unknown deliver target [OS-Agent]
05-25 09:55:30.740: I/ThermalEngine(230): Sensor:batt_temp:31600 mC
05-25 09:55:31.280: E/QCALOG(355): [MessageQ] ProcessNewMessage: [XT-CS] unknown deliver target [OS-Agent]
05-25 09:55:31.290: E/QCALOG(355): [MessageQ] ProcessNewMessage: [XTWWAN-PE] unknown deliver target [OS-Agent]
05-25 09:55:31.750: I/ThermalEngine(230): Sensor:batt_temp:31800 mC
05-25 09:55:32.310: D/StatusBar.NetworkController(1112): onSignalStrengthsChanged received on slotId :0signalStrength=SignalStrength: 99 0 -120 -160 -120 -1 -1 17 -110 -9 76 2147483647 2147483647 gsm|lte level=3 cdmdlevel=0 evdolevel=0
05-25 09:55:32.750: I/ThermalEngine(230): Sensor:batt_temp:32100 mC
05-25 09:55:33.340: I/Atfwd_Sendcmd(276): AtCmdFwd service not ready - Exhausted retry attempts - :6
05-25 09:55:33.340: I/Atfwd_Daemon(276): result : -1 	 ,Init step :2 	 ,qmiErrorCode: 0
05-25 09:55:33.760: I/ThermalEngine(230): Sensor:batt_temp:32200 mC
05-25 09:55:33.780: I/XiaomiFirewall(1982): firewall pkgName:com.baidu.BaiduMap, result:0x0
05-25 09:55:33.780: I/XiaomiFirewall(1982): firewall pkgName:com.snail.cdb.ddui, result:0x0
05-25 09:55:34.200: W/PushService(1457): 2016-05-25 09:55:34,206 - [WARN::PushService] - SMACK: Could not connect to:42.62.94.2:5222
05-25 09:55:34.200: W/PushService(1457): 2016-05-25 09:55:34,213 - [WARN::PushService] - [Thread:62] begin to connect to 120.134.33.29:80
05-25 09:55:34.200: I/XiaomiFirewall(1982): firewall pkgName:com.xiaomi.xmsf, result:0x0
05-25 09:55:34.760: I/ThermalEngine(230): Sensor:batt_temp:31700 mC
05-25 09:55:35.320: E/QCALOG(355): [MessageQ] ProcessNewMessage: [XTWiFi-PE] unknown deliver target [OS-Agent]
05-25 09:55:35.770: I/ThermalEngine(230): Sensor:batt_temp:31700 mC
05-25 09:55:36.060: D/Ulp_jni(1046): Location CB invoked
05-25 09:55:36.280: E/QCALOG(355): [MessageQ] ProcessNewMessage: [XT-CS] unknown deliver target [OS-Agent]
05-25 09:55:36.290: E/QCALOG(355): [MessageQ] ProcessNewMessage: [XTWWAN-PE] unknown deliver target [OS-Agent]
05-25 09:55:36.370: D/StatusBar.NetworkController(1112): onSignalStrengthsChanged received on slotId :0signalStrength=SignalStrength: 99 0 -120 -160 -120 -1 -1 17 -110 -9 40 2147483647 2147483647 gsm|lte level=3 cdmdlevel=0 evdolevel=0
05-25 09:55:36.770: I/ThermalEngine(230): Sensor:batt_temp:31700 mC
05-25 09:55:37.780: I/ThermalEngine(230): Sensor:batt_temp:31700 mC
05-25 09:55:38.780: I/ThermalEngine(230): Sensor:batt_temp:31600 mC
05-25 09:55:39.030: D/StatusBar.NetworkController(1112): onSignalStrengthsChanged received on slotId :0signalStrength=SignalStrength: 99 0 -120 -160 -120 -1 -1 18 -109 -10 2 2147483647 2147483647 gsm|lte level=3 cdmdlevel=0 evdolevel=0
05-25 09:55:39.790: I/ThermalEngine(230): Sensor:batt_temp:31700 mC
05-25 09:55:40.320: E/QCALOG(355): [MessageQ] ProcessNewMessage: [XTWiFi-PE] unknown deliver target [OS-Agent]
05-25 09:55:40.790: I/ThermalEngine(230): Sensor:batt_temp:31600 mC
05-25 09:55:41.270: D/StatusBar.NetworkController(1112): onSignalStrengthsChanged received on slotId :0signalStrength=SignalStrength: 99 0 -120 -160 -120 -1 -1 16 -109 -9 58 2147483647 2147483647 gsm|lte level=3 cdmdlevel=0 evdolevel=0
05-25 09:55:41.280: E/QCALOG(355): [MessageQ] ProcessNewMessage: [XT-CS] unknown deliver target [OS-Agent]
05-25 09:55:41.290: E/QCALOG(355): [MessageQ] ProcessNewMessage: [XTWWAN-PE] unknown deliver target [OS-Agent]
05-25 09:55:41.790: I/ThermalEngine(230): Sensor:batt_temp:31700 mC
05-25 09:55:42.210: W/PushService(1457): 2016-05-25 09:55:42,223 - [WARN::PushService] - SMACK: Could not connect to:120.134.33.29:80
05-25 09:55:42.220: W/PushService(1457): 2016-05-25 09:55:42,227 - [WARN::PushService] - [Thread:62] begin to connect to app.chat.xiaomi.net
05-25 09:55:42.220: I/XiaomiFirewall(1982): firewall pkgName:com.xiaomi.xmsf, result:0x0
05-25 09:55:42.230: I/XiaomiFirewall(1982): firewall pkgName:com.snail.cdb.ddui, result:0x0
05-25 09:55:42.800: I/ThermalEngine(230): Sensor:batt_temp:31700 mC
05-25 09:55:43.010: D/dalvikvm(9956): GC_CONCURRENT freed 1921K, 13% free 19618K/22400K, paused 3ms+4ms, total 54ms
05-25 09:55:43.800: I/ThermalEngine(230): Sensor:batt_temp:31700 mC
05-25 09:55:44.810: I/ThermalEngine(230): Sensor:batt_temp:31600 mC
05-25 09:55:45.320: E/QCALOG(355): [MessageQ] ProcessNewMessage: [XTWiFi-PE] unknown deliver target [OS-Agent]
05-25 09:55:45.370: D/StatusBar.NetworkController(1112): onSignalStrengthsChanged received on slotId :0signalStrength=SignalStrength: 99 0 -120 -160 -120 -1 -1 16 -109 -9 68 2147483647 2147483647 gsm|lte level=3 cdmdlevel=0 evdolevel=0
05-25 09:55:45.810: I/ThermalEngine(230): Sensor:batt_temp:31800 mC
05-25 09:55:46.060: D/Ulp_jni(1046): Location CB invoked
05-25 09:55:46.290: E/QCALOG(355): [MessageQ] ProcessNewMessage: [XT-CS] unknown deliver target [OS-Agent]
05-25 09:55:46.290: E/QCALOG(355): [MessageQ] ProcessNewMessage: [XTWWAN-PE] unknown deliver target [OS-Agent]
05-25 09:55:46.820: I/ThermalEngine(230): Sensor:batt_temp:31700 mC
05-25 09:55:47.820: I/ThermalEngine(230): Sensor:batt_temp:31600 mC
05-25 09:55:48.020: D/StatusBar.NetworkController(1112): onSignalStrengthsChanged received on slotId :0signalStrength=SignalStrength: 99 0 -120 -160 -120 -1 -1 16 -109 -9 58 2147483647 2147483647 gsm|lte level=3 cdmdlevel=0 evdolevel=0
05-25 09:55:48.080: D/dalvikvm(1279): GC_CONCURRENT freed 1835K, 32% free 15246K/22304K, paused 6ms+2ms, total 118ms
05-25 09:55:48.830: I/ThermalEngine(230): Sensor:batt_temp:31700 mC
05-25 09:55:49.830: I/ThermalEngine(230): Sensor:batt_temp:31700 mC
05-25 09:55:50.230: D/StatusBar.NetworkController(1112): onSignalStrengthsChanged received on slotId :0signalStrength=SignalStrength: 99 0 -120 -160 -120 -1 -1 17 -108 -9 58 2147483647 2147483647 gsm|lte level=3 cdmdlevel=0 evdolevel=0
05-25 09:55:50.320: E/QCALOG(355): [MessageQ] ProcessNewMessage: [XTWiFi-PE] unknown deliver target [OS-Agent]
05-25 09:55:50.320: W/PushService(1457): 2016-05-25 09:55:50,332 - [WARN::PushService] - SMACK: Could not connect to:app.chat.xiaomi.net
05-25 09:55:50.420: D/dalvikvm(1457): GC_CONCURRENT freed 2139K, 33% free 15155K/22304K, paused 4ms+2ms, total 37ms
05-25 09:55:50.420: D/dalvikvm(1457): WAIT_FOR_CONCURRENT_GC blocked 10ms
05-25 09:55:50.440: W/PushService(1457): 2016-05-25 09:55:50,446 - [WARN::PushService] - fail to create xmpp connection
05-25 09:55:50.440: W/PushService(1457): SMACK: Could not connect to 111.206.200.2:443 port:5222 failed to connect to /111.206.200.2 (port 443) after 8000ms
05-25 09:55:50.440: W/PushService(1457): SMACK: Could not connect to 123.125.102.13:5222 port:5222 failed to connect to /123.125.102.13 (port 5222) after 8000ms
05-25 09:55:50.440: W/PushService(1457): SMACK: Could not connect to 111.206.205.2:5222 port:5222 failed to connect to /111.206.205.2 (port 5222) after 8000ms
05-25 09:55:50.440: W/PushService(1457): SMACK: Could not connect to 42.62.94.2:5222 port:5222 failed to connect to /42.62.94.2 (port 5222) after 8000ms
05-25 09:55:50.440: W/PushService(1457): SMACK: Could not connect to 120.134.33.29:80 port:5222 failed to connect to /120.134.33.29 (port 80) after 8000ms
05-25 09:55:50.440: W/PushService(1457): SMACK: Could not connect to app.chat.xiaomi.net port:5222 failed to connect to app.chat.xiaomi.net/111.206.200.2 (port 5222) after 8000ms
05-25 09:55:50.440: W/PushService(1457): :
05-25 09:55:50.440: W/PushService(1457): 	at com.xiaomi.smack.XMPPConnection.connectDirectly(XMPPConnection.java:416)
05-25 09:55:50.440: W/PushService(1457): 	at com.xiaomi.smack.XMPPConnection.connectUsingConfiguration(XMPPConnection.java:322)
05-25 09:55:50.440: W/PushService(1457): 	at com.xiaomi.smack.XMPPConnection.connect(XMPPConnection.java:499)
05-25 09:55:50.440: W/PushService(1457): 	at com.xiaomi.push.service.XMPushService.connectByXMPP(XMPushService.java:1143)
05-25 09:55:50.440: W/PushService(1457): 	at com.xiaomi.push.service.XMPushService.connect(XMPushService.java:1121)
05-25 09:55:50.440: W/PushService(1457): 	at com.xiaomi.push.service.XMPushService.access$800(XMPushService.java:70)
05-25 09:55:50.440: W/PushService(1457): 	at com.xiaomi.push.service.XMPushService$ConnectJob.process(XMPushService.java:1410)
05-25 09:55:50.440: W/PushService(1457): 	at com.xiaomi.push.service.XMPushService$Job.run(XMPushService.java:1213)
05-25 09:55:50.440: W/PushService(1457): 	at com.xiaomi.push.service.JobScheduler$SchedulerImpl.run(JobScheduler.java:389)
05-25 09:55:50.440: W/PushService(1457): 2016-05-25 09:55:50,448 - [WARN::PushService] - [Thread:62] update the connection status. connecting -> disconnected : ERROR_NETWORK_FAILED
05-25 09:55:50.440: W/PushService(1457): 2016-05-25 09:55:50,449 - [WARN::PushService] - [Thread:62] schedule reconnect in 60000ms
05-25 09:55:50.440: I/TrafficManageService(1982): mExtraNetworkReceiver tag = miui.intent.action.NETWORK_BLOCKED
05-25 09:55:50.440: I/NetworkDiagnostics_CheckStateManager(1982): networkBlocked
05-25 09:55:50.800: I/XiaomiFirewall(1982): firewall pkgName:com.snail.cdb.ddui, result:0x0
05-25 09:55:50.840: I/ThermalEngine(230): Sensor:batt_temp:32000 mC
05-25 09:55:51.290: E/QCALOG(355): [MessageQ] ProcessNewMessage: [XT-CS] unknown deliver target [OS-Agent]
05-25 09:55:51.290: E/QCALOG(355): [MessageQ] ProcessNewMessage: [XTWWAN-PE] unknown deliver target [OS-Agent]
05-25 09:55:51.840: I/ThermalEngine(230): Sensor:batt_temp:32300 mC
05-25 09:55:52.850: I/ThermalEngine(230): Sensor:batt_temp:31700 mC
05-25 09:55:53.370: D/dalvikvm(1112): GC_EXPLICIT freed 6896K, 33% free 22999K/33872K, paused 9ms+6ms, total 53ms
05-25 09:55:53.850: I/ThermalEngine(230): Sensor:batt_temp:31700 mC
05-25 09:55:54.850: I/ThermalEngine(230): Sensor:batt_temp:31700 mC
05-25 09:55:55.320: E/QCALOG(355): [MessageQ] ProcessNewMessage: [XTWiFi-PE] unknown deliver target [OS-Agent]
05-25 09:55:55.860: I/ThermalEngine(230): Sensor:batt_temp:31800 mC
05-25 09:55:56.060: D/Ulp_jni(1046): Location CB invoked
05-25 09:55:56.290: E/QCALOG(355): [MessageQ] ProcessNewMessage: [XT-CS] unknown deliver target [OS-Agent]
05-25 09:55:56.290: E/QCALOG(355): [MessageQ] ProcessNewMessage: [XTWWAN-PE] unknown deliver target [OS-Agent]
05-25 09:55:56.610: I/XiaomiFirewall(1982): firewall pkgName:com.snail.cdb.ddui, result:0x0
05-25 09:55:56.710: I/TIME(3820): xxxxxxxxx======[93]
05-25 09:55:56.860: I/ThermalEngine(230): Sensor:batt_temp:32000 mC
05-25 09:55:56.950: D/StatusBar.NetworkController(1112): onSignalStrengthsChanged received on slotId :0signalStrength=SignalStrength: 99 0 -120 -160 -120 -1 -1 17 -108 -9 78 2147483647 2147483647 gsm|lte level=3 cdmdlevel=0 evdolevel=0
05-25 09:55:57.870: I/ThermalEngine(230): Sensor:batt_temp:31700 mC
05-25 09:55:58.340: I/Atfwd_Daemon(276): Stop the daemon....
05-25 09:55:58.870: I/ThermalEngine(230): Sensor:batt_temp:32100 mC
05-25 09:55:59.880: I/ThermalEngine(230): Sensor:batt_temp:31700 mC
05-25 09:56:00.320: E/QCALOG(355): [MessageQ] ProcessNewMessage: [XTWiFi-PE] unknown deliver target [OS-Agent]
05-25 09:56:00.880: I/ThermalEngine(230): Sensor:batt_temp:31700 mC
05-25 09:56:01.290: E/QCALOG(355): [MessageQ] ProcessNewMessage: [XT-CS] unknown deliver target [OS-Agent]
05-25 09:56:01.300: E/QCALOG(355): [MessageQ] ProcessNewMessage: [XTWWAN-PE] unknown deliver target [OS-Agent]
05-25 09:56:01.890: I/ThermalEngine(230): Sensor:batt_temp:31800 mC
05-25 09:56:02.890: I/ThermalEngine(230): Sensor:batt_temp:31800 mC
05-25 09:56:03.370: D/StatusBar.NetworkController(1112): onSignalStrengthsChanged received on slotId :0signalStrength=SignalStrength: 99 0 -120 -160 -120 -1 -1 17 -108 -9 58 2147483647 2147483647 gsm|lte level=3 cdmdlevel=0 evdolevel=0
05-25 09:56:03.900: I/ThermalEngine(230): Sensor:batt_temp:32100 mC
05-25 09:56:04.200: I/XiaomiFirewall(1982): firewall pkgName:com.baidu.BaiduMap, result:0x0
