05-25 10:05:53.620: W/ContextImpl(1982): Calling a method in the system process without a qualified user: android.app.ContextImpl.sendBroadcast:1173 android.content.ContextWrapper.sendBroadcast:365 com.miui.networkassistant.service.tm.TrafficManageService.broadCastDataUsageUpdated:828 com.miui.networkassistant.service.tm.TrafficManageService$8.onReceive:1061 android.app.LoadedApk$ReceiverDispatcher$Args.run:761
05-25 10:05:53.630: D/ConnectivityServiceHSM(1046): Actual State: DefaultConnectivityState, Current State: DefaultConnectivityState.processMessage what=112
05-25 10:05:53.630: D/ConnectivityServiceHSM(1046): Actual State: DefaultConnectivityState, Current State: DefaultConnectivityState.processMessage what=112
05-25 10:05:53.630: D/ConnectivityServiceHSM(1046): Actual State: DefaultConnectivityState, Current State: DefaultConnectivityState.processMessage what=112
05-25 10:05:53.630: D/ConnectivityServiceHSM(1046): Actual State: DefaultConnectivityState, Current State: DefaultConnectivityState.processMessage what=112
05-25 10:05:53.630: D/MobileDataStateTracker(1046): default: setPolicyDataEnable(enabled=true)
05-25 10:05:53.970: D/dalvikvm(9956): GC_FOR_ALLOC freed 913K, 12% free 19714K/22400K, paused 34ms, total 34ms
05-25 10:05:54.610: I/ThermalEngine(230): Sensor:batt_temp:35100 mC
05-25 10:05:54.690: D/ConnectivityServiceHSM(1046): Actual State: DefaultConnectivityState, Current State: DefaultConnectivityState.processMessage what=112
05-25 10:05:54.690: D/ConnectivityServiceHSM(1046): Actual State: DefaultConnectivityState, Current State: DefaultConnectivityState.processMessage what=112
05-25 10:05:54.690: D/ConnectivityServiceHSM(1046): Actual State: DefaultConnectivityState, Current State: DefaultConnectivityState.processMessage what=112
05-25 10:05:54.690: D/ConnectivityServiceHSM(1046): Actual State: DefaultConnectivityState, Current State: DefaultConnectivityState.processMessage what=112
05-25 10:05:54.690: I/TrafficManageService(1982): mina mTrafficStatsReceiver onReceive
05-25 10:05:54.690: D/MobileDataStateTracker(1046): default: setPolicyDataEnable(enabled=true)
05-25 10:05:54.690: W/ContextImpl(1982): Calling a method in the system process without a qualified user: android.app.ContextImpl.sendBroadcast:1173 android.content.ContextWrapper.sendBroadcast:365 com.miui.networkassistant.service.tm.TrafficManageService.broadCastDataUsageUpdated:828 com.miui.networkassistant.service.tm.TrafficManageService$8.onReceive:1061 android.app.LoadedApk$ReceiverDispatcher$Args.run:761
05-25 10:05:55.340: E/QCALOG(355): [MessageQ] ProcessNewMessage: [XTWiFi-PE] unknown deliver target [OS-Agent]
05-25 10:05:55.530: I/XiaomiFirewall(1982): firewall pkgName:com.baidu.BaiduMap, result:0x0
05-25 10:05:55.530: I/XiaomiFirewall(1982): firewall pkgName:com.snail.cdb.ddui, result:0x0
05-25 10:05:55.620: I/ThermalEngine(230): Sensor:batt_temp:35500 mC
05-25 10:05:56.070: D/Ulp_jni(1046): Location CB invoked
05-25 10:05:56.310: E/QCALOG(355): [MessageQ] ProcessNewMessage: [XT-CS] unknown deliver target [OS-Agent]
05-25 10:05:56.320: E/QCALOG(355): [MessageQ] ProcessNewMessage: [XTWWAN-PE] unknown deliver target [OS-Agent]
05-25 10:05:56.620: I/ThermalEngine(230): Sensor:batt_temp:35000 mC
05-25 10:05:56.680: I/TrafficManageService(1982): mina mTrafficStatsReceiver onReceive
05-25 10:05:56.680: W/ContextImpl(1982): Calling a method in the system process without a qualified user: android.app.ContextImpl.sendBroadcast:1173 android.content.ContextWrapper.sendBroadcast:365 com.miui.networkassistant.service.tm.TrafficManageService.broadCastDataUsageUpdated:828 com.miui.networkassistant.service.tm.TrafficManageService$8.onReceive:1061 android.app.LoadedApk$ReceiverDispatcher$Args.run:761
05-25 10:05:56.700: D/ConnectivityServiceHSM(1046): Actual State: DefaultConnectivityState, Current State: DefaultConnectivityState.processMessage what=112
05-25 10:05:56.700: D/ConnectivityServiceHSM(1046): Actual State: DefaultConnectivityState, Current State: DefaultConnectivityState.processMessage what=112
05-25 10:05:56.700: D/ConnectivityServiceHSM(1046): Actual State: DefaultConnectivityState, Current State: DefaultConnectivityState.processMessage what=112
05-25 10:05:56.700: D/ConnectivityServiceHSM(1046): Actual State: DefaultConnectivityState, Current State: DefaultConnectivityState.processMessage what=112
05-25 10:05:56.700: D/MobileDataStateTracker(1046): default: setPolicyDataEnable(enabled=true)
05-25 10:05:56.910: W/ContextImpl(11385): Implicit intents with startService are not safe: Intent { act=com.qihoo.appstore.ACTION_CLEAR_BACKGROUND (has extras) } android.content.ContextWrapper.startService:494 com.qihoo.receiver.ClearBroadcastReceiver.b:214 com.qihoo.receiver.ClearBroadcastReceiver.onReceive:48
05-25 10:05:56.950: W/ContextImpl(11385): Implicit intents with startService are not safe: Intent { act=com.qihoo.appstore.ACTION_CLEAR_BACKGROUND (has extras) } android.content.ContextWrapper.startService:494 com.qihoo.receiver.ClearBroadcastReceiver.b:214 com.qihoo.receiver.ClearBroadcastReceiver.onReceive:48
05-25 10:05:57.370: D/dalvikvm(9956): GC_FOR_ALLOC freed 791K, 12% free 19712K/22400K, paused 33ms, total 34ms
05-25 10:05:57.460: D/StatusBar.NetworkController(1112): onSignalStrengthsChanged received on slotId :0signalStrength=SignalStrength: 99 0 -120 -160 -120 -1 -1 16 -108 -10 74 2147483647 2147483647 gsm|lte level=3 cdmdlevel=0 evdolevel=0
05-25 10:05:57.630: I/ThermalEngine(230): Sensor:batt_temp:35200 mC
05-25 10:05:58.020: I/XiaomiFirewall(1982): firewall pkgName:com.baidu.BaiduMap, result:0x0
05-25 10:05:58.030: I/XiaomiFirewall(1982): firewall pkgName:com.snail.cdb.ddui, result:0x0
05-25 10:05:58.630: I/ThermalEngine(230): Sensor:batt_temp:35200 mC
05-25 10:05:59.640: I/ThermalEngine(230): Sensor:batt_temp:35100 mC
05-25 10:05:59.700: D/StatusBar.NetworkController(1112): onSignalStrengthsChanged received on slotId :0signalStrength=SignalStrength: 99 0 -120 -160 -120 -1 -1 16 -108 -10 90 2147483647 2147483647 gsm|lte level=3 cdmdlevel=0 evdolevel=0
05-25 10:06:00.040: I/XiaomiFirewall(1982): firewall pkgName:com.baidu.BaiduMap, result:0x0
05-25 10:06:00.070: I/XiaomiFirewall(1982): firewall pkgName:com.snail.cdb.ddui, result:0x0
05-25 10:06:00.340: E/QCALOG(355): [MessageQ] ProcessNewMessage: [XTWiFi-PE] unknown deliver target [OS-Agent]
05-25 10:06:00.640: I/ThermalEngine(230): Sensor:batt_temp:35100 mC
05-25 10:06:00.700: I/TrafficManageService(1982): mina mTrafficStatsReceiver onReceive
05-25 10:06:00.700: W/ContextImpl(1982): Calling a method in the system process without a qualified user: android.app.ContextImpl.sendBroadcast:1173 android.content.ContextWrapper.sendBroadcast:365 com.miui.networkassistant.service.tm.TrafficManageService.broadCastDataUsageUpdated:828 com.miui.networkassistant.service.tm.TrafficManageService$8.onReceive:1061 android.app.LoadedApk$ReceiverDispatcher$Args.run:761
05-25 10:06:00.720: D/ConnectivityServiceHSM(1046): Actual State: DefaultConnectivityState, Current State: DefaultConnectivityState.processMessage what=112
05-25 10:06:00.730: D/ConnectivityServiceHSM(1046): Actual State: DefaultConnectivityState, Current State: DefaultConnectivityState.processMessage what=112
05-25 10:06:00.730: D/ConnectivityServiceHSM(1046): Actual State: DefaultConnectivityState, Current State: DefaultConnectivityState.processMessage what=112
05-25 10:06:00.730: D/ConnectivityServiceHSM(1046): Actual State: DefaultConnectivityState, Current State: DefaultConnectivityState.processMessage what=112
05-25 10:06:00.730: D/MobileDataStateTracker(1046): default: setPolicyDataEnable(enabled=true)
05-25 10:06:01.310: E/QCALOG(355): [MessageQ] ProcessNewMessage: [XT-CS] unknown deliver target [OS-Agent]
05-25 10:06:01.320: E/QCALOG(355): [MessageQ] ProcessNewMessage: [XTWWAN-PE] unknown deliver target [OS-Agent]
05-25 10:06:01.650: I/ThermalEngine(230): Sensor:batt_temp:34800 mC
05-25 10:06:01.940: D/StatusBar.NetworkController(1112): onSignalStrengthsChanged received on slotId :0signalStrength=SignalStrength: 99 0 -120 -160 -120 -1 -1 16 -108 -10 58 2147483647 2147483647 gsm|lte level=3 cdmdlevel=0 evdolevel=0
05-25 10:06:02.010: I/XiaomiFirewall(1982): firewall pkgName:com.snail.cdb.ddui, result:0x0
05-25 10:06:02.120: I/TIME(3820): xxxxxxxxx======[116]
05-25 10:06:02.650: I/ThermalEngine(230): Sensor:batt_temp:35000 mC
05-25 10:06:02.940: I/XiaomiFirewall(1982): firewall pkgName:com.baidu.BaiduMap, result:0x0
05-25 10:06:03.660: I/ThermalEngine(230): Sensor:batt_temp:35500 mC
05-25 10:06:04.290: I/XiaomiFirewall(1982): firewall pkgName:com.baidu.BaiduMap, result:0x0
05-25 10:06:04.300: I/XiaomiFirewall(1982): firewall pkgName:com.snail.cdb.ddui, result:0x0
05-25 10:06:04.600: I/TrafficManageService(1982): mina mTrafficStatsReceiver onReceive
05-25 10:06:04.600: D/ConnectivityServiceHSM(1046): Actual State: DefaultConnectivityState, Current State: DefaultConnectivityState.processMessage what=112
05-25 10:06:04.600: W/ContextImpl(1982): Calling a method in the system process without a qualified user: android.app.ContextImpl.sendBroadcast:1173 android.content.ContextWrapper.sendBroadcast:365 com.miui.networkassistant.service.tm.TrafficManageService.broadCastDataUsageUpdated:828 com.miui.networkassistant.service.tm.TrafficManageService$8.onReceive:1061 android.app.LoadedApk$ReceiverDispatcher$Args.run:761
05-25 10:06:04.610: D/ConnectivityServiceHSM(1046): Actual State: DefaultConnectivityState, Current State: DefaultConnectivityState.processMessage what=112
05-25 10:06:04.610: D/ConnectivityServiceHSM(1046): Actual State: DefaultConnectivityState, Current State: DefaultConnectivityState.processMessage what=112
05-25 10:06:04.610: D/ConnectivityServiceHSM(1046): Actual State: DefaultConnectivityState, Current State: DefaultConnectivityState.processMessage what=112
05-25 10:06:04.610: D/MobileDataStateTracker(1046): default: setPolicyDataEnable(enabled=true)
05-25 10:06:04.660: I/ThermalEngine(230): Sensor:batt_temp:35500 mC
05-25 10:06:05.160: D/dalvikvm(3820): GC_FOR_ALLOC freed 2017K, 25% free 19580K/25908K, paused 23ms, total 23ms
05-25 10:06:05.340: E/QCALOG(355): [MessageQ] ProcessNewMessage: [XTWiFi-PE] unknown deliver target [OS-Agent]
05-25 10:06:05.660: I/ThermalEngine(230): Sensor:batt_temp:35200 mC
05-25 10:06:05.670: D/PhoneStatusBar(1112): updateNotification pkg=com.qihoo.appstore;id=10012
05-25 10:06:05.680: D/PhoneStatusBar(1112): updateNotification pkg=com.qihoo.appstore;id=10012
05-25 10:06:06.070: D/Ulp_jni(1046): Location CB invoked
05-25 10:06:06.310: E/QCALOG(355): [MessageQ] ProcessNewMessage: [XT-CS] unknown deliver target [OS-Agent]
05-25 10:06:06.320: E/QCALOG(355): [MessageQ] ProcessNewMessage: [XTWWAN-PE] unknown deliver target [OS-Agent]
05-25 10:06:06.420: D/StatusBar.NetworkController(1112): onSignalStrengthsChanged received on slotId :0signalStrength=SignalStrength: 99 0 -120 -160 -120 -1 -1 16 -109 -10 88 2147483647 2147483647 gsm|lte level=3 cdmdlevel=0 evdolevel=0
05-25 10:06:06.480: I/XiaomiFirewall(1982): firewall pkgName:com.baidu.BaiduMap, result:0x0
05-25 10:06:06.490: I/XiaomiFirewall(1982): firewall pkgName:com.snail.cdb.ddui, result:0x0
05-25 10:06:06.670: I/ThermalEngine(230): Sensor:batt_temp:35500 mC
05-25 10:06:07.280: D/dalvikvm(9956): GC_FOR_ALLOC freed 929K, 13% free 19701K/22400K, paused 30ms, total 30ms
05-25 10:06:07.670: I/ThermalEngine(230): Sensor:batt_temp:35200 mC
05-25 10:06:08.140: I/XiaomiFirewall(1982): firewall pkgName:com.baidu.BaiduMap, result:0x0
05-25 10:06:08.150: I/XiaomiFirewall(1982): firewall pkgName:com.snail.cdb.ddui, result:0x0
05-25 10:06:08.190: I/TrafficManageService(1982): mina mTrafficStatsReceiver onReceive
05-25 10:06:08.190: D/ConnectivityServiceHSM(1046): Actual State: DefaultConnectivityState, Current State: DefaultConnectivityState.processMessage what=112
05-25 10:06:08.190: W/ContextImpl(1982): Calling a method in the system process without a qualified user: android.app.ContextImpl.sendBroadcast:1173 android.content.ContextWrapper.sendBroadcast:365 com.miui.networkassistant.service.tm.TrafficManageService.broadCastDataUsageUpdated:828 com.miui.networkassistant.service.tm.TrafficManageService$8.onReceive:1061 android.app.LoadedApk$ReceiverDispatcher$Args.run:761
05-25 10:06:08.220: D/ConnectivityServiceHSM(1046): Actual State: DefaultConnectivityState, Current State: DefaultConnectivityState.processMessage what=112
05-25 10:06:08.220: D/ConnectivityServiceHSM(1046): Actual State: DefaultConnectivityState, Current State: DefaultConnectivityState.processMessage what=112
05-25 10:06:08.220: D/ConnectivityServiceHSM(1046): Actual State: DefaultConnectivityState, Current State: DefaultConnectivityState.processMessage what=112
05-25 10:06:08.220: D/MobileDataStateTracker(1046): default: setPolicyDataEnable(enabled=true)
05-25 10:06:08.380: I/ActivityManager(1046): Start proc com.miui.weather2 for broadcast com.miui.weather2/.receiver.ReceiverUpdateWeather: pid=13522 uid=10028 gids={50028, 1028, 1015, 3003}
05-25 10:06:08.460: D/miuisdk(13522): current sdk level is 6
05-25 10:06:08.480: D/dalvikvm(13522): GetMethodID: not returning static method Landroid/graphics/drawable/Drawable;.createFromXmlInner (Landroid/content/res/Resources;Lorg/xmlpull/v1/XmlPullParser;Landroid/util/AttributeSet;)Landroid/graphics/drawable/Drawable;
05-25 10:06:08.480: D/dalvikvm(13522): GetMethodID: not returning static method Landroid/text/util/Linkify;.gatherLinks (Ljava/util/ArrayList;Landroid/text/Spannable;Ljava/util/regex/Pattern;[Ljava/lang/String;Landroid/text/util/Linkify$MatchFilter;Landroid/text/util/Linkify$TransformFilter;)V
05-25 10:06:08.480: D/dalvikvm(13522): GetMethodID: not returning static method Landroid/text/util/Linkify;.gatherMapLinks (Ljava/util/ArrayList;Landroid/text/Spannable;)V
05-25 10:06:08.480: D/dalvikvm(13522): GetMethodID: not returning static method Landroid/text/util/Linkify;.pruneOverlaps (Ljava/util/ArrayList;)V
05-25 10:06:08.480: D/dalvikvm(13522): GetMethodID: not returning static method Landroid/text/util/Linkify;.applyLink (Ljava/lang/String;IILandroid/text/Spannable;)V
05-25 10:06:08.480: D/dalvikvm(13522): GetMethodID: not returning static method Landroid/text/util/Linkify;.gatherTelLinks (Ljava/util/ArrayList;Landroid/text/Spannable;)V
05-25 10:06:08.480: D/dalvikvm(13522): GetMethodID: not returning static method Landroid/text/util/Linkify;.gatherLinks (Ljava/util/ArrayList;Landroid/text/Spannable;Ljava/util/regex/Pattern;[Ljava/lang/String;Landroid/text/util/Linkify$MatchFilter;Landroid/text/util/Linkify$TransformFilter;)V
05-25 10:06:08.480: D/dalvikvm(13522): GetMethodID: not returning static method Landroid/text/util/Linkify;.addLinks (Landroid/text/Spannable;I)Z
05-25 10:06:08.520: W/PushService(1457): 2016-05-25 10:06:08,528 - [WARN::PushService] - [Thread:1] Service called on timer
05-25 10:06:08.520: W/PushService(1457): 2016-05-25 10:06:08,533 - [WARN::PushService] - [Thread:62] JOB: do reconnect..
05-25 10:06:08.520: W/PushService(1457): 2016-05-25 10:06:08,535 - [WARN::PushService] - [Thread:62] update the connection status. disconnected -> connecting : ERROR_OK
05-25 10:06:08.530: W/PushService(1457): 2016-05-25 10:06:08,542 - [WARN::PushService] - [Thread:62] begin to connect to 111.206.200.2:443
05-25 10:06:08.530: I/XiaomiFirewall(1982): firewall pkgName:com.xiaomi.xmsf, result:0x0
05-25 10:06:08.580: D/dalvikvm(11385): GC_CONCURRENT freed 1968K, 31% free 15467K/22304K, paused 3ms+7ms, total 42ms
05-25 10:06:08.660: D/StatusBar.NetworkController(1112): onSignalStrengthsChanged received on slotId :0signalStrength=SignalStrength: 99 0 -120 -160 -120 -1 -1 16 -109 -10 78 2147483647 2147483647 gsm|lte level=3 cdmdlevel=0 evdolevel=0
05-25 10:06:08.680: I/ThermalEngine(230): Sensor:batt_temp:35900 mC
05-25 10:06:09.490: I/TrafficManageService(1982): mina mTrafficStatsReceiver onReceive
05-25 10:06:09.490: D/ConnectivityServiceHSM(1046): Actual State: DefaultConnectivityState, Current State: DefaultConnectivityState.processMessage what=112
05-25 10:06:09.490: W/ContextImpl(1982): Calling a method in the system process without a qualified user: android.app.ContextImpl.sendBroadcast:1173 android.content.ContextWrapper.sendBroadcast:365 com.miui.networkassistant.service.tm.TrafficManageService.broadCastDataUsageUpdated:828 com.miui.networkassistant.service.tm.TrafficManageService$8.onReceive:1061 android.app.LoadedApk$ReceiverDispatcher$Args.run:761
05-25 10:06:09.500: D/ConnectivityServiceHSM(1046): Actual State: DefaultConnectivityState, Current State: DefaultConnectivityState.processMessage what=112
05-25 10:06:09.500: D/ConnectivityServiceHSM(1046): Actual State: DefaultConnectivityState, Current State: DefaultConnectivityState.processMessage what=112
05-25 10:06:09.500: D/ConnectivityServiceHSM(1046): Actual State: DefaultConnectivityState, Current State: DefaultConnectivityState.processMessage what=112
05-25 10:06:09.500: D/MobileDataStateTracker(1046): default: setPolicyDataEnable(enabled=true)
05-25 10:06:09.680: I/ThermalEngine(230): Sensor:batt_temp:35700 mC
05-25 10:06:10.340: E/QCALOG(355): [MessageQ] ProcessNewMessage: [XTWiFi-PE] unknown deliver target [OS-Agent]
05-25 10:06:10.370: I/TrafficManageService(1982): mina mTrafficStatsReceiver onReceive
05-25 10:06:10.370: D/ConnectivityServiceHSM(1046): Actual State: DefaultConnectivityState, Current State: DefaultConnectivityState.processMessage what=112
05-25 10:06:10.370: D/ConnectivityServiceHSM(1046): Actual State: DefaultConnectivityState, Current State: DefaultConnectivityState.processMessage what=112
05-25 10:06:10.370: W/ContextImpl(1982): Calling a method in the system process without a qualified user: android.app.ContextImpl.sendBroadcast:1173 android.content.ContextWrapper.sendBroadcast:365 com.miui.networkassistant.service.tm.TrafficManageService.broadCastDataUsageUpdated:828 com.miui.networkassistant.service.tm.TrafficManageService$8.onReceive:1061 android.app.LoadedApk$ReceiverDispatcher$Args.run:761
05-25 10:06:10.370: D/MobileDataStateTracker(1046): default: setPolicyDataEnable(enabled=true)
05-25 10:06:10.380: D/ConnectivityServiceHSM(1046): Actual State: DefaultConnectivityState, Current State: DefaultConnectivityState.processMessage what=112
05-25 10:06:10.380: D/ConnectivityServiceHSM(1046): Actual State: DefaultConnectivityState, Current State: DefaultConnectivityState.processMessage what=112
05-25 10:06:10.690: I/ThermalEngine(230): Sensor:batt_temp:35800 mC
05-25 10:06:10.900: D/StatusBar.NetworkController(1112): onSignalStrengthsChanged received on slotId :0signalStrength=SignalStrength: 99 0 -120 -160 -120 -1 -1 18 -109 -10 4 2147483647 2147483647 gsm|lte level=3 cdmdlevel=0 evdolevel=0
05-25 10:06:11.310: E/QCALOG(355): [MessageQ] ProcessNewMessage: [XT-CS] unknown deliver target [OS-Agent]
05-25 10:06:11.320: E/QCALOG(355): [MessageQ] ProcessNewMessage: [XTWWAN-PE] unknown deliver target [OS-Agent]
05-25 10:06:11.380: I/XiaomiFirewall(1982): firewall pkgName:com.baidu.BaiduMap, result:0x0
05-25 10:06:11.400: I/XiaomiFirewall(1982): firewall pkgName:com.snail.cdb.ddui, result:0x0
05-25 10:06:11.690: I/ThermalEngine(230): Sensor:batt_temp:35200 mC
05-25 10:06:12.700: I/ThermalEngine(230): Sensor:batt_temp:35200 mC
05-25 10:06:13.300: I/XiaomiFirewall(1982): firewall pkgName:com.baidu.BaiduMap, result:0x0
05-25 10:06:13.320: I/XiaomiFirewall(1982): firewall pkgName:com.snail.cdb.ddui, result:0x0
05-25 10:06:13.580: D/dalvikvm(9956): GC_FOR_ALLOC freed 773K, 12% free 19759K/22400K, paused 35ms, total 35ms
05-25 10:06:13.700: I/ThermalEngine(230): Sensor:batt_temp:36100 mC
05-25 10:06:14.710: I/ThermalEngine(230): Sensor:batt_temp:34900 mC
05-25 10:06:15.100: I/XiaomiFirewall(1982): firewall pkgName:com.baidu.BaiduMap, result:0x0
05-25 10:06:15.140: I/XiaomiFirewall(1982): firewall pkgName:com.snail.cdb.ddui, result:0x0
05-25 10:06:15.350: E/QCALOG(355): [MessageQ] ProcessNewMessage: [XTWiFi-PE] unknown deliver target [OS-Agent]
05-25 10:06:15.380: D/StatusBar.NetworkController(1112): onSignalStrengthsChanged received on slotId :0signalStrength=SignalStrength: 99 0 -120 -160 -120 -1 -1 17 -109 -10 82 2147483647 2147483647 gsm|lte level=3 cdmdlevel=0 evdolevel=0
05-25 10:06:15.710: I/ThermalEngine(230): Sensor:batt_temp:35000 mC
05-25 10:06:16.070: D/Ulp_jni(1046): Location CB invoked
05-25 10:06:16.310: E/QCALOG(355): [MessageQ] ProcessNewMessage: [XT-CS] unknown deliver target [OS-Agent]
05-25 10:06:16.320: E/QCALOG(355): [MessageQ] ProcessNewMessage: [XTWWAN-PE] unknown deliver target [OS-Agent]
05-25 10:06:16.540: W/PushService(1457): 2016-05-25 10:06:16,549 - [WARN::PushService] - SMACK: Could not connect to:111.206.200.2:443
05-25 10:06:16.540: W/PushService(1457): 2016-05-25 10:06:16,554 - [WARN::PushService] - [Thread:62] begin to connect to 123.125.102.13:5222
05-25 10:06:16.550: I/XiaomiFirewall(1982): firewall pkgName:com.xiaomi.xmsf, result:0x0
05-25 10:06:16.720: I/ThermalEngine(230): Sensor:batt_temp:35400 mC
05-25 10:06:16.940: W/ContextImpl(11385): Implicit intents with startService are not safe: Intent { act=com.qihoo.appstore.ACTION_CLEAR_BACKGROUND (has extras) } android.content.ContextWrapper.startService:494 com.qihoo.receiver.ClearBroadcastReceiver.b:214 com.qihoo.receiver.ClearBroadcastReceiver.onReceive:48
05-25 10:06:16.970: W/ContextImpl(11385): Implicit intents with startService are not safe: Intent { act=com.qihoo.appstore.ACTION_CLEAR_BACKGROUND (has extras) } android.content.ContextWrapper.startService:494 com.qihoo.receiver.ClearBroadcastReceiver.b:214 com.qihoo.receiver.ClearBroadcastReceiver.onReceive:48
05-25 10:06:17.620: D/StatusBar.NetworkController(1112): onSignalStrengthsChanged received on slotId :0signalStrength=SignalStrength: 99 0 -120 -160 -120 -1 -1 17 -109 -10 32 2147483647 2147483647 gsm|lte level=3 cdmdlevel=0 evdolevel=0
05-25 10:06:17.720: I/ThermalEngine(230): Sensor:batt_temp:35600 mC
05-25 10:06:18.720: I/ThermalEngine(230): Sensor:batt_temp:35100 mC
05-25 10:06:19.060: I/XiaomiFirewall(1982): firewall pkgName:com.baidu.BaiduMap, result:0x0
05-25 10:06:19.070: I/XiaomiFirewall(1982): firewall pkgName:com.snail.cdb.ddui, result:0x0
05-25 10:06:19.610: I/TrafficManageService(1982): mina mTrafficStatsReceiver onReceive
05-25 10:06:19.610: W/ContextImpl(1982): Calling a method in the system process without a qualified user: android.app.ContextImpl.sendBroadcast:1173 android.content.ContextWrapper.sendBroadcast:365 com.miui.networkassistant.service.tm.TrafficManageService.broadCastDataUsageUpdated:828 com.miui.networkassistant.service.tm.TrafficManageService$8.onReceive:1061 android.app.LoadedApk$ReceiverDispatcher$Args.run:761
05-25 10:06:19.620: D/ConnectivityServiceHSM(1046): Actual State: DefaultConnectivityState, Current State: DefaultConnectivityState.processMessage what=112
05-25 10:06:19.620: D/ConnectivityServiceHSM(1046): Actual State: DefaultConnectivityState, Current State: DefaultConnectivityState.processMessage what=112
05-25 10:06:19.620: D/ConnectivityServiceHSM(1046): Actual State: DefaultConnectivityState, Current State: DefaultConnectivityState.processMessage what=112
05-25 10:06:19.620: D/ConnectivityServiceHSM(1046): Actual State: DefaultConnectivityState, Current State: DefaultConnectivityState.processMessage what=112
05-25 10:06:19.620: D/MobileDataStateTracker(1046): default: setPolicyDataEnable(enabled=true)
05-25 10:06:19.730: I/ThermalEngine(230): Sensor:batt_temp:35200 mC
05-25 10:06:19.870: D/StatusBar.NetworkController(1112): onSignalStrengthsChanged received on slotId :0signalStrength=SignalStrength: 99 0 -120 -160 -120 -1 -1 17 -109 -11 46 2147483647 2147483647 gsm|lte level=3 cdmdlevel=0 evdolevel=0
05-25 10:06:20.340: E/QCALOG(355): [MessageQ] ProcessNewMessage: [XTWiFi-PE] unknown deliver target [OS-Agent]
05-25 10:06:20.730: I/ThermalEngine(230): Sensor:batt_temp:35000 mC
05-25 10:06:21.280: E/QCALOG(355): [MessageQ] ProcessNewMessage: [LOWI-SERVER] unknown deliver target [OS-Agent]
05-25 10:06:21.310: E/QCALOG(355): [MessageQ] ProcessNewMessage: [XT-CS] unknown deliver target [OS-Agent]
05-25 10:06:21.320: E/QCALOG(355): [MessageQ] ProcessNewMessage: [XTWWAN-PE] unknown deliver target [OS-Agent]
05-25 10:06:21.520: I/XiaomiFirewall(1982): firewall pkgName:com.baidu.BaiduMap, result:0x0
05-25 10:06:21.540: I/XiaomiFirewall(1982): firewall pkgName:com.snail.cdb.ddui, result:0x0
05-25 10:06:21.740: I/ThermalEngine(230): Sensor:batt_temp:35700 mC
05-25 10:06:22.740: I/ThermalEngine(230): Sensor:batt_temp:35400 mC
05-25 10:06:23.350: I/XiaomiFirewall(1982): firewall pkgName:com.baidu.BaiduMap, result:0x0
05-25 10:06:23.360: I/XiaomiFirewall(1982): firewall pkgName:com.snail.cdb.ddui, result:0x0
05-25 10:06:23.510: I/ActivityManager(1046): Waited long enough for: ServiceRecord{436b9db0 u0 com.miui.weather2/.service.UpdateService}
05-25 10:06:23.750: I/ThermalEngine(230): Sensor:batt_temp:35400 mC
05-25 10:06:24.340: D/StatusBar.NetworkController(1112): onSignalStrengthsChanged received on slotId :0signalStrength=SignalStrength: 99 0 -120 -160 -120 -1 -1 17 -109 -10 66 2147483647 2147483647 gsm|lte level=3 cdmdlevel=0 evdolevel=0
05-25 10:06:24.550: W/PushService(1457): 2016-05-25 10:06:24,564 - [WARN::PushService] - SMACK: Could not connect to:123.125.102.13:5222
05-25 10:06:24.560: W/PushService(1457): 2016-05-25 10:06:24,568 - [WARN::PushService] - [Thread:62] begin to connect to 111.206.205.2:5222
05-25 10:06:24.560: I/XiaomiFirewall(1982): firewall pkgName:com.xiaomi.xmsf, result:0x0
05-25 10:06:24.750: I/ThermalEngine(230): Sensor:batt_temp:35400 mC
05-25 10:06:25.340: E/QCALOG(355): [MessageQ] ProcessNewMessage: [XTWiFi-PE] unknown deliver target [OS-Agent]
05-25 10:06:25.760: I/ThermalEngine(230): Sensor:batt_temp:35300 mC
05-25 10:06:26.070: D/Ulp_jni(1046): Location CB invoked
05-25 10:06:26.310: E/QCALOG(355): [MessageQ] ProcessNewMessage: [XT-CS] unknown deliver target [OS-Agent]
05-25 10:06:26.320: E/QCALOG(355): [MessageQ] ProcessNewMessage: [XTWWAN-PE] unknown deliver target [OS-Agent]
05-25 10:06:26.760: I/ThermalEngine(230): Sensor:batt_temp:34900 mC
05-25 10:06:27.770: I/ThermalEngine(230): Sensor:batt_temp:35500 mC
05-25 10:06:28.630: I/ActivityManager(1046): Killing 9871:com.android.email/u0a40 (adj 15): empty for 925s
05-25 10:06:28.770: I/ThermalEngine(230): Sensor:batt_temp:35300 mC
05-25 10:06:28.820: D/StatusBar.NetworkController(1112): onSignalStrengthsChanged received on slotId :0signalStrength=SignalStrength: 99 0 -120 -160 -120 -1 -1 17 -109 -10 -16 2147483647 2147483647 gsm|lte level=3 cdmdlevel=0 evdolevel=0
05-25 10:06:29.410: I/XiaomiFirewall(1982): firewall pkgName:com.baidu.BaiduMap, result:0x0
05-25 10:06:29.430: I/XiaomiFirewall(1982): firewall pkgName:com.snail.cdb.ddui, result:0x0
05-25 10:06:29.770: I/ThermalEngine(230): Sensor:batt_temp:35600 mC
05-25 10:06:30.340: E/QCALOG(355): [MessageQ] ProcessNewMessage: [XTWiFi-PE] unknown deliver target [OS-Agent]
05-25 10:06:30.780: I/ThermalEngine(230): Sensor:batt_temp:35500 mC
05-25 10:06:31.310: E/QCALOG(355): [MessageQ] ProcessNewMessage: [XT-CS] unknown deliver target [OS-Agent]
05-25 10:06:31.320: E/QCALOG(355): [MessageQ] ProcessNewMessage: [XTWWAN-PE] unknown deliver target [OS-Agent]
05-25 10:06:31.780: I/ThermalEngine(230): Sensor:batt_temp:35100 mC
05-25 10:06:32.120: I/XiaomiFirewall(1982): firewall pkgName:com.snail.cdb.ddui, result:0x0
05-25 10:06:32.230: I/TIME(3820): xxxxxxxxx======[104]
05-25 10:06:32.560: W/PushService(1457): 2016-05-25 10:06:32,575 - [WARN::PushService] - SMACK: Could not connect to:111.206.205.2:5222
05-25 10:06:32.570: W/PushService(1457): 2016-05-25 10:06:32,577 - [WARN::PushService] - [Thread:62] begin to connect to 42.62.94.2:5222
05-25 10:06:32.570: I/XiaomiFirewall(1982): firewall pkgName:com.xiaomi.xmsf, result:0x0
05-25 10:06:32.790: I/ThermalEngine(230): Sensor:batt_temp:34800 mC
05-25 10:06:33.070: I/XiaomiFirewall(1982): firewall pkgName:com.baidu.BaiduMap, result:0x0
05-25 10:06:33.300: D/StatusBar.NetworkController(1112): onSignalStrengthsChanged received on slotId :0signalStrength=SignalStrength: 99 0 -120 -160 -120 -1 -1 17 -109 -10 32 2147483647 2147483647 gsm|lte level=3 cdmdlevel=0 evdolevel=0
05-25 10:06:33.630: I/XiaomiFirewall(1982): firewall pkgName:android, result:0x0
05-25 10:06:33.790: I/ThermalEngine(230): Sensor:batt_temp:35700 mC
05-25 10:06:33.850: D/dalvikvm(9855): GC_CONCURRENT freed 1917K, 35% free 14566K/22304K, paused 3ms+2ms, total 21ms
05-25 10:06:34.800: I/ThermalEngine(230): Sensor:batt_temp:35200 mC
05-25 10:06:35.120: V/LocationPolicy(1046): writePolicyLocked()
05-25 10:06:35.340: E/QCALOG(355): [MessageQ] ProcessNewMessage: [XTWiFi-PE] unknown deliver target [OS-Agent]
05-25 10:06:35.540: D/StatusBar.NetworkController(1112): onSignalStrengthsChanged received on slotId :0signalStrength=SignalStrength: 99 0 -120 -160 -120 -1 -1 19 -109 -11 -4 2147483647 2147483647 gsm|lte level=3 cdmdlevel=0 evdolevel=0
05-25 10:06:35.800: I/ThermalEngine(230): Sensor:batt_temp:35600 mC
05-25 10:06:36.070: D/Ulp_jni(1046): Location CB invoked
05-25 10:06:36.310: E/QCALOG(355): [MessageQ] ProcessNewMessage: [XT-CS] unknown deliver target [OS-Agent]
05-25 10:06:36.320: E/QCALOG(355): [MessageQ] ProcessNewMessage: [XTWWAN-PE] unknown deliver target [OS-Agent]
05-25 10:06:36.810: I/ThermalEngine(230): Sensor:batt_temp:35500 mC
05-25 10:06:37.320: I/XiaomiFirewall(1982): firewall pkgName:com.baidu.BaiduMap, result:0x0
05-25 10:06:37.360: I/XiaomiFirewall(1982): firewall pkgName:com.snail.cdb.ddui, result:0x0
05-25 10:06:37.810: I/ThermalEngine(230): Sensor:batt_temp:35600 mC
05-25 10:06:38.820: I/ThermalEngine(230): Sensor:batt_temp:35500 mC
05-25 10:06:39.590: D/StatusBar.NetworkController(1112): onSignalStrengthsChanged received on slotId :0signalStrength=SignalStrength: 99 0 -120 -160 -120 -1 -1 17 -109 -9 74 2147483647 2147483647 gsm|lte level=3 cdmdlevel=0 evdolevel=0
05-25 10:06:39.830: I/ThermalEngine(230): Sensor:batt_temp:35500 mC
05-25 10:06:40.340: E/QCALOG(355): [MessageQ] ProcessNewMessage: [XTWiFi-PE] unknown deliver target [OS-Agent]
05-25 10:06:40.580: W/PushService(1457): 2016-05-25 10:06:40,586 - [WARN::PushService] - SMACK: Could not connect to:42.62.94.2:5222
05-25 10:06:40.580: W/PushService(1457): 2016-05-25 10:06:40,591 - [WARN::PushService] - [Thread:62] begin to connect to 120.134.33.29:80
05-25 10:06:40.580: I/XiaomiFirewall(1982): firewall pkgName:com.xiaomi.xmsf, result:0x0
05-25 10:06:40.620: I/XiaomiFirewall(1982): firewall pkgName:com.baidu.BaiduMap, result:0x0
05-25 10:06:40.690: I/XiaomiFirewall(1982): firewall pkgName:com.snail.cdb.ddui, result:0x0
05-25 10:06:40.830: I/ThermalEngine(230): Sensor:batt_temp:35900 mC
05-25 10:06:41.310: E/QCALOG(355): [MessageQ] ProcessNewMessage: [XT-CS] unknown deliver target [OS-Agent]
05-25 10:06:41.320: E/QCALOG(355): [MessageQ] ProcessNewMessage: [XTWWAN-PE] unknown deliver target [OS-Agent]
05-25 10:06:41.830: I/ThermalEngine(230): Sensor:batt_temp:35900 mC
05-25 10:06:42.380: I/XiaomiFirewall(1982): firewall pkgName:com.baidu.BaiduMap, result:0x0
05-25 10:06:42.400: I/XiaomiFirewall(1982): firewall pkgName:com.snail.cdb.ddui, result:0x0
05-25 10:06:42.840: I/ThermalEngine(230): Sensor:batt_temp:35400 mC
05-25 10:06:43.840: I/ThermalEngine(230): Sensor:batt_temp:35700 mC
05-25 10:06:44.850: I/ThermalEngine(230): Sensor:batt_temp:35000 mC
05-25 10:06:45.340: E/QCALOG(355): [MessageQ] ProcessNewMessage: [XTWiFi-PE] unknown deliver target [OS-Agent]
05-25 10:06:45.850: I/ThermalEngine(230): Sensor:batt_temp:35100 mC
05-25 10:06:46.070: D/Ulp_jni(1046): Location CB invoked
05-25 10:06:46.310: E/QCALOG(355): [MessageQ] ProcessNewMessage: [XT-CS] unknown deliver target [OS-Agent]
05-25 10:06:46.320: E/QCALOG(355): [MessageQ] ProcessNewMessage: [XTWWAN-PE] unknown deliver target [OS-Agent]
05-25 10:06:46.860: I/ThermalEngine(230): Sensor:batt_temp:36200 mC
05-25 10:06:46.870: I/XiaomiFirewall(1982): firewall pkgName:com.baidu.BaiduMap, result:0x0
05-25 10:06:46.900: I/XiaomiFirewall(1982): firewall pkgName:com.snail.cdb.ddui, result:0x0
05-25 10:06:47.860: I/ThermalEngine(230): Sensor:batt_temp:36700 mC
05-25 10:06:48.070: I/XiaomiFirewall(1982): firewall pkgName:com.baidu.BaiduMap, result:0x0
05-25 10:06:48.100: I/XiaomiFirewall(1982): firewall pkgName:com.snail.cdb.ddui, result:0x0
05-25 10:06:48.590: D/StatusBar.NetworkController(1112): onSignalStrengthsChanged received on slotId :0signalStrength=SignalStrength: 99 0 -120 -160 -120 -1 -1 17 -108 -9 58 2147483647 2147483647 gsm|lte level=3 cdmdlevel=0 evdolevel=0
05-25 10:06:48.590: W/PushService(1457): 2016-05-25 10:06:48,605 - [WARN::PushService] - SMACK: Could not connect to:120.134.33.29:80
05-25 10:06:48.600: W/PushService(1457): 2016-05-25 10:06:48,610 - [WARN::PushService] - [Thread:62] begin to connect to app.chat.xiaomi.net
05-25 10:06:48.600: I/XiaomiFirewall(1982): firewall pkgName:com.xiaomi.xmsf, result:0x0
05-25 10:06:48.870: I/ThermalEngine(230): Sensor:batt_temp:35700 mC
05-25 10:06:49.870: I/ThermalEngine(230): Sensor:batt_temp:35500 mC
05-25 10:06:50.340: E/QCALOG(355): [MessageQ] ProcessNewMessage: [XTWiFi-PE] unknown deliver target [OS-Agent]
05-25 10:06:50.880: I/ThermalEngine(230): Sensor:batt_temp:35200 mC
05-25 10:06:51.220: D/StatusBar.NetworkController(1112): onSignalStrengthsChanged received on slotId :0signalStrength=SignalStrength: 99 0 -120 -160 -120 -1 -1 17 -109 -10 86 2147483647 2147483647 gsm|lte level=3 cdmdlevel=0 evdolevel=0
05-25 10:06:51.310: E/QCALOG(355): [MessageQ] ProcessNewMessage: [XT-CS] unknown deliver target [OS-Agent]
05-25 10:06:51.320: E/QCALOG(355): [MessageQ] ProcessNewMessage: [XTWWAN-PE] unknown deliver target [OS-Agent]
05-25 10:06:51.880: I/ThermalEngine(230): Sensor:batt_temp:36500 mC
05-25 10:06:52.440: I/XiaomiFirewall(1982): firewall pkgName:com.baidu.BaiduMap, result:0x0
05-25 10:06:52.450: I/XiaomiFirewall(1982): firewall pkgName:com.snail.cdb.ddui, result:0x0
05-25 10:06:52.880: I/ThermalEngine(230): Sensor:batt_temp:35800 mC
05-25 10:06:53.890: I/ThermalEngine(230): Sensor:batt_temp:36400 mC
05-25 10:06:54.890: I/ThermalEngine(230): Sensor:batt_temp:35400 mC
05-25 10:06:55.320: I/XiaomiFirewall(1982): firewall pkgName:com.baidu.BaiduMap, result:0x0
05-25 10:06:55.340: E/QCALOG(355): [MessageQ] ProcessNewMessage: [XTWiFi-PE] unknown deliver target [OS-Agent]
05-25 10:06:55.350: I/XiaomiFirewall(1982): firewall pkgName:com.snail.cdb.ddui, result:0x0
05-25 10:06:55.900: I/ThermalEngine(230): Sensor:batt_temp:35400 mC
05-25 10:06:56.070: D/Ulp_jni(1046): Location CB invoked
05-25 10:06:56.180: I/TrafficManageService(1982): mina mTrafficStatsReceiver onReceive
05-25 10:06:56.180: W/ContextImpl(1982): Calling a method in the system process without a qualified user: android.app.ContextImpl.sendBroadcast:1173 android.content.ContextWrapper.sendBroadcast:365 com.miui.networkassistant.service.tm.TrafficManageService.broadCastDataUsageUpdated:828 com.miui.networkassistant.service.tm.TrafficManageService$8.onReceive:1061 android.app.LoadedApk$ReceiverDispatcher$Args.run:761
05-25 10:06:56.190: D/ConnectivityServiceHSM(1046): Actual State: DefaultConnectivityState, Current State: DefaultConnectivityState.processMessage what=112
05-25 10:06:56.200: D/ConnectivityServiceHSM(1046): Actual State: DefaultConnectivityState, Current State: DefaultConnectivityState.processMessage what=112
05-25 10:06:56.200: D/ConnectivityServiceHSM(1046): Actual State: DefaultConnectivityState, Current State: DefaultConnectivityState.processMessage what=112
05-25 10:06:56.200: D/ConnectivityServiceHSM(1046): Actual State: DefaultConnectivityState, Current State: DefaultConnectivityState.processMessage what=112
05-25 10:06:56.200: D/MobileDataStateTracker(1046): default: setPolicyDataEnable(enabled=true)
05-25 10:06:56.310: E/QCALOG(355): [MessageQ] ProcessNewMessage: [XT-CS] unknown deliver target [OS-Agent]
05-25 10:06:56.320: E/QCALOG(355): [MessageQ] ProcessNewMessage: [XTWWAN-PE] unknown deliver target [OS-Agent]
05-25 10:06:56.790: W/PushService(1457): 2016-05-25 10:06:56,797 - [WARN::PushService] - SMACK: Could not connect to:app.chat.xiaomi.net
05-25 10:06:56.870: D/dalvikvm(1457): GC_CONCURRENT freed 1641K, 32% free 15206K/22304K, paused 2ms+2ms, total 22ms
05-25 10:06:56.870: D/dalvikvm(1457): WAIT_FOR_CONCURRENT_GC blocked 11ms
05-25 10:06:56.880: W/PushService(1457): 2016-05-25 10:06:56,888 - [WARN::PushService] - fail to create xmpp connection
05-25 10:06:56.880: W/PushService(1457): SMACK: Could not connect to 111.206.200.2:443 port:5222 failed to connect to /111.206.200.2 (port 443) after 8000ms
05-25 10:06:56.880: W/PushService(1457): SMACK: Could not connect to 123.125.102.13:5222 port:5222 failed to connect to /123.125.102.13 (port 5222) after 8000ms
05-25 10:06:56.880: W/PushService(1457): SMACK: Could not connect to 111.206.205.2:5222 port:5222 failed to connect to /111.206.205.2 (port 5222) after 8000ms
05-25 10:06:56.880: W/PushService(1457): SMACK: Could not connect to 42.62.94.2:5222 port:5222 failed to connect to /42.62.94.2 (port 5222) after 8000ms
05-25 10:06:56.880: W/PushService(1457): SMACK: Could not connect to 120.134.33.29:80 port:5222 failed to connect to /120.134.33.29 (port 80) after 8000ms
05-25 10:06:56.880: W/PushService(1457): SMACK: Could not connect to app.chat.xiaomi.net port:5222 failed to connect to app.chat.xiaomi.net/111.206.200.2 (port 5222) after 8000ms
05-25 10:06:56.880: W/PushService(1457): :
05-25 10:06:56.880: W/PushService(1457): 	at com.xiaomi.smack.XMPPConnection.connectDirectly(XMPPConnection.java:416)
05-25 10:06:56.880: W/PushService(1457): 	at com.xiaomi.smack.XMPPConnection.connectUsingConfiguration(XMPPConnection.java:322)
05-25 10:06:56.880: W/PushService(1457): 	at com.xiaomi.smack.XMPPConnection.connect(XMPPConnection.java:499)
05-25 10:06:56.880: W/PushService(1457): 	at com.xiaomi.push.service.XMPushService.connectByXMPP(XMPushService.java:1143)
05-25 10:06:56.880: W/PushService(1457): 	at com.xiaomi.push.service.XMPushService.connect(XMPushService.java:1121)
05-25 10:06:56.880: W/PushService(1457): 	at com.xiaomi.push.service.XMPushService.access$800(XMPushService.java:70)
05-25 10:06:56.880: W/PushService(1457): 	at com.xiaomi.push.service.XMPushService$ConnectJob.process(XMPushService.java:1410)
05-25 10:06:56.880: W/PushService(1457): 	at com.xiaomi.push.service.XMPushService$Job.run(XMPushService.java:1213)
05-25 10:06:56.880: W/PushService(1457): 	at com.xiaomi.push.service.JobScheduler$SchedulerImpl.run(JobScheduler.java:389)
05-25 10:06:56.880: W/PushService(1457): 2016-05-25 10:06:56,890 - [WARN::PushService] - [Thread:62] update the connection status. connecting -> disconnected : ERROR_NETWORK_FAILED
05-25 10:06:56.880: W/PushService(1457): 2016-05-25 10:06:56,891 - [WARN::PushService] - [Thread:62] schedule reconnect in 300000ms
05-25 10:06:56.880: I/TrafficManageService(1982): mExtraNetworkReceiver tag = miui.intent.action.NETWORK_BLOCKED
05-25 10:06:56.880: I/NetworkDiagnostics_CheckStateManager(1982): networkBlocked
05-25 10:06:56.900: I/ThermalEngine(230): Sensor:batt_temp:35500 mC
05-25 10:06:57.600: D/StatusBar.NetworkController(1112): onSignalStrengthsChanged received on slotId :0signalStrength=SignalStrength: 99 0 -120 -160 -120 -1 -1 18 -109 -11 2 2147483647 2147483647 gsm|lte level=3 cdmdlevel=0 evdolevel=0
05-25 10:06:57.620: D/dalvikvm(1413): GC_CONCURRENT freed 1929K, 31% free 15585K/22304K, paused 2ms+3ms, total 25ms
05-25 10:06:57.910: I/ThermalEngine(230): Sensor:batt_temp:35300 mC
05-25 10:06:58.910: I/ThermalEngine(230): Sensor:batt_temp:35800 mC
05-25 10:06:59.920: I/ThermalEngine(230): Sensor:batt_temp:35300 mC
05-25 10:06:59.990: I/dalvikvm(1112): Jit: resizing JitTable from 4096 to 8192
05-25 10:07:00.180: D/StatusBar.NetworkController(1112): onSignalStrengthsChanged received on slotId :0signalStrength=SignalStrength: 99 0 -120 -160 -120 -1 -1 17 -108 -10 78 2147483647 2147483647 gsm|lte level=3 cdmdlevel=0 evdolevel=0
05-25 10:07:00.340: E/QCALOG(355): [MessageQ] ProcessNewMessage: [XTWiFi-PE] unknown deliver target [OS-Agent]
05-25 10:07:00.920: I/ThermalEngine(230): Sensor:batt_temp:35200 mC
05-25 10:07:01.310: E/QCALOG(355): [MessageQ] ProcessNewMessage: [XT-CS] unknown deliver target [OS-Agent]
05-25 10:07:01.320: E/QCALOG(355): [MessageQ] ProcessNewMessage: [XTWWAN-PE] unknown deliver target [OS-Agent]
05-25 10:07:01.930: I/ThermalEngine(230): Sensor:batt_temp:35100 mC
05-25 10:07:02.230: I/XiaomiFirewall(1982): firewall pkgName:com.snail.cdb.ddui, result:0x0
05-25 10:07:02.350: I/TIME(3820): xxxxxxxxx======[127]
05-25 10:07:02.420: D/StatusBar.NetworkController(1112): onSignalStrengthsChanged received on slotId :0signalStrength=SignalStrength: 99 0 -120 -160 -120 -1 -1 17 -108 -10 52 2147483647 2147483647 gsm|lte level=3 cdmdlevel=0 evdolevel=0
05-25 10:07:02.590: D/AndroidRuntime(13854): >>>>>> AndroidRuntime START com.android.internal.os.RuntimeInit <<<<<<
05-25 10:07:02.590: D/AndroidRuntime(13854): CheckJNI is OFF
05-25 10:07:02.610: D/dalvikvm(13854): Trying to load lib libjavacore.so 0x0
05-25 10:07:02.610: D/dalvikvm(13854): Added shared lib libjavacore.so 0x0
05-25 10:07:02.610: D/dalvikvm(13854): Trying to load lib libnativehelper.so 0x0
05-25 10:07:02.610: D/dalvikvm(13854): Added shared lib libnativehelper.so 0x0
05-25 10:07:02.610: D/dalvikvm(13854): No JNI_OnLoad found in libnativehelper.so 0x0, skipping init
05-25 10:07:02.630: I/dalvikvm(13854): DexOpt: not all deps represented
05-25 10:07:02.630: E/dalvikvm(13854): /system/framework/am.jar odex has stale dependencies
05-25 10:07:02.650: D/dalvikvm(13854): Note: class Landroid/app/ActivityManagerNative; has 179 unimplemented (abstract) methods
05-25 10:07:02.830: D/AndroidRuntime(13854): Calling main entry com.android.commands.am.Am
05-25 10:07:02.850: D/AndroidRuntime(13854): Shutting down VM
05-25 10:07:02.850: D/dalvikvm(13854): GC_CONCURRENT freed 96K, 15% free 603K/704K, paused 0ms+1ms, total 2ms
05-25 10:07:02.930: I/ThermalEngine(230): Sensor:batt_temp:35200 mC
05-25 10:07:03.340: D/AndroidRuntime(13863): >>>>>> AndroidRuntime START com.android.internal.os.RuntimeInit <<<<<<
05-25 10:07:03.340: D/AndroidRuntime(13863): CheckJNI is OFF
05-25 10:07:03.360: D/dalvikvm(13863): Trying to load lib libjavacore.so 0x0
05-25 10:07:03.360: D/dalvikvm(13863): Added shared lib libjavacore.so 0x0
05-25 10:07:03.360: D/dalvikvm(13863): Trying to load lib libnativehelper.so 0x0
05-25 10:07:03.360: D/dalvikvm(13863): Added shared lib libnativehelper.so 0x0
05-25 10:07:03.360: D/dalvikvm(13863): No JNI_OnLoad found in libnativehelper.so 0x0, skipping init
05-25 10:07:03.380: I/dalvikvm(13863): DexOpt: not all deps represented
05-25 10:07:03.380: E/dalvikvm(13863): /system/framework/content.jar odex has stale dependencies
05-25 10:07:03.390: D/dalvikvm(13863): Note: class Landroid/app/ActivityManagerNative; has 179 unimplemented (abstract) methods
05-25 10:07:03.590: D/AndroidRuntime(13863): Calling main entry com.android.commands.content.Content
05-25 10:07:03.600: D/AndroidRuntime(13863): Shutting down VM
05-25 10:07:03.600: D/dalvikvm(13863): GC_CONCURRENT freed 102K, 16% free 583K/688K, paused 0ms+1ms, total 2ms
05-25 10:07:03.650: I/XiaomiFirewall(1982): firewall pkgName:com.baidu.BaiduMap, result:0x0
05-25 10:07:03.930: I/ThermalEngine(230): Sensor:batt_temp:35500 mC
05-25 10:07:04.940: I/ThermalEngine(230): Sensor:batt_temp:35400 mC
05-25 10:07:05.340: E/QCALOG(355): [MessageQ] ProcessNewMessage: [XTWiFi-PE] unknown deliver target [OS-Agent]
05-25 10:07:05.700: D/PhoneStatusBar(1112): updateNotification pkg=com.qihoo.appstore;id=10012
05-25 10:07:05.710: D/PhoneStatusBar(1112): updateNotification pkg=com.qihoo.appstore;id=10012
05-25 10:07:05.940: I/ThermalEngine(230): Sensor:batt_temp:35700 mC
05-25 10:07:06.020: I/XiaomiFirewall(1982): firewall pkgName:com.baidu.BaiduMap, result:0x0
05-25 10:07:06.050: I/XiaomiFirewall(1982): firewall pkgName:com.snail.cdb.ddui, result:0x0
05-25 10:07:06.080: D/Ulp_jni(1046): Location CB invoked
05-25 10:07:06.310: E/QCALOG(355): [MessageQ] ProcessNewMessage: [XT-CS] unknown deliver target [OS-Agent]
05-25 10:07:06.320: E/QCALOG(355): [MessageQ] ProcessNewMessage: [XTWWAN-PE] unknown deliver target [OS-Agent]
05-25 10:07:06.600: D/StatusBar.NetworkController(1112): onSignalStrengthsChanged received on slotId :0signalStrength=SignalStrength: 99 0 -120 -160 -120 -1 -1 17 -108 -10 70 2147483647 2147483647 gsm|lte level=3 cdmdlevel=0 evdolevel=0
05-25 10:07:06.950: I/ThermalEngine(230): Sensor:batt_temp:36100 mC
05-25 10:07:07.950: I/ThermalEngine(230): Sensor:batt_temp:35800 mC
05-25 10:07:08.550: I/XiaomiFirewall(1982): firewall pkgName:com.baidu.BaiduMap, result:0x0
05-25 10:07:08.570: I/XiaomiFirewall(1982): firewall pkgName:com.snail.cdb.ddui, result:0x0
05-25 10:07:08.960: I/ThermalEngine(230): Sensor:batt_temp:36200 mC
05-25 10:07:09.960: I/ThermalEngine(230): Sensor:batt_temp:36200 mC
05-25 10:07:10.340: E/QCALOG(355): [MessageQ] ProcessNewMessage: [XTWiFi-PE] unknown deliver target [OS-Agent]
05-25 10:07:10.970: I/ThermalEngine(230): Sensor:batt_temp:35600 mC
05-25 10:07:11.310: E/QCALOG(355): [MessageQ] ProcessNewMessage: [XT-CS] unknown deliver target [OS-Agent]
05-25 10:07:11.320: E/QCALOG(355): [MessageQ] ProcessNewMessage: [XTWWAN-PE] unknown deliver target [OS-Agent]
05-25 10:07:11.380: D/StatusBar.NetworkController(1112): onSignalStrengthsChanged received on slotId :0signalStrength=SignalStrength: 99 0 -120 -160 -120 -1 -1 18 -108 -10 44 2147483647 2147483647 gsm|lte level=3 cdmdlevel=0 evdolevel=0
05-25 10:07:11.970: I/ThermalEngine(230): Sensor:batt_temp:35200 mC
05-25 10:07:12.980: I/ThermalEngine(230): Sensor:batt_temp:35400 mC
05-25 10:07:13.980: I/ThermalEngine(230): Sensor:batt_temp:35800 mC
05-25 10:07:14.990: I/ThermalEngine(230): Sensor:batt_temp:35500 mC
05-25 10:07:15.340: E/QCALOG(355): [MessageQ] ProcessNewMessage: [XTWiFi-PE] unknown deliver target [OS-Agent]
05-25 10:07:15.600: D/StatusBar.NetworkController(1112): onSignalStrengthsChanged received on slotId :0signalStrength=SignalStrength: 99 0 -120 -160 -120 -1 -1 18 -108 -10 78 2147483647 2147483647 gsm|lte level=3 cdmdlevel=0 evdolevel=0
05-25 10:07:15.990: I/ThermalEngine(230): Sensor:batt_temp:35500 mC
05-25 10:07:16.080: D/Ulp_jni(1046): Location CB invoked
05-25 10:07:16.310: E/QCALOG(355): [MessageQ] ProcessNewMessage: [XT-CS] unknown deliver target [OS-Agent]
05-25 10:07:16.320: E/QCALOG(355): [MessageQ] ProcessNewMessage: [XTWWAN-PE] unknown deliver target [OS-Agent]
05-25 10:07:16.990: I/ThermalEngine(230): Sensor:batt_temp:35400 mC
05-25 10:07:18.000: I/ThermalEngine(230): Sensor:batt_temp:36000 mC
05-25 10:07:19.000: I/ThermalEngine(230): Sensor:batt_temp:36000 mC
05-25 10:07:19.210: D/dalvikvm(9956): GC_FOR_ALLOC freed 1816K, 12% free 19782K/22400K, paused 50ms, total 50ms
05-25 10:07:19.650: I/XiaomiFirewall(1982): firewall pkgName:com.baidu.BaiduMap, result:0x0
05-25 10:07:19.650: I/XiaomiFirewall(1982): firewall pkgName:com.snail.cdb.ddui, result:0x0
05-25 10:07:20.010: I/ThermalEngine(230): Sensor:batt_temp:36500 mC
05-25 10:07:20.340: D/StatusBar.NetworkController(1112): onSignalStrengthsChanged received on slotId :0signalStrength=SignalStrength: 99 0 -120 -160 -120 -1 -1 18 -108 -10 18 2147483647 2147483647 gsm|lte level=3 cdmdlevel=0 evdolevel=0
05-25 10:07:20.340: E/QCALOG(355): [MessageQ] ProcessNewMessage: [XTWiFi-PE] unknown deliver target [OS-Agent]
05-25 10:07:21.010: I/ThermalEngine(230): Sensor:batt_temp:36500 mC
05-25 10:07:21.280: E/QCALOG(355): [MessageQ] ProcessNewMessage: [LOWI-SERVER] unknown deliver target [OS-Agent]
05-25 10:07:21.310: E/QCALOG(355): [MessageQ] ProcessNewMessage: [XT-CS] unknown deliver target [OS-Agent]
05-25 10:07:21.320: E/QCALOG(355): [MessageQ] ProcessNewMessage: [XTWWAN-PE] unknown deliver target [OS-Agent]
05-25 10:07:22.020: I/ThermalEngine(230): Sensor:batt_temp:36200 mC
05-25 10:07:22.990: I/XiaomiFirewall(1982): firewall pkgName:com.baidu.BaiduMap, result:0x0
05-25 10:07:23.010: I/XiaomiFirewall(1982): firewall pkgName:com.snail.cdb.ddui, result:0x0
05-25 10:07:23.020: I/ThermalEngine(230): Sensor:batt_temp:35800 mC
05-25 10:07:24.030: I/ThermalEngine(230): Sensor:batt_temp:36600 mC
05-25 10:07:24.970: I/XiaomiFirewall(1982): firewall pkgName:com.baidu.BaiduMap, result:0x0
05-25 10:07:25.030: I/ThermalEngine(230): Sensor:batt_temp:36500 mC
05-25 10:07:25.340: E/QCALOG(355): [MessageQ] ProcessNewMessage: [XTWiFi-PE] unknown deliver target [OS-Agent]
05-25 10:07:25.850: I/XiaomiFirewall(1982): firewall pkgName:com.snail.cdb.ddui, result:0x0
05-25 10:07:26.030: I/XiaomiFirewall(1982): firewall pkgName:com.baidu.BaiduMap, result:0x0
05-25 10:07:26.040: I/ThermalEngine(230): Sensor:batt_temp:36800 mC
05-25 10:07:26.080: D/Ulp_jni(1046): Location CB invoked
05-25 10:07:26.310: E/QCALOG(355): [MessageQ] ProcessNewMessage: [XT-CS] unknown deliver target [OS-Agent]
05-25 10:07:26.320: E/QCALOG(355): [MessageQ] ProcessNewMessage: [XTWWAN-PE] unknown deliver target [OS-Agent]
05-25 10:07:26.500: I/TrafficManageService(1982): mina mTrafficStatsReceiver onReceive
05-25 10:07:26.500: W/ContextImpl(1982): Calling a method in the system process without a qualified user: android.app.ContextImpl.sendBroadcast:1173 android.content.ContextWrapper.sendBroadcast:365 com.miui.networkassistant.service.tm.TrafficManageService.broadCastDataUsageUpdated:828 com.miui.networkassistant.service.tm.TrafficManageService$8.onReceive:1061 android.app.LoadedApk$ReceiverDispatcher$Args.run:761
05-25 10:07:26.510: D/ConnectivityServiceHSM(1046): Actual State: DefaultConnectivityState, Current State: DefaultConnectivityState.processMessage what=112
05-25 10:07:26.510: D/ConnectivityServiceHSM(1046): Actual State: DefaultConnectivityState, Current State: DefaultConnectivityState.processMessage what=112
