05-25 09:51:51.280: E/QCALOG(355): [MessageQ] ProcessNewMessage: [XT-CS] unknown deliver target [OS-Agent]
05-25 09:51:51.280: E/QCALOG(355): [MessageQ] ProcessNewMessage: [XTWWAN-PE] unknown deliver target [OS-Agent]
05-25 09:51:51.740: I/ThermalEngine(230): Sensor:batt_temp:30400 mC
05-25 09:51:52.740: I/ThermalEngine(230): Sensor:batt_temp:30400 mC
05-25 09:51:53.320: I/ServiceManager(276): Waiting for service AtCmdFwd...
05-25 09:51:53.350: I/AudioFlinger(218): setAppName(), name=[system_server], active=[1]
05-25 09:51:53.350: D/audio_hw_primary(218): select_devices: out_snd_device(2: speaker) in_snd_device(0: )
05-25 09:51:53.350: D/hardware_info(218): hw_info_append_hw_type : device_name = speaker
05-25 09:51:53.350: D/ACDB-LOADER(218): ACDB -> send_audio_cal, acdb_id = 14, path =  0
05-25 09:51:53.350: D/ACDB-LOADER(218): ACDB -> send_adm_topology
05-25 09:51:53.350: D/ACDB-LOADER(218): ACDB -> ACDB_CMD_GET_AUDPROC_COMMON_TOPOLOGY_ID
05-25 09:51:53.350: D/ACDB-LOADER(218): ACDB -> send_asm_topology
05-25 09:51:53.350: D/ACDB-LOADER(218): ACDB -> ACDB_CMD_GET_AUDPROC_STREAM_TOPOLOGY_ID
05-25 09:51:53.350: D/ACDB-LOADER(218): ACDB -> send_audtable
05-25 09:51:53.350: D/ACDB-LOADER(218): ACDB -> ACDB_CMD_GET_AUDPROC_COMMON_TABLE
05-25 09:51:53.350: D/ACDB-LOADER(218): ACDB -> AUDIO_SET_AUDPROC_CAL
05-25 09:51:53.350: D/ACDB-LOADER(218): ACDB -> send_audvoltable
05-25 09:51:53.350: D/ACDB-LOADER(218): ACDB -> ACDB_CMD_GET_AUDPROC_GAIN_DEP_STEP_TABLE
05-25 09:51:53.350: D/ACDB-LOADER(218): ACDB -> AUDIO_SET_AUDPROC_VOL_CAL
05-25 09:51:53.350: D/ACDB-LOADER(218): ACDB -> send_afe_cal
05-25 09:51:53.350: D/ACDB-LOADER(218): ACDB -> ACDB_CMD_GET_AFE_COMMON_TABLE
05-25 09:51:53.350: D/ACDB-LOADER(218): ACDB -> AUDIO_SET_AFE_CAL
05-25 09:51:53.400: E/Diag_Lib(507): [IMS_FATAL]| 2993 | 582 |ims-rtp-daemon ims_rtp_qmi_handler_thread_func waiting on select thread>
05-25 09:51:53.450: E/Diag_Lib(507): [IMS_FATAL]| 2993 | 582 |ims-rtp-daemon ims_rtp_qmi_handler_thread_func waiting on select thread>
05-25 09:51:53.640: E/Diag_Lib(507): [IMS_FATAL]| 2993 | 582 |ims-rtp-daemon ims_rtp_qmi_handler_thread_func waiting on select thread>
05-25 09:51:53.750: I/ThermalEngine(230): Sensor:batt_temp:31000 mC
05-25 09:51:53.830: I/rmt_storage(287): rmt_storage_connect_cb: clnt_h=0x6 conn_h=0xb8f01178
05-25 09:51:53.830: I/rmt_storage(287): rmt_storage_rw_iovec_cb: /boot/modem_fs2: clnt_h=0x2: req_h=0xa msg_id=3: R/W request received
05-25 09:51:53.830: I/rmt_storage(287): wakelock acquired: 1, error no: 42
05-25 09:51:53.830: I/rmt_storage(287): rmt_storage_client_thread: /boot/modem_fs2: clnt_h=0x2 Unblock worker thread (th_id: -1192226248)
05-25 09:51:53.940: E/Sensors(393): sns_sam.c(3209):Unsupported client request type message id 33
05-25 09:51:53.940: E/qcom_sensors_hal(1046): hal_process_sam_rotation_vector_resp: Msg 33; Result: 1, Error: 12
05-25 09:51:53.940: E/AKMD2(393): LoadPDC:104 fopen Error (No such file or directory).
05-25 09:51:53.960: I/rmt_storage(287): rmt_storage_client_thread: /boot/modem_fs2: clnt_h=0x2: req_h=0xa msg_id=3: Bytes written = 1572864
05-25 09:51:53.960: I/rmt_storage(287): rmt_storage_client_thread: /boot/modem_fs2: clnt_h=0x2: req_h=0xa msg_id=3: Send response: res=0 err=0
05-25 09:51:53.960: I/rmt_storage(287): rmt_storage_client_thread: /boot/modem_fs2: clnt_h=0x2 About to block rmt_storage client thread (th_id: -1192226248) wakelock released: 1, error no: 0
05-25 09:51:53.960: I/rmt_storage(287): rmt_storage_disconnect_cb: clnt_h=0x0x6 conn_h=0x0xb8f01178
05-25 09:51:53.960: E/Diag_Lib(507): [IMS_FATAL]| 2993 | 582 |ims-rtp-daemon ims_rtp_qmi_handler_thread_func waiting on select thread>
05-25 09:51:53.970: I/XiaomiFirewall(1982): firewall pkgName:com.baidu.BaiduMap, result:0x0
05-25 09:51:53.990: I/XiaomiFirewall(1982): firewall pkgName:com.snail.cdb.ddui, result:0x0
05-25 09:51:54.060: W/Toast(9956): From com.baidu.BaiduMap, go ahead.
05-25 09:51:54.320: D/StatusBar.NetworkController(1112): onSignalStrengthsChanged received on slotId :0signalStrength=SignalStrength: 99 0 -120 -160 -120 -1 -1 17 -109 -11 86 2147483647 2147483647 gsm|lte level=3 cdmdlevel=0 evdolevel=0
05-25 09:51:54.320: I/ServiceManager(276): Waiting for service AtCmdFwd...
05-25 09:51:54.350: I/AudioFlinger(218): setAppName(), name=[system_server], active=[0]
05-25 09:51:54.750: D/dalvikvm(9956): GC_FOR_ALLOC freed 1264K, 13% free 19634K/22400K, paused 31ms, total 31ms
05-25 09:51:54.750: I/ThermalEngine(230): Sensor:batt_temp:31000 mC
05-25 09:51:55.310: E/QCALOG(355): [MessageQ] ProcessNewMessage: [XTWiFi-PE] unknown deliver target [OS-Agent]
05-25 09:51:55.320: I/ServiceManager(276): Waiting for service AtCmdFwd...
05-25 09:51:55.760: I/ThermalEngine(230): Sensor:batt_temp:30800 mC
05-25 09:51:56.050: D/Ulp_jni(1046): Location CB invoked
05-25 09:51:56.060: I/XiaomiFirewall(1982): firewall pkgName:com.xiaomi.market, result:0x0
05-25 09:51:56.280: E/QCALOG(355): [MessageQ] ProcessNewMessage: [XT-CS] unknown deliver target [OS-Agent]
05-25 09:51:56.290: E/QCALOG(355): [MessageQ] ProcessNewMessage: [XTWWAN-PE] unknown deliver target [OS-Agent]
05-25 09:51:56.320: I/ServiceManager(276): Waiting for service AtCmdFwd...
05-25 09:51:56.550: D/hardware_info(218): hw_info_append_hw_type : device_name = speaker
05-25 09:51:56.760: I/ThermalEngine(230): Sensor:batt_temp:30400 mC
05-25 09:51:56.850: I/XiaomiFirewall(1982): firewall pkgName:com.baidu.BaiduMap, result:0x0
05-25 09:51:56.860: I/XiaomiFirewall(1982): firewall pkgName:com.snail.cdb.ddui, result:0x0
05-25 09:51:57.270: D/StatusBar.NetworkController(1112): onSignalStrengthsChanged received on slotId :0signalStrength=SignalStrength: 99 0 -120 -160 -120 -1 -1 17 -109 -11 50 2147483647 2147483647 gsm|lte level=3 cdmdlevel=0 evdolevel=0
05-25 09:51:57.320: I/ServiceManager(276): Waiting for service AtCmdFwd...
05-25 09:51:57.440: I/TrafficManageService(1982): mina mTrafficStatsReceiver onReceive
05-25 09:51:57.440: W/ContextImpl(1982): Calling a method in the system process without a qualified user: android.app.ContextImpl.sendBroadcast:1173 android.content.ContextWrapper.sendBroadcast:365 com.miui.networkassistant.service.tm.TrafficManageService.broadCastDataUsageUpdated:828 com.miui.networkassistant.service.tm.TrafficManageService$8.onReceive:1061 android.app.LoadedApk$ReceiverDispatcher$Args.run:761
05-25 09:51:57.450: D/ConnectivityServiceHSM(1046): Actual State: DefaultConnectivityState, Current State: DefaultConnectivityState.processMessage what=112
05-25 09:51:57.450: D/ConnectivityServiceHSM(1046): Actual State: DefaultConnectivityState, Current State: DefaultConnectivityState.processMessage what=112
05-25 09:51:57.460: D/ConnectivityServiceHSM(1046): Actual State: DefaultConnectivityState, Current State: DefaultConnectivityState.processMessage what=112
05-25 09:51:57.460: D/ConnectivityServiceHSM(1046): Actual State: DefaultConnectivityState, Current State: DefaultConnectivityState.processMessage what=112
05-25 09:51:57.460: D/MobileDataStateTracker(1046): default: setPolicyDataEnable(enabled=true)
05-25 09:51:57.770: I/ThermalEngine(230): Sensor:batt_temp:31300 mC
05-25 09:51:58.320: W/Atfwd_Sendcmd(276): AtCmdFwd service not published, waiting... retryCnt : 1
05-25 09:51:58.400: W/PushService(1457): 2016-05-25 09:51:58,408 - [WARN::PushService] - SMACK: Could not connect to:120.134.33.29:80
05-25 09:51:58.400: W/PushService(1457): 2016-05-25 09:51:58,410 - [WARN::PushService] - [Thread:62] begin to connect to app.chat.xiaomi.net
05-25 09:51:58.400: I/XiaomiFirewall(1982): firewall pkgName:com.xiaomi.xmsf, result:0x0
05-25 09:51:58.400: I/XiaomiFirewall(1982): firewall pkgName:com.snail.cdb.ddui, result:0x0
05-25 09:51:58.770: I/ThermalEngine(230): Sensor:batt_temp:30400 mC
05-25 09:51:59.510: D/StatusBar.NetworkController(1112): onSignalStrengthsChanged received on slotId :0signalStrength=SignalStrength: 99 0 -120 -160 -120 -1 -1 17 -109 -10 24 2147483647 2147483647 gsm|lte level=3 cdmdlevel=0 evdolevel=0
05-25 09:51:59.780: I/ThermalEngine(230): Sensor:batt_temp:30400 mC
05-25 09:52:00.310: E/QCALOG(355): [MessageQ] ProcessNewMessage: [XTWiFi-PE] unknown deliver target [OS-Agent]
05-25 09:52:00.780: I/ThermalEngine(230): Sensor:batt_temp:30500 mC
05-25 09:52:01.280: E/QCALOG(355): [MessageQ] ProcessNewMessage: [XT-CS] unknown deliver target [OS-Agent]
05-25 09:52:01.290: E/QCALOG(355): [MessageQ] ProcessNewMessage: [XTWWAN-PE] unknown deliver target [OS-Agent]
05-25 09:52:01.780: I/ThermalEngine(230): Sensor:batt_temp:30400 mC
05-25 09:52:01.900: V/LocationPolicy(1046): writePolicyLocked()
05-25 09:52:02.790: I/ThermalEngine(230): Sensor:batt_temp:30400 mC
05-25 09:52:03.320: D/StatusBar.NetworkController(1112): onSignalStrengthsChanged received on slotId :0signalStrength=SignalStrength: 99 0 -120 -160 -120 -1 -1 19 -109 -14 50 2147483647 2147483647 gsm|lte level=3 cdmdlevel=0 evdolevel=0
05-25 09:52:03.320: I/ServiceManager(276): Waiting for service AtCmdFwd...
05-25 09:52:03.790: I/ThermalEngine(230): Sensor:batt_temp:30800 mC
05-25 09:52:04.010: I/XiaomiFirewall(1982): firewall pkgName:com.baidu.BaiduMap, result:0x0
05-25 09:52:04.030: I/XiaomiFirewall(1982): firewall pkgName:com.snail.cdb.ddui, result:0x0
05-25 09:52:04.320: I/ServiceManager(276): Waiting for service AtCmdFwd...
05-25 09:52:04.800: I/ThermalEngine(230): Sensor:batt_temp:31200 mC
05-25 09:52:05.310: E/QCALOG(355): [MessageQ] ProcessNewMessage: [XTWiFi-PE] unknown deliver target [OS-Agent]
05-25 09:52:05.330: I/ServiceManager(276): Waiting for service AtCmdFwd...
05-25 09:52:05.800: I/ThermalEngine(230): Sensor:batt_temp:30500 mC
05-25 09:52:06.060: D/Ulp_jni(1046): Location CB invoked
05-25 09:52:06.070: I/XiaomiFirewall(1982): firewall pkgName:com.xiaomi.market, result:0x0
05-25 09:52:06.280: E/QCALOG(355): [MessageQ] ProcessNewMessage: [XT-CS] unknown deliver target [OS-Agent]
05-25 09:52:06.290: E/QCALOG(355): [MessageQ] ProcessNewMessage: [XTWWAN-PE] unknown deliver target [OS-Agent]
05-25 09:52:06.330: I/ServiceManager(276): Waiting for service AtCmdFwd...
05-25 09:52:06.430: I/XiaomiFirewall(1982): firewall pkgName:android, result:0x0
05-25 09:52:06.610: W/PushService(1457): 2016-05-25 09:52:06,617 - [WARN::PushService] - SMACK: Could not connect to:app.chat.xiaomi.net
05-25 09:52:06.670: W/PushService(1457): 2016-05-25 09:52:06,679 - [WARN::PushService] - fail to create xmpp connection
05-25 09:52:06.670: W/PushService(1457): SMACK: Could not connect to 111.206.200.2:443 port:5222 failed to connect to /111.206.200.2 (port 443) after 8000ms
05-25 09:52:06.670: W/PushService(1457): SMACK: Could not connect to 123.125.102.13:5222 port:5222 failed to connect to /123.125.102.13 (port 5222) after 8000ms
05-25 09:52:06.670: W/PushService(1457): SMACK: Could not connect to 111.206.205.2:5222 port:5222 failed to connect to /111.206.205.2 (port 5222) after 8000ms
05-25 09:52:06.670: W/PushService(1457): SMACK: Could not connect to 42.62.94.2:5222 port:5222 failed to connect to /42.62.94.2 (port 5222) after 8000ms
05-25 09:52:06.670: W/PushService(1457): SMACK: Could not connect to 120.134.33.29:80 port:5222 failed to connect to /120.134.33.29 (port 80) after 8000ms
05-25 09:52:06.670: W/PushService(1457): SMACK: Could not connect to app.chat.xiaomi.net port:5222 failed to connect to app.chat.xiaomi.net/111.206.200.2 (port 5222) after 8000ms
05-25 09:52:06.670: W/PushService(1457): :
05-25 09:52:06.670: W/PushService(1457): 	at com.xiaomi.smack.XMPPConnection.connectDirectly(XMPPConnection.java:416)
05-25 09:52:06.670: W/PushService(1457): 	at com.xiaomi.smack.XMPPConnection.connectUsingConfiguration(XMPPConnection.java:322)
05-25 09:52:06.670: W/PushService(1457): 	at com.xiaomi.smack.XMPPConnection.connect(XMPPConnection.java:499)
05-25 09:52:06.670: W/PushService(1457): 	at com.xiaomi.push.service.XMPushService.connectByXMPP(XMPushService.java:1143)
05-25 09:52:06.670: W/PushService(1457): 	at com.xiaomi.push.service.XMPushService.connect(XMPushService.java:1121)
05-25 09:52:06.670: W/PushService(1457): 	at com.xiaomi.push.service.XMPushService.access$800(XMPushService.java:70)
05-25 09:52:06.670: W/PushService(1457): 	at com.xiaomi.push.service.XMPushService$ConnectJob.process(XMPushService.java:1410)
05-25 09:52:06.670: W/PushService(1457): 	at com.xiaomi.push.service.XMPushService$Job.run(XMPushService.java:1213)
05-25 09:52:06.670: W/PushService(1457): 	at com.xiaomi.push.service.JobScheduler$SchedulerImpl.run(JobScheduler.java:389)
05-25 09:52:06.670: W/PushService(1457): 2016-05-25 09:52:06,682 - [WARN::PushService] - [Thread:62] update the connection status. connecting -> disconnected : ERROR_NETWORK_FAILED
05-25 09:52:06.670: W/PushService(1457): 2016-05-25 09:52:06,684 - [WARN::PushService] - [Thread:62] schedule reconnect in 750ms
05-25 09:52:06.690: I/TrafficManageService(1982): mExtraNetworkReceiver tag = miui.intent.action.NETWORK_BLOCKED
05-25 09:52:06.690: I/NetworkDiagnostics_CheckStateManager(1982): networkBlocked
05-25 09:52:06.690: I/NetworkDiagnostics_CheckStateManager(1982): checkNetworkState
05-25 09:52:06.690: I/NetworkAssistantProvider(1982): queryFirewallState packageName:com.miui.securitycenter
05-25 09:52:06.690: I/NetworkDiagnostics_CheckStateManager(1982): CheckNetworkThread run.
05-25 09:52:06.690: I/NetworkDiagnostics_CheckStateManager(1982): CheckNetworkThread url=http://connect.rom.miui.com/generate_204
05-25 09:52:06.690: D/NetworkDiagnostics_Utils(1982): CheckNetworkState:server=http://connect.rom.miui.com/generate_204
05-25 09:52:06.700: D/dalvikvm(1457): GC_CONCURRENT freed 2173K, 33% free 15033K/22304K, paused 2ms+2ms, total 42ms
05-25 09:52:06.700: W/ActivityThread(1982): ClassLoader.loadClass: The class loader returned by Thread.getContextClassLoader() may fail for processes that host multiple applications. You should explicitly specify a context class loader. For example: Thread.setContextClassLoader(getClass().getClassLoader());
05-25 09:52:06.710: I/XiaomiFirewall(1982): firewall pkgName:com.snail.cdb.ddui, result:0x0
05-25 09:52:06.810: I/ThermalEngine(230): Sensor:batt_temp:30700 mC
05-25 09:52:06.880: I/XiaomiFirewall(1982): firewall pkgName:com.miui.securitycenter, result:0x0
05-25 09:52:07.330: I/ServiceManager(276): Waiting for service AtCmdFwd...
05-25 09:52:07.430: W/PushService(1457): 2016-05-25 09:52:07,441 - [WARN::PushService] - [Thread:62] JOB: do reconnect..
05-25 09:52:07.430: W/PushService(1457): 2016-05-25 09:52:07,444 - [WARN::PushService] - [Thread:62] update the connection status. disconnected -> connecting : ERROR_OK
05-25 09:52:07.440: W/PushService(1457): 2016-05-25 09:52:07,449 - [WARN::PushService] - [Thread:62] begin to connect to 111.206.200.2:443
05-25 09:52:07.440: I/XiaomiFirewall(1982): firewall pkgName:com.xiaomi.xmsf, result:0x0
05-25 09:52:07.810: I/ThermalEngine(230): Sensor:batt_temp:30400 mC
05-25 09:52:08.330: W/Atfwd_Sendcmd(276): AtCmdFwd service not published, waiting... retryCnt : 2
05-25 09:52:08.820: I/ThermalEngine(230): Sensor:batt_temp:30400 mC
05-25 09:52:08.890: I/XiaomiFirewall(1982): firewall pkgName:com.miui.securitycenter, result:0x0
05-25 09:52:09.820: I/ThermalEngine(230): Sensor:batt_temp:30500 mC
05-25 09:52:10.310: E/QCALOG(355): [MessageQ] ProcessNewMessage: [XTWiFi-PE] unknown deliver target [OS-Agent]
05-25 09:52:10.830: I/ThermalEngine(230): Sensor:batt_temp:30400 mC
05-25 09:52:10.890: D/NetworkDiagnostics_Utils(1982): CheckNetworkState:SocketTimeoutException:java.net.SocketTimeoutException: failed to connect to connect.rom.miui.com/124.243.204.132 (port 80) after 2000ms
05-25 09:52:10.890: I/NetworkDiagnostics_CheckStateManager(1982): CheckNetworkThread ret= BLOCKED
05-25 09:52:10.890: I/NetworkDiagnostics_CheckStateManager(1982): CheckNetworkThread url=http://clients3.google.com/generate_204
05-25 09:52:10.890: D/NetworkDiagnostics_Utils(1982): CheckNetworkState:server=http://clients3.google.com/generate_204
05-25 09:52:10.900: I/XiaomiFirewall(1982): firewall pkgName:com.snail.cdb.ddui, result:0x0
05-25 09:52:11.080: I/XiaomiFirewall(1982): firewall pkgName:com.miui.securitycenter, result:0x0
05-25 09:52:11.280: E/QCALOG(355): [MessageQ] ProcessNewMessage: [XT-CS] unknown deliver target [OS-Agent]
05-25 09:52:11.290: E/QCALOG(355): [MessageQ] ProcessNewMessage: [XTWWAN-PE] unknown deliver target [OS-Agent]
05-25 09:52:11.830: I/ThermalEngine(230): Sensor:batt_temp:30400 mC
05-25 09:52:12.320: D/StatusBar.NetworkController(1112): onSignalStrengthsChanged received on slotId :0signalStrength=SignalStrength: 99 0 -120 -160 -120 -1 -1 17 -109 -13 52 2147483647 2147483647 gsm|lte level=3 cdmdlevel=0 evdolevel=0
05-25 09:52:12.830: I/ThermalEngine(230): Sensor:batt_temp:30500 mC
05-25 09:52:13.090: I/XiaomiFirewall(1982): firewall pkgName:com.miui.securitycenter, result:0x0
05-25 09:52:13.840: I/ThermalEngine(230): Sensor:batt_temp:30500 mC
05-25 09:52:14.840: I/ThermalEngine(230): Sensor:batt_temp:30400 mC
05-25 09:52:15.090: I/XiaomiFirewall(1982): firewall pkgName:com.miui.securitycenter, result:0x0
05-25 09:52:15.310: E/QCALOG(355): [MessageQ] ProcessNewMessage: [XTWiFi-PE] unknown deliver target [OS-Agent]
05-25 09:52:15.450: W/PushService(1457): 2016-05-25 09:52:15,456 - [WARN::PushService] - SMACK: Could not connect to:111.206.200.2:443
05-25 09:52:15.450: W/PushService(1457): 2016-05-25 09:52:15,461 - [WARN::PushService] - [Thread:62] begin to connect to 123.125.102.13:5222
05-25 09:52:15.450: I/XiaomiFirewall(1982): firewall pkgName:com.xiaomi.xmsf, result:0x0
05-25 09:52:15.850: I/ThermalEngine(230): Sensor:batt_temp:30600 mC
05-25 09:52:16.060: D/Ulp_jni(1046): Location CB invoked
05-25 09:52:16.070: E/MarketConnection(9022): Connection Exception for resolver.gslb.mi-idc.com :java.net.SocketTimeoutException: failed to connect to resolver.gslb.mi-idc.com/123.129.202.151 (port 80) after 10000ms
05-25 09:52:16.070: E/MarketConnection(9022): Connection failed : NETWORK_ERROR
05-25 09:52:16.130: I/XiaomiFirewall(1982): firewall pkgName:com.snail.cdb.ddui, result:0x0
05-25 09:52:16.280: E/QCALOG(355): [MessageQ] ProcessNewMessage: [XT-CS] unknown deliver target [OS-Agent]
05-25 09:52:16.290: E/QCALOG(355): [MessageQ] ProcessNewMessage: [XTWWAN-PE] unknown deliver target [OS-Agent]
05-25 09:52:16.850: I/ThermalEngine(230): Sensor:batt_temp:30500 mC
05-25 09:52:17.090: I/XiaomiFirewall(1982): firewall pkgName:com.miui.securitycenter, result:0x0
05-25 09:52:17.430: D/StatusBar.NetworkController(1112): onSignalStrengthsChanged received on slotId :0signalStrength=SignalStrength: 99 0 -120 -160 -120 -1 -1 18 -109 -11 8 2147483647 2147483647 gsm|lte level=3 cdmdlevel=0 evdolevel=0
05-25 09:52:17.860: I/ThermalEngine(230): Sensor:batt_temp:30500 mC
05-25 09:52:18.330: I/ServiceManager(276): Waiting for service AtCmdFwd...
05-25 09:52:18.860: I/ThermalEngine(230): Sensor:batt_temp:30600 mC
05-25 09:52:19.100: I/XiaomiFirewall(1982): firewall pkgName:com.miui.securitycenter, result:0x0
05-25 09:52:19.330: I/ServiceManager(276): Waiting for service AtCmdFwd...
05-25 09:52:19.810: D/dalvikvm(1046): GC_EXPLICIT freed 5038K, 13% free 26325K/30096K, paused 3ms+8ms, total 131ms
05-25 09:52:19.870: I/ThermalEngine(230): Sensor:batt_temp:30600 mC
05-25 09:52:20.310: E/QCALOG(355): [MessageQ] ProcessNewMessage: [XTWiFi-PE] unknown deliver target [OS-Agent]
05-25 09:52:20.330: I/ServiceManager(276): Waiting for service AtCmdFwd...
05-25 09:52:20.870: I/ThermalEngine(230): Sensor:batt_temp:30600 mC
05-25 09:52:20.920: I/XiaomiFirewall(1982): firewall pkgName:com.snail.cdb.ddui, result:0x0
05-25 09:52:21.030: I/TIME(3820): xxxxxxxxx======[113]
05-25 09:52:21.100: I/XiaomiFirewall(1982): firewall pkgName:com.miui.securitycenter, result:0x0
05-25 09:52:21.280: E/QCALOG(355): [MessageQ] ProcessNewMessage: [LOWI-SERVER] unknown deliver target [OS-Agent]
05-25 09:52:21.280: E/QCALOG(355): [MessageQ] ProcessNewMessage: [XT-CS] unknown deliver target [OS-Agent]
05-25 09:52:21.290: E/QCALOG(355): [MessageQ] ProcessNewMessage: [XTWWAN-PE] unknown deliver target [OS-Agent]
05-25 09:52:21.330: D/StatusBar.NetworkController(1112): onSignalStrengthsChanged received on slotId :0signalStrength=SignalStrength: 99 0 -120 -160 -120 -1 -1 18 -109 -14 54 2147483647 2147483647 gsm|lte level=3 cdmdlevel=0 evdolevel=0
05-25 09:52:21.330: I/ServiceManager(276): Waiting for service AtCmdFwd...
05-25 09:52:21.880: I/ThermalEngine(230): Sensor:batt_temp:30500 mC
05-25 09:52:22.330: I/ServiceManager(276): Waiting for service AtCmdFwd...
05-25 09:52:22.880: I/ThermalEngine(230): Sensor:batt_temp:31000 mC
05-25 09:52:23.110: I/XiaomiFirewall(1982): firewall pkgName:com.miui.securitycenter, result:0x0
05-25 09:52:23.110: D/NetworkDiagnostics_Utils(1982): CheckNetworkState:IOException:java.net.ConnectException: failed to connect to clients3.google.com/2404:6800:4005:800::200e (port 80) after 2000ms: connect failed: ENETUNREACH (Network is unreachable) ioe.Message() =failed to connect to clients3.google.com/2404:6800:4005:800::200e (port 80) after 2000ms: connect failed: ENETUNREACH (Network is unreachable)
05-25 09:52:23.110: I/NetworkDiagnostics_CheckStateManager(1982): CheckNetworkThread ret= BLOCKED
05-25 09:52:23.110: I/NetworkDiagnostics_CheckStateManager(1982): onDiagnosticsResult ret=BLOCKED
05-25 09:52:23.120: I/NetworkAssistantProvider(1982): queryFirewallState packageName:com.xiaomi.xmsf
05-25 09:52:23.240: D/dalvikvm(1046): GC_FOR_ALLOC freed 58K, 13% free 26287K/30096K, paused 105ms, total 106ms
05-25 09:52:23.240: I/dalvikvm-heap(1046): Grow heap (frag case) to 27.753MB for 65552-byte allocation
05-25 09:52:23.330: D/dalvikvm(1046): GC_FOR_ALLOC freed 1K, 13% free 26352K/30164K, paused 85ms, total 85ms
05-25 09:52:23.330: I/dalvikvm-heap(1046): Grow heap (frag case) to 27.817MB for 65552-byte allocation
05-25 09:52:23.330: W/Atfwd_Sendcmd(276): AtCmdFwd service not published, waiting... retryCnt : 3
05-25 09:52:23.330: D/PhoneStatusBar(1112): addNotification pkg=com.miui.securitycenter;basepkg=com.miui.securitycenter;id=22
05-25 09:52:23.460: W/PushService(1457): 2016-05-25 09:52:23,473 - [WARN::PushService] - SMACK: Could not connect to:123.125.102.13:5222
05-25 09:52:23.470: W/PushService(1457): 2016-05-25 09:52:23,475 - [WARN::PushService] - [Thread:62] begin to connect to 111.206.205.2:5222
05-25 09:52:23.470: I/XiaomiFirewall(1982): firewall pkgName:com.xiaomi.xmsf, result:0x0
05-25 09:52:23.890: I/ThermalEngine(230): Sensor:batt_temp:30800 mC
05-25 09:52:24.150: D/StatusBar.NetworkController(1112): onSignalStrengthsChanged received on slotId :0signalStrength=SignalStrength: 99 0 -120 -160 -120 -1 -1 19 -108 -12 84 2147483647 2147483647 gsm|lte level=3 cdmdlevel=0 evdolevel=0
05-25 09:52:24.890: I/ThermalEngine(230): Sensor:batt_temp:30500 mC
05-25 09:52:25.310: E/QCALOG(355): [MessageQ] ProcessNewMessage: [XTWiFi-PE] unknown deliver target [OS-Agent]
05-25 09:52:25.890: I/ThermalEngine(230): Sensor:batt_temp:30700 mC
05-25 09:52:26.060: D/Ulp_jni(1046): Location CB invoked
05-25 09:52:26.270: I/XiaomiFirewall(1982): firewall pkgName:com.snail.cdb.ddui, result:0x0
05-25 09:52:26.280: E/QCALOG(355): [MessageQ] ProcessNewMessage: [XT-CS] unknown deliver target [OS-Agent]
05-25 09:52:26.290: E/QCALOG(355): [MessageQ] ProcessNewMessage: [XTWWAN-PE] unknown deliver target [OS-Agent]
05-25 09:52:26.380: D/StatusBar.NetworkController(1112): onSignalStrengthsChanged received on slotId :0signalStrength=SignalStrength: 99 0 -120 -160 -120 -1 -1 19 -107 -13 98 2147483647 2147483647 gsm|lte level=3 cdmdlevel=0 evdolevel=0
05-25 09:52:26.410: I/XiaomiFirewall(1982): firewall pkgName:com.xiaomi.market, result:0x0
05-25 09:52:26.900: I/ThermalEngine(230): Sensor:batt_temp:30600 mC
05-25 09:52:27.900: I/ThermalEngine(230): Sensor:batt_temp:30600 mC
05-25 09:52:28.910: I/ThermalEngine(230): Sensor:batt_temp:30700 mC
05-25 09:52:29.430: D/dalvikvm(9956): GC_CONCURRENT freed 1928K, 13% free 19628K/22400K, paused 5ms+6ms, total 69ms
05-25 09:52:29.750: I/PowerKeeperBackgroundService(1605): onStartCommand()
05-25 09:52:29.750: I/PowerKeeperService(1605): onAlarm
05-25 09:52:29.910: I/ThermalEngine(230): Sensor:batt_temp:30900 mC
05-25 09:52:30.020: I/ActivityManager(1046): Killing 6108:com.miui.weather2/u0a28 (adj 15): empty #9
05-25 09:52:30.310: E/QCALOG(355): [MessageQ] ProcessNewMessage: [XTWiFi-PE] unknown deliver target [OS-Agent]
05-25 09:52:30.330: D/StatusBar.NetworkController(1112): onSignalStrengthsChanged received on slotId :0signalStrength=SignalStrength: 99 0 -120 -160 -120 -1 -1 19 -109 -14 68 2147483647 2147483647 gsm|lte level=3 cdmdlevel=0 evdolevel=0
05-25 09:52:30.920: I/ThermalEngine(230): Sensor:batt_temp:30600 mC
05-25 09:52:31.280: E/QCALOG(355): [MessageQ] ProcessNewMessage: [XT-CS] unknown deliver target [OS-Agent]
05-25 09:52:31.290: E/QCALOG(355): [MessageQ] ProcessNewMessage: [XTWWAN-PE] unknown deliver target [OS-Agent]
05-25 09:52:31.480: W/PushService(1457): 2016-05-25 09:52:31,486 - [WARN::PushService] - SMACK: Could not connect to:111.206.205.2:5222
05-25 09:52:31.490: W/PushService(1457): 2016-05-25 09:52:31,497 - [WARN::PushService] - [Thread:62] begin to connect to 42.62.94.2:5222
05-25 09:52:31.490: I/XiaomiFirewall(1982): firewall pkgName:com.xiaomi.xmsf, result:0x0
05-25 09:52:31.740: D/dalvikvm(1413): GC_CONCURRENT freed 1939K, 31% free 15542K/22304K, paused 4ms+4ms, total 50ms
05-25 09:52:31.920: I/ThermalEngine(230): Sensor:batt_temp:30600 mC
05-25 09:52:32.930: I/ThermalEngine(230): Sensor:batt_temp:30600 mC
05-25 09:52:33.580: I/XiaomiFirewall(1982): firewall pkgName:com.baidu.BaiduMap, result:0x0
05-25 09:52:33.590: I/XiaomiFirewall(1982): firewall pkgName:com.snail.cdb.ddui, result:0x0
05-25 09:52:33.930: I/ThermalEngine(230): Sensor:batt_temp:31300 mC
05-25 09:52:34.940: I/ThermalEngine(230): Sensor:batt_temp:30700 mC
05-25 09:52:35.310: E/QCALOG(355): [MessageQ] ProcessNewMessage: [XTWiFi-PE] unknown deliver target [OS-Agent]
05-25 09:52:35.350: D/StatusBar.NetworkController(1112): onSignalStrengthsChanged received on slotId :0signalStrength=SignalStrength: 99 0 -120 -160 -120 -1 -1 21 -108 -14 -2 2147483647 2147483647 gsm|lte level=3 cdmdlevel=0 evdolevel=0
05-25 09:52:35.940: I/ThermalEngine(230): Sensor:batt_temp:30700 mC
05-25 09:52:36.060: D/Ulp_jni(1046): Location CB invoked
05-25 09:52:36.280: E/QCALOG(355): [MessageQ] ProcessNewMessage: [XT-CS] unknown deliver target [OS-Agent]
05-25 09:52:36.290: E/QCALOG(355): [MessageQ] ProcessNewMessage: [XTWWAN-PE] unknown deliver target [OS-Agent]
05-25 09:52:36.420: I/XiaomiFirewall(1982): firewall pkgName:com.xiaomi.market, result:0x0
05-25 09:52:36.950: I/ThermalEngine(230): Sensor:batt_temp:30800 mC
05-25 09:52:37.950: I/ThermalEngine(230): Sensor:batt_temp:30600 mC
05-25 09:52:38.330: I/ServiceManager(276): Waiting for service AtCmdFwd...
05-25 09:52:38.960: I/ThermalEngine(230): Sensor:batt_temp:30900 mC
05-25 09:52:39.330: I/ServiceManager(276): Waiting for service AtCmdFwd...
05-25 09:52:39.330: D/StatusBar.NetworkController(1112): onSignalStrengthsChanged received on slotId :0signalStrength=SignalStrength: 99 0 -120 -160 -120 -1 -1 17 -109 -10 54 2147483647 2147483647 gsm|lte level=3 cdmdlevel=0 evdolevel=0
05-25 09:52:39.500: W/PushService(1457): 2016-05-25 09:52:39,508 - [WARN::PushService] - SMACK: Could not connect to:42.62.94.2:5222
05-25 09:52:39.500: W/PushService(1457): 2016-05-25 09:52:39,513 - [WARN::PushService] - [Thread:62] begin to connect to 120.134.33.29:80
05-25 09:52:39.500: I/XiaomiFirewall(1982): firewall pkgName:com.xiaomi.xmsf, result:0x0
05-25 09:52:39.960: I/ThermalEngine(230): Sensor:batt_temp:30600 mC
05-25 09:52:40.310: E/QCALOG(355): [MessageQ] ProcessNewMessage: [XTWiFi-PE] unknown deliver target [OS-Agent]
05-25 09:52:40.330: I/ServiceManager(276): Waiting for service AtCmdFwd...
05-25 09:52:40.960: I/ThermalEngine(230): Sensor:batt_temp:30800 mC
05-25 09:52:41.280: E/QCALOG(355): [MessageQ] ProcessNewMessage: [XT-CS] unknown deliver target [OS-Agent]
05-25 09:52:41.290: E/QCALOG(355): [MessageQ] ProcessNewMessage: [XTWWAN-PE] unknown deliver target [OS-Agent]
05-25 09:52:41.330: I/ServiceManager(276): Waiting for service AtCmdFwd...
05-25 09:52:41.970: I/ThermalEngine(230): Sensor:batt_temp:30700 mC
05-25 09:52:42.070: D/StatusBar.NetworkController(1112): onSignalStrengthsChanged received on slotId :0signalStrength=SignalStrength: 99 0 -120 -160 -120 -1 -1 17 -108 -10 86 2147483647 2147483647 gsm|lte level=3 cdmdlevel=0 evdolevel=0
05-25 09:52:42.330: I/ServiceManager(276): Waiting for service AtCmdFwd...
05-25 09:52:42.970: I/ThermalEngine(230): Sensor:batt_temp:30700 mC
05-25 09:52:43.330: W/Atfwd_Sendcmd(276): AtCmdFwd service not published, waiting... retryCnt : 4
05-25 09:52:43.980: I/ThermalEngine(230): Sensor:batt_temp:30700 mC
05-25 09:52:44.310: D/StatusBar.NetworkController(1112): onSignalStrengthsChanged received on slotId :0signalStrength=SignalStrength: 99 0 -120 -160 -120 -1 -1 17 -108 -11 32 2147483647 2147483647 gsm|lte level=3 cdmdlevel=0 evdolevel=0
05-25 09:52:44.980: I/ThermalEngine(230): Sensor:batt_temp:30700 mC
05-25 09:52:45.310: E/QCALOG(355): [MessageQ] ProcessNewMessage: [XTWiFi-PE] unknown deliver target [OS-Agent]
05-25 09:52:45.990: I/ThermalEngine(230): Sensor:batt_temp:30600 mC
05-25 09:52:46.060: D/Ulp_jni(1046): Location CB invoked
05-25 09:52:46.280: E/QCALOG(355): [MessageQ] ProcessNewMessage: [XT-CS] unknown deliver target [OS-Agent]
05-25 09:52:46.290: E/QCALOG(355): [MessageQ] ProcessNewMessage: [XTWWAN-PE] unknown deliver target [OS-Agent]
05-25 09:52:46.430: I/XiaomiFirewall(1982): firewall pkgName:com.xiaomi.market, result:0x0
05-25 09:52:46.990: I/ThermalEngine(230): Sensor:batt_temp:30700 mC
05-25 09:52:47.510: W/PushService(1457): 2016-05-25 09:52:47,523 - [WARN::PushService] - SMACK: Could not connect to:120.134.33.29:80
05-25 09:52:47.520: W/PushService(1457): 2016-05-25 09:52:47,526 - [WARN::PushService] - [Thread:62] begin to connect to app.chat.xiaomi.net
05-25 09:52:47.520: I/XiaomiFirewall(1982): firewall pkgName:com.xiaomi.xmsf, result:0x0
05-25 09:52:48.000: I/ThermalEngine(230): Sensor:batt_temp:31100 mC
05-25 09:52:48.330: D/StatusBar.NetworkController(1112): onSignalStrengthsChanged received on slotId :0signalStrength=SignalStrength: 99 0 -120 -160 -120 -1 -1 17 -108 -10 62 2147483647 2147483647 gsm|lte level=3 cdmdlevel=0 evdolevel=0
05-25 09:52:49.000: I/ThermalEngine(230): Sensor:batt_temp:31000 mC
05-25 09:52:50.010: I/ThermalEngine(230): Sensor:batt_temp:30700 mC
05-25 09:52:50.310: E/QCALOG(355): [MessageQ] ProcessNewMessage: [XTWiFi-PE] unknown deliver target [OS-Agent]
05-25 09:52:51.010: I/ThermalEngine(230): Sensor:batt_temp:30700 mC
05-25 09:52:51.030: I/XiaomiFirewall(1982): firewall pkgName:com.snail.cdb.ddui, result:0x0
05-25 09:52:51.130: I/TIME(3820): xxxxxxxxx======[100]
05-25 09:52:51.280: E/QCALOG(355): [MessageQ] ProcessNewMessage: [XT-CS] unknown deliver target [OS-Agent]
05-25 09:52:51.290: E/QCALOG(355): [MessageQ] ProcessNewMessage: [XTWWAN-PE] unknown deliver target [OS-Agent]
05-25 09:52:52.020: I/ThermalEngine(230): Sensor:batt_temp:30700 mC
05-25 09:52:52.270: I/XiaomiFirewall(1982): firewall pkgName:com.miui.securitycenter, result:0x0
05-25 09:52:53.020: I/ThermalEngine(230): Sensor:batt_temp:31000 mC
05-25 09:52:53.270: D/StatusBar.NetworkController(1112): onSignalStrengthsChanged received on slotId :0signalStrength=SignalStrength: 99 0 -120 -160 -120 -1 -1 20 -108 -14 62 2147483647 2147483647 gsm|lte level=3 cdmdlevel=0 evdolevel=0
05-25 09:52:54.020: I/ThermalEngine(230): Sensor:batt_temp:30700 mC
05-25 09:52:55.030: I/ThermalEngine(230): Sensor:batt_temp:30900 mC
05-25 09:52:55.310: E/QCALOG(355): [MessageQ] ProcessNewMessage: [XTWiFi-PE] unknown deliver target [OS-Agent]
05-25 09:52:55.530: W/PushService(1457): 2016-05-25 09:52:55,538 - [WARN::PushService] - SMACK: Could not connect to:app.chat.xiaomi.net
05-25 09:52:55.630: W/PushService(1457): 2016-05-25 09:52:55,634 - [WARN::PushService] - fail to create xmpp connection
05-25 09:52:55.630: W/PushService(1457): SMACK: Could not connect to 111.206.200.2:443 port:5222 failed to connect to /111.206.200.2 (port 443) after 8000ms
05-25 09:52:55.630: W/PushService(1457): SMACK: Could not connect to 123.125.102.13:5222 port:5222 failed to connect to /123.125.102.13 (port 5222) after 8000ms
05-25 09:52:55.630: W/PushService(1457): SMACK: Could not connect to 111.206.205.2:5222 port:5222 failed to connect to /111.206.205.2 (port 5222) after 8000ms
05-25 09:52:55.630: W/PushService(1457): SMACK: Could not connect to 42.62.94.2:5222 port:5222 failed to connect to /42.62.94.2 (port 5222) after 8000ms
05-25 09:52:55.630: W/PushService(1457): SMACK: Could not connect to 120.134.33.29:80 port:5222 failed to connect to /120.134.33.29 (port 80) after 8000ms
05-25 09:52:55.630: W/PushService(1457): SMACK: Could not connect to app.chat.xiaomi.net port:5222 failed to connect to app.chat.xiaomi.net/111.206.200.2 (port 5222) after 8000ms
05-25 09:52:55.630: W/PushService(1457): :
05-25 09:52:55.630: W/PushService(1457): 	at com.xiaomi.smack.XMPPConnection.connectDirectly(XMPPConnection.java:416)
05-25 09:52:55.630: W/PushService(1457): 	at com.xiaomi.smack.XMPPConnection.connectUsingConfiguration(XMPPConnection.java:322)
05-25 09:52:55.630: W/PushService(1457): 	at com.xiaomi.smack.XMPPConnection.connect(XMPPConnection.java:499)
05-25 09:52:55.630: W/PushService(1457): 	at com.xiaomi.push.service.XMPushService.connectByXMPP(XMPushService.java:1143)
05-25 09:52:55.630: W/PushService(1457): 	at com.xiaomi.push.service.XMPushService.connect(XMPushService.java:1121)
05-25 09:52:55.630: W/PushService(1457): 	at com.xiaomi.push.service.XMPushService.access$800(XMPushService.java:70)
05-25 09:52:55.630: W/PushService(1457): 	at com.xiaomi.push.service.XMPushService$ConnectJob.process(XMPushService.java:1410)
05-25 09:52:55.630: W/PushService(1457): 	at com.xiaomi.push.service.XMPushService$Job.run(XMPushService.java:1213)
05-25 09:52:55.630: W/PushService(1457): 	at com.xiaomi.push.service.JobScheduler$SchedulerImpl.run(JobScheduler.java:389)
05-25 09:52:55.630: W/PushService(1457): 2016-05-25 09:52:55,636 - [WARN::PushService] - [Thread:62] update the connection status. connecting -> disconnected : ERROR_NETWORK_FAILED
05-25 09:52:55.630: W/PushService(1457): 2016-05-25 09:52:55,637 - [WARN::PushService] - [Thread:62] schedule reconnect in 10000ms
05-25 09:52:55.630: I/TrafficManageService(1982): mExtraNetworkReceiver tag = miui.intent.action.NETWORK_BLOCKED
05-25 09:52:55.630: I/NetworkDiagnostics_CheckStateManager(1982): networkBlocked
05-25 09:52:56.030: I/ThermalEngine(230): Sensor:batt_temp:31000 mC
05-25 09:52:56.280: E/QCALOG(355): [MessageQ] ProcessNewMessage: [XT-CS] unknown deliver target [OS-Agent]
05-25 09:52:56.290: E/QCALOG(355): [MessageQ] ProcessNewMessage: [XTWWAN-PE] unknown deliver target [OS-Agent]
05-25 09:52:56.440: E/MarketConnection(9022): Connection Exception for resolver.gslb.mi-idc.com :java.net.SocketTimeoutException: failed to connect to resolver.gslb.mi-idc.com/42.62.48.186 (port 80) after 10000ms
05-25 09:52:56.440: E/MarketConnection(9022): Connection failed : NETWORK_ERROR
05-25 09:52:56.440: I/ActivityManager(1046): Killing 9811:com.xiaomi.shop:remote/u0a90 (adj 15): empty #9
05-25 09:52:57.040: I/ThermalEngine(230): Sensor:batt_temp:30900 mC
05-25 09:52:57.340: D/StatusBar.NetworkController(1112): onSignalStrengthsChanged received on slotId :0signalStrength=SignalStrength: 99 0 -120 -160 -120 -1 -1 17 -108 -10 56 2147483647 2147483647 gsm|lte level=3 cdmdlevel=0 evdolevel=0
05-25 09:52:58.040: I/ThermalEngine(230): Sensor:batt_temp:30700 mC
05-25 09:52:59.050: I/ThermalEngine(230): Sensor:batt_temp:31000 mC
05-25 09:52:59.990: D/StatusBar.NetworkController(1112): onSignalStrengthsChanged received on slotId :0signalStrength=SignalStrength: 99 0 -120 -160 -120 -1 -1 19 -108 -10 28 2147483647 2147483647 gsm|lte level=3 cdmdlevel=0 evdolevel=0
05-25 09:53:00.050: I/ThermalEngine(230): Sensor:batt_temp:30900 mC
05-25 09:53:00.310: E/QCALOG(355): [MessageQ] ProcessNewMessage: [XTWiFi-PE] unknown deliver target [OS-Agent]
05-25 09:53:01.060: I/ThermalEngine(230): Sensor:batt_temp:30800 mC
05-25 09:53:01.280: E/QCALOG(355): [MessageQ] ProcessNewMessage: [XT-CS] unknown deliver target [OS-Agent]
05-25 09:53:01.290: E/QCALOG(355): [MessageQ] ProcessNewMessage: [XTWWAN-PE] unknown deliver target [OS-Agent]
05-25 09:53:02.060: I/ThermalEngine(230): Sensor:batt_temp:31100 mC
05-25 09:53:02.230: D/StatusBar.NetworkController(1112): onSignalStrengthsChanged received on slotId :0signalStrength=SignalStrength: 99 0 -120 -160 -120 -1 -1 17 -108 -10 58 2147483647 2147483647 gsm|lte level=3 cdmdlevel=0 evdolevel=0
05-25 09:53:03.070: I/ThermalEngine(230): Sensor:batt_temp:30900 mC
05-25 09:53:03.330: I/ServiceManager(276): Waiting for service AtCmdFwd...
05-25 09:53:03.960: I/XiaomiFirewall(1982): firewall pkgName:com.baidu.BaiduMap, result:0x0
05-25 09:53:03.970: I/XiaomiFirewall(1982): firewall pkgName:com.snail.cdb.ddui, result:0x0
05-25 09:53:04.070: I/ThermalEngine(230): Sensor:batt_temp:31300 mC
05-25 09:53:04.330: I/ServiceManager(276): Waiting for service AtCmdFwd...
05-25 09:53:05.070: I/ThermalEngine(230): Sensor:batt_temp:30900 mC
05-25 09:53:05.310: E/QCALOG(355): [MessageQ] ProcessNewMessage: [XTWiFi-PE] unknown deliver target [OS-Agent]
05-25 09:53:05.330: I/ServiceManager(276): Waiting for service AtCmdFwd...
05-25 09:53:05.630: W/PushService(1457): 2016-05-25 09:53:05,638 - [WARN::PushService] - [Thread:62] JOB: do reconnect..
05-25 09:53:05.630: W/PushService(1457): 2016-05-25 09:53:05,641 - [WARN::PushService] - [Thread:62] update the connection status. disconnected -> connecting : ERROR_OK
05-25 09:53:05.640: W/PushService(1457): 2016-05-25 09:53:05,646 - [WARN::PushService] - [Thread:62] begin to connect to 111.206.200.2:443
05-25 09:53:05.640: I/XiaomiFirewall(1982): firewall pkgName:com.xiaomi.xmsf, result:0x0
05-25 09:53:06.060: D/Ulp_jni(1046): Location CB invoked
05-25 09:53:06.080: I/ThermalEngine(230): Sensor:batt_temp:31100 mC
05-25 09:53:06.280: E/QCALOG(355): [MessageQ] ProcessNewMessage: [XT-CS] unknown deliver target [OS-Agent]
05-25 09:53:06.290: E/QCALOG(355): [MessageQ] ProcessNewMessage: [XTWWAN-PE] unknown deliver target [OS-Agent]
05-25 09:53:06.330: I/ServiceManager(276): Waiting for service AtCmdFwd...
05-25 09:53:06.340: D/StatusBar.NetworkController(1112): onSignalStrengthsChanged received on slotId :0signalStrength=SignalStrength: 99 0 -120 -160 -120 -1 -1 17 -108 -10 68 2147483647 2147483647 gsm|lte level=3 cdmdlevel=0 evdolevel=0
05-25 09:53:06.510: I/XiaomiFirewall(1982): firewall pkgName:android, result:0x0
05-25 09:53:07.080: I/ThermalEngine(230): Sensor:batt_temp:30800 mC
05-25 09:53:07.330: I/ServiceManager(276): Waiting for service AtCmdFwd...
05-25 09:53:08.090: I/ThermalEngine(230): Sensor:batt_temp:30800 mC
05-25 09:53:08.330: W/Atfwd_Sendcmd(276): AtCmdFwd service not published, waiting... retryCnt : 5
05-25 09:53:09.090: I/ThermalEngine(230): Sensor:batt_temp:31100 mC
05-25 09:53:10.100: I/ThermalEngine(230): Sensor:batt_temp:30800 mC
05-25 09:53:10.310: E/QCALOG(355): [MessageQ] ProcessNewMessage: [XTWiFi-PE] unknown deliver target [OS-Agent]
05-25 09:53:11.100: I/ThermalEngine(230): Sensor:batt_temp:30900 mC
05-25 09:53:11.190: D/StatusBar.NetworkController(1112): onSignalStrengthsChanged received on slotId :0signalStrength=SignalStrength: 99 0 -120 -160 -120 -1 -1 17 -108 -10 90 2147483647 2147483647 gsm|lte level=3 cdmdlevel=0 evdolevel=0
05-25 09:53:11.280: E/QCALOG(355): [MessageQ] ProcessNewMessage: [XT-CS] unknown deliver target [OS-Agent]
05-25 09:53:11.290: E/QCALOG(355): [MessageQ] ProcessNewMessage: [XTWWAN-PE] unknown deliver target [OS-Agent]
05-25 09:53:12.110: I/ThermalEngine(230): Sensor:batt_temp:30800 mC
05-25 09:53:13.110: I/ThermalEngine(230): Sensor:batt_temp:31200 mC
05-25 09:53:13.650: W/PushService(1457): 2016-05-25 09:53:13,656 - [WARN::PushService] - SMACK: Could not connect to:111.206.200.2:443
05-25 09:53:13.650: W/PushService(1457): 2016-05-25 09:53:13,659 - [WARN::PushService] - [Thread:62] begin to connect to 123.125.102.13:5222
05-25 09:53:13.650: I/XiaomiFirewall(1982): firewall pkgName:com.xiaomi.xmsf, result:0x0
05-25 09:53:14.120: I/ThermalEngine(230): Sensor:batt_temp:30800 mC
05-25 09:53:15.120: I/ThermalEngine(230): Sensor:batt_temp:31400 mC
05-25 09:53:15.310: E/QCALOG(355): [MessageQ] ProcessNewMessage: [XTWiFi-PE] unknown deliver target [OS-Agent]
05-25 09:53:15.340: D/StatusBar.NetworkController(1112): onSignalStrengthsChanged received on slotId :0signalStrength=SignalStrength: 99 0 -120 -160 -120 -1 -1 17 -108 -10 66 2147483647 2147483647 gsm|lte level=3 cdmdlevel=0 evdolevel=0
05-25 09:53:16.060: D/Ulp_jni(1046): Location CB invoked
05-25 09:53:16.130: I/ThermalEngine(230): Sensor:batt_temp:30800 mC
05-25 09:53:16.280: E/QCALOG(355): [MessageQ] ProcessNewMessage: [XT-CS] unknown deliver target [OS-Agent]
05-25 09:53:16.290: E/QCALOG(355): [MessageQ] ProcessNewMessage: [XTWWAN-PE] unknown deliver target [OS-Agent]
05-25 09:53:17.130: I/ThermalEngine(230): Sensor:batt_temp:31000 mC
05-25 09:53:17.770: D/dalvikvm(9956): GC_CONCURRENT freed 1931K, 13% free 19619K/22400K, paused 6ms+8ms, total 72ms
05-25 09:53:17.900: D/StatusBar.NetworkController(1112): onSignalStrengthsChanged received on slotId :0signalStrength=SignalStrength: 99 0 -120 -160 -120 -1 -1 17 -108 -10 40 2147483647 2147483647 gsm|lte level=3 cdmdlevel=0 evdolevel=0
05-25 09:53:18.140: I/ThermalEngine(230): Sensor:batt_temp:30800 mC
05-25 09:53:19.140: I/ThermalEngine(230): Sensor:batt_temp:31000 mC
05-25 09:53:20.150: I/ThermalEngine(230): Sensor:batt_temp:31100 mC
05-25 09:53:20.310: E/QCALOG(355): [MessageQ] ProcessNewMessage: [XTWiFi-PE] unknown deliver target [OS-Agent]
05-25 09:53:21.140: I/XiaomiFirewall(1982): firewall pkgName:com.snail.cdb.ddui, result:0x0
05-25 09:53:21.150: I/ThermalEngine(230): Sensor:batt_temp:31000 mC
05-25 09:53:21.260: I/TIME(3820): xxxxxxxxx======[126]
05-25 09:53:21.280: E/QCALOG(355): [MessageQ] ProcessNewMessage: [LOWI-SERVER] unknown deliver target [OS-Agent]
05-25 09:53:21.280: E/QCALOG(355): [MessageQ] ProcessNewMessage: [XT-CS] unknown deliver target [OS-Agent]
05-25 09:53:21.290: E/QCALOG(355): [MessageQ] ProcessNewMessage: [XTWWAN-PE] unknown deliver target [OS-Agent]
05-25 09:53:21.660: W/PushService(1457): 2016-05-25 09:53:21,671 - [WARN::PushService] - SMACK: Could not connect to:123.125.102.13:5222
05-25 09:53:21.660: W/PushService(1457): 2016-05-25 09:53:21,672 - [WARN::PushService] - [Thread:62] begin to connect to 111.206.205.2:5222
05-25 09:53:21.660: I/XiaomiFirewall(1982): firewall pkgName:com.xiaomi.xmsf, result:0x0
05-25 09:53:22.150: I/ThermalEngine(230): Sensor:batt_temp:30900 mC
05-25 09:53:23.160: I/ThermalEngine(230): Sensor:batt_temp:30900 mC
05-25 09:53:24.160: I/ThermalEngine(230): Sensor:batt_temp:31000 mC
05-25 09:53:24.340: D/StatusBar.NetworkController(1112): onSignalStrengthsChanged received on slotId :0signalStrength=SignalStrength: 99 0 -120 -160 -120 -1 -1 17 -108 -10 68 2147483647 2147483647 gsm|lte level=3 cdmdlevel=0 evdolevel=0
05-25 09:53:25.170: I/ThermalEngine(230): Sensor:batt_temp:31200 mC
05-25 09:53:25.310: E/QCALOG(355): [MessageQ] ProcessNewMessage: [XTWiFi-PE] unknown deliver target [OS-Agent]
05-25 09:53:26.060: D/Ulp_jni(1046): Location CB invoked
05-25 09:53:26.170: I/ThermalEngine(230): Sensor:batt_temp:31100 mC
05-25 09:53:26.280: E/QCALOG(355): [MessageQ] ProcessNewMessage: [XT-CS] unknown deliver target [OS-Agent]
05-25 09:53:26.290: E/QCALOG(355): [MessageQ] ProcessNewMessage: [XTWWAN-PE] unknown deliver target [OS-Agent]
05-25 09:53:26.870: D/StatusBar.NetworkController(1112): onSignalStrengthsChanged received on slotId :0signalStrength=SignalStrength: 99 0 -120 -160 -120 -1 -1 17 -108 -11 54 2147483647 2147483647 gsm|lte level=3 cdmdlevel=0 evdolevel=0
05-25 09:53:27.180: I/ThermalEngine(230): Sensor:batt_temp:31000 mC
05-25 09:53:28.180: I/ThermalEngine(230): Sensor:batt_temp:30900 mC
05-25 09:53:29.190: I/ThermalEngine(230): Sensor:batt_temp:31000 mC
05-25 09:53:29.670: W/PushService(1457): 2016-05-25 09:53:29,676 - [WARN::PushService] - SMACK: Could not connect to:111.206.205.2:5222
05-25 09:53:29.670: W/PushService(1457): 2016-05-25 09:53:29,680 - [WARN::PushService] - [Thread:62] begin to connect to 42.62.94.2:5222
05-25 09:53:29.670: I/XiaomiFirewall(1982): firewall pkgName:com.xiaomi.xmsf, result:0x0
05-25 09:53:30.190: I/ThermalEngine(230): Sensor:batt_temp:31200 mC
05-25 09:53:30.310: E/QCALOG(355): [MessageQ] ProcessNewMessage: [XTWiFi-PE] unknown deliver target [OS-Agent]
05-25 09:53:31.200: I/ThermalEngine(230): Sensor:batt_temp:31000 mC
05-25 09:53:31.280: E/QCALOG(355): [MessageQ] ProcessNewMessage: [XT-CS] unknown deliver target [OS-Agent]
05-25 09:53:31.290: E/QCALOG(355): [MessageQ] ProcessNewMessage: [XTWWAN-PE] unknown deliver target [OS-Agent]
05-25 09:53:31.880: I/XiaomiFirewall(1982): firewall pkgName:com.baidu.BaiduMap, result:0x0
05-25 09:53:31.890: I/XiaomiFirewall(1982): firewall pkgName:com.snail.cdb.ddui, result:0x0
05-25 09:53:32.200: I/ThermalEngine(230): Sensor:batt_temp:32000 mC
05-25 09:53:33.200: I/ThermalEngine(230): Sensor:batt_temp:31000 mC
05-25 09:53:33.330: I/Atfwd_Sendcmd(276): AtCmdFwd service not ready - Exhausted retry attempts - :6
05-25 09:53:33.330: I/Atfwd_Daemon(276): result : -1 	 ,Init step :2 	 ,qmiErrorCode: 0
05-25 09:53:33.340: D/StatusBar.NetworkController(1112): onSignalStrengthsChanged received on slotId :0signalStrength=SignalStrength: 99 0 -120 -160 -120 -1 -1 17 -108 -10 74 2147483647 2147483647 gsm|lte level=3 cdmdlevel=0 evdolevel=0
05-25 09:53:34.210: I/ThermalEngine(230): Sensor:batt_temp:31000 mC
05-25 09:53:35.210: I/ThermalEngine(230): Sensor:batt_temp:31600 mC
05-25 09:53:35.310: E/QCALOG(355): [MessageQ] ProcessNewMessage: [XTWiFi-PE] unknown deliver target [OS-Agent]
05-25 09:53:35.830: D/StatusBar.NetworkController(1112): onSignalStrengthsChanged received on slotId :0signalStrength=SignalStrength: 99 0 -120 -160 -120 -1 -1 17 -108 -10 42 2147483647 2147483647 gsm|lte level=3 cdmdlevel=0 evdolevel=0
05-25 09:53:36.060: D/Ulp_jni(1046): Location CB invoked
05-25 09:53:36.220: I/ThermalEngine(230): Sensor:batt_temp:31000 mC
05-25 09:53:36.280: E/QCALOG(355): [MessageQ] ProcessNewMessage: [XT-CS] unknown deliver target [OS-Agent]
05-25 09:53:36.290: E/QCALOG(355): [MessageQ] ProcessNewMessage: [XTWWAN-PE] unknown deliver target [OS-Agent]
05-25 09:53:37.220: I/ThermalEngine(230): Sensor:batt_temp:31000 mC
05-25 09:53:37.680: W/PushService(1457): 2016-05-25 09:53:37,691 - [WARN::PushService] - SMACK: Could not connect to:42.62.94.2:5222
05-25 09:53:37.690: W/PushService(1457): 2016-05-25 09:53:37,694 - [WARN::PushService] - [Thread:62] begin to connect to 120.134.33.29:80
05-25 09:53:37.690: I/XiaomiFirewall(1982): firewall pkgName:com.xiaomi.xmsf, result:0x0
05-25 09:53:38.070: D/StatusBar.NetworkController(1112): onSignalStrengthsChanged received on slotId :0signalStrength=SignalStrength: 99 0 -120 -160 -120 -1 -1 17 -108 -10 32 2147483647 2147483647 gsm|lte level=3 cdmdlevel=0 evdolevel=0
05-25 09:53:38.230: I/ThermalEngine(230): Sensor:batt_temp:31100 mC
05-25 09:53:39.230: I/ThermalEngine(230): Sensor:batt_temp:31200 mC
05-25 09:53:40.240: I/ThermalEngine(230): Sensor:batt_temp:31100 mC
05-25 09:53:40.310: E/QCALOG(355): [MessageQ] ProcessNewMessage: [XTWiFi-PE] unknown deliver target [OS-Agent]
05-25 09:53:40.810: D/dalvikvm(1413): GC_CONCURRENT freed 1976K, 31% free 15540K/22304K, paused 8ms+11ms, total 40ms
05-25 09:53:41.070: D/dalvikvm(3820): GC_FOR_ALLOC freed 1421K, 25% free 19568K/25908K, paused 41ms, total 42ms
05-25 09:53:41.240: I/ThermalEngine(230): Sensor:batt_temp:31000 mC
05-25 09:53:41.280: E/QCALOG(355): [MessageQ] ProcessNewMessage: [XT-CS] unknown deliver target [OS-Agent]
05-25 09:53:41.290: E/QCALOG(355): [MessageQ] ProcessNewMessage: [XTWWAN-PE] unknown deliver target [OS-Agent]
05-25 09:53:42.250: I/ThermalEngine(230): Sensor:batt_temp:31000 mC
05-25 09:53:42.340: D/StatusBar.NetworkController(1112): onSignalStrengthsChanged received on slotId :0signalStrength=SignalStrength: 99 0 -120 -160 -120 -1 -1 17 -108 -10 76 2147483647 2147483647 gsm|lte level=3 cdmdlevel=0 evdolevel=0
05-25 09:53:43.250: I/ThermalEngine(230): Sensor:batt_temp:31000 mC
05-25 09:53:44.260: I/ThermalEngine(230): Sensor:batt_temp:31000 mC
05-25 09:53:44.790: D/StatusBar.NetworkController(1112): onSignalStrengthsChanged received on slotId :0signalStrength=SignalStrength: 99 0 -120 -160 -120 -1 -1 17 -109 -10 26 2147483647 2147483647 gsm|lte level=3 cdmdlevel=0 evdolevel=0
05-25 09:53:45.260: I/ThermalEngine(230): Sensor:batt_temp:30900 mC
05-25 09:53:45.310: E/QCALOG(355): [MessageQ] ProcessNewMessage: [XTWiFi-PE] unknown deliver target [OS-Agent]
05-25 09:53:45.700: W/PushService(1457): 2016-05-25 09:53:45,707 - [WARN::PushService] - SMACK: Could not connect to:120.134.33.29:80
05-25 09:53:45.700: W/PushService(1457): 2016-05-25 09:53:45,710 - [WARN::PushService] - [Thread:62] begin to connect to app.chat.xiaomi.net
05-25 09:53:45.700: I/XiaomiFirewall(1982): firewall pkgName:com.xiaomi.xmsf, result:0x0
05-25 09:53:46.060: D/Ulp_jni(1046): Location CB invoked
05-25 09:53:46.260: I/ThermalEngine(230): Sensor:batt_temp:31100 mC
05-25 09:53:46.280: E/QCALOG(355): [MessageQ] ProcessNewMessage: [XT-CS] unknown deliver target [OS-Agent]
05-25 09:53:46.290: E/QCALOG(355): [MessageQ] ProcessNewMessage: [XTWWAN-PE] unknown deliver target [OS-Agent]
05-25 09:53:47.030: D/StatusBar.NetworkController(1112): onSignalStrengthsChanged received on slotId :0signalStrength=SignalStrength: 99 0 -120 -160 -120 -1 -1 17 -109 -10 68 2147483647 2147483647 gsm|lte level=3 cdmdlevel=0 evdolevel=0
05-25 09:53:47.270: I/ThermalEngine(230): Sensor:batt_temp:31100 mC
